Archive member included to satisfy reference by file (symbol)

D:/NXP/S32DS_Power_v2.1/S32DS/build_tools/e200_ewl2/lib/e200z4/fp\libc99.a(strcmp.o)
                              ./Sources/main.o (strcmp)
D:/NXP/S32DS_Power_v2.1/S32DS/build_tools/e200_ewl2/lib/e200z4/fp\libc99.a(strlen.o)
                              ./Sources/main.o (strlen)
d:/nxp/s32ds_power_v2.1/s32ds/build_tools/powerpc-eabivle-4_9/bin/../lib/gcc/powerpc-eabivle/4.9.4/e200z4/fp\libgcc.a(eabivle.o)
                              ./Sources/main.o (__eabi)

Discarded input sections

 .text          0x00000000        0x0 d:/nxp/s32ds_power_v2.1/s32ds/build_tools/powerpc-eabivle-4_9/bin/../lib/gcc/powerpc-eabivle/4.9.4/e200z4/fp/ecrti.o
 .data          0x00000000        0x0 d:/nxp/s32ds_power_v2.1/s32ds/build_tools/powerpc-eabivle-4_9/bin/../lib/gcc/powerpc-eabivle/4.9.4/e200z4/fp/ecrti.o
 .bss           0x00000000        0x0 d:/nxp/s32ds_power_v2.1/s32ds/build_tools/powerpc-eabivle-4_9/bin/../lib/gcc/powerpc-eabivle/4.9.4/e200z4/fp/ecrti.o
 .fixup         0x00000000        0x0 d:/nxp/s32ds_power_v2.1/s32ds/build_tools/powerpc-eabivle-4_9/bin/../lib/gcc/powerpc-eabivle/4.9.4/e200z4/fp/ecrti.o
 .sbss          0x00000000        0x0 d:/nxp/s32ds_power_v2.1/s32ds/build_tools/powerpc-eabivle-4_9/bin/../lib/gcc/powerpc-eabivle/4.9.4/e200z4/fp/ecrti.o
 .sbss2         0x00000000        0x0 d:/nxp/s32ds_power_v2.1/s32ds/build_tools/powerpc-eabivle-4_9/bin/../lib/gcc/powerpc-eabivle/4.9.4/e200z4/fp/ecrti.o
 .gcc_except_table
                0x00000000        0x0 d:/nxp/s32ds_power_v2.1/s32ds/build_tools/powerpc-eabivle-4_9/bin/../lib/gcc/powerpc-eabivle/4.9.4/e200z4/fp/ecrti.o
 .data          0x00000000        0x4 d:/nxp/s32ds_power_v2.1/s32ds/build_tools/powerpc-eabivle-4_9/bin/../lib/gcc/powerpc-eabivle/4.9.4/e200z4/fp/crtbegin.o
 .group         0x00000000        0x8 ./Generated_Code/Cpu.o
 .group         0x00000000        0x8 ./Generated_Code/Cpu.o
 .group         0x00000000        0x8 ./Generated_Code/Cpu.o
 .group         0x00000000        0x8 ./Generated_Code/Cpu.o
 .group         0x00000000        0x8 ./Generated_Code/Cpu.o
 .group         0x00000000        0x8 ./Generated_Code/Cpu.o
 .group         0x00000000        0x8 ./Generated_Code/Cpu.o
 .group         0x00000000        0x8 ./Generated_Code/Cpu.o
 .group         0x00000000        0x8 ./Generated_Code/Cpu.o
 .group         0x00000000        0x8 ./Generated_Code/Cpu.o
 .group         0x00000000        0x8 ./Generated_Code/Cpu.o
 .group         0x00000000        0x8 ./Generated_Code/Cpu.o
 .group         0x00000000        0x8 ./Generated_Code/Cpu.o
 .group         0x00000000        0x8 ./Generated_Code/Cpu.o
 .group         0x00000000        0x8 ./Generated_Code/Cpu.o
 .group         0x00000000        0x8 ./Generated_Code/Cpu.o
 .group         0x00000000        0x8 ./Generated_Code/Cpu.o
 .group         0x00000000        0x8 ./Generated_Code/Cpu.o
 .group         0x00000000        0x8 ./Generated_Code/Cpu.o
 .group         0x00000000        0x8 ./Generated_Code/Cpu.o
 .group         0x00000000        0x8 ./Generated_Code/Cpu.o
 .group         0x00000000        0x8 ./Generated_Code/Cpu.o
 .group         0x00000000        0x8 ./Generated_Code/Cpu.o
 .group         0x00000000        0x8 ./Generated_Code/Cpu.o
 .group         0x00000000        0x8 ./Generated_Code/Cpu.o
 .group         0x00000000        0x8 ./Generated_Code/Cpu.o
 .group         0x00000000        0x8 ./Generated_Code/Cpu.o
 .group         0x00000000        0x8 ./Generated_Code/Cpu.o
 .group         0x00000000        0x8 ./Generated_Code/Cpu.o
 .text          0x00000000        0x0 ./Generated_Code/Cpu.o
 .data          0x00000000        0x0 ./Generated_Code/Cpu.o
 .bss           0x00000000        0x0 ./Generated_Code/Cpu.o
 .debug_info    0x00000000       0x76 ./Generated_Code/Cpu.o
 .debug_abbrev  0x00000000       0x29 ./Generated_Code/Cpu.o
 .debug_aranges
                0x00000000       0x18 ./Generated_Code/Cpu.o
 .debug_macro   0x00000000      0x1f6 ./Generated_Code/Cpu.o
 .debug_macro   0x00000000      0x61c ./Generated_Code/Cpu.o
 .debug_macro   0x00000000       0x52 ./Generated_Code/Cpu.o
 .debug_macro   0x00000000       0xa0 ./Generated_Code/Cpu.o
 .debug_macro   0x00000000       0x16 ./Generated_Code/Cpu.o
 .debug_macro   0x00000000       0x11 ./Generated_Code/Cpu.o
 .debug_macro   0x00000000       0x75 ./Generated_Code/Cpu.o
 .debug_macro   0x00000000       0x16 ./Generated_Code/Cpu.o
 .debug_macro   0x00000000       0x5e ./Generated_Code/Cpu.o
 .debug_macro   0x00000000      0x1aa ./Generated_Code/Cpu.o
 .debug_macro   0x00000000      0x13a ./Generated_Code/Cpu.o
 .debug_macro   0x00000000       0x9d ./Generated_Code/Cpu.o
 .debug_macro   0x00000000       0x10 ./Generated_Code/Cpu.o
 .debug_macro   0x00000000      0x15b ./Generated_Code/Cpu.o
 .debug_macro   0x00000000       0x28 ./Generated_Code/Cpu.o
 .debug_macro   0x00000000       0x58 ./Generated_Code/Cpu.o
[...]
Memory Configuration

Name             Origin             Length             Attributes
flash_rchw       0x00fa0000         0x00000004
cpu0_reset_vec   0x00fa0010         0x00000004
cpu1_reset_vec   0x00fa0014         0x00000004
cpu2_reset_vec   0x00fa0004         0x00000004
m_text           0x01000000         0x001d0000
m_data           0x40000000         0x00040000
*default*        0x00000000         0xffffffff

Linker script and memory map

LOAD d:/nxp/s32ds_power_v2.1/s32ds/build_tools/powerpc-eabivle-4_9/bin/../lib/gcc/powerpc-eabivle/4.9.4/e200z4/fp/ecrti.o
LOAD d:/nxp/s32ds_power_v2.1/s32ds/build_tools/powerpc-eabivle-4_9/bin/../lib/gcc/powerpc-eabivle/4.9.4/e200z4/fp/crtbegin.o
LOAD ./Generated_Code/Cpu.o
LOAD ./Generated_Code/clockMan1.o
LOAD ./Generated_Code/dmaController1.o
LOAD ./Generated_Code/pin_mux.o
LOAD ./Generated_Code/uart_pal1.o
LOAD ./Project_Settings/Startup_Code/core0_intc_sw_handlers.o
LOAD ./Project_Settings/Startup_Code/interrupt_vectors.o
LOAD ./Project_Settings/Startup_Code/startup_MPC5748G.o
LOAD ./SDK/platform/devices/MPC5748G/startup/system_MPC5748G.o
LOAD ./SDK/platform/devices/startup.o
LOAD ./SDK/platform/drivers/src/clock/MPC57xx/clock_MPC57xx.o
LOAD ./SDK/platform/drivers/src/edma/edma_driver.o
LOAD ./SDK/platform/drivers/src/edma/edma_hw_access.o
LOAD ./SDK/platform/drivers/src/edma/edma_irq.o
LOAD ./SDK/platform/drivers/src/interrupt/interrupt_manager_MPC57xx.o
LOAD ./SDK/platform/drivers/src/linflexd/linflexd_uart_driver.o
LOAD ./SDK/platform/drivers/src/linflexd/linflexd_uart_irq.o
LOAD ./SDK/platform/drivers/src/pins/siul2/pins_siul2_driver.o
LOAD ./SDK/platform/drivers/src/pins/siul2/siul2_hw_access.o
LOAD ./SDK/platform/pal/src/uart/uart_pal.o
LOAD ./SDK/rtos/osif/osif_baremetal.o
LOAD ./Sources/main.o
START GROUP
LOAD D:/NXP/S32DS_Power_v2.1/S32DS/build_tools/e200_ewl2/lib/e200z4/fp\libc99.a
LOAD D:/NXP/S32DS_Power_v2.1/S32DS/build_tools/e200_ewl2/lib/e200z4/fp\libm.a
LOAD d:/nxp/s32ds_power_v2.1/s32ds/build_tools/powerpc-eabivle-4_9/bin/../lib/gcc/powerpc-eabivle/4.9.4/e200z4/fp\libgcc.a
LOAD D:/NXP/S32DS_Power_v2.1/S32DS/build_tools/e200_ewl2/lib/e200z4/fp\librt.a
END GROUP
LOAD d:/nxp/s32ds_power_v2.1/s32ds/build_tools/powerpc-eabivle-4_9/bin/../lib/gcc/powerpc-eabivle/4.9.4/e200z4/fp/crtend.o
LOAD d:/nxp/s32ds_power_v2.1/s32ds/build_tools/powerpc-eabivle-4_9/bin/../lib/gcc/powerpc-eabivle/4.9.4/e200z4/fp/ecrtn.o
                0x00000000                __HEAP_SIZE = DEFINED (__heap_size__)?__heap_size__:0x0
                0x00001000                __STACK_SIZE = DEFINED (__stack_size__)?__stack_size__:0x1000
                0x01000000                FLASH_BASE_ADDR = DEFINED (__flash_base_addr__)?__flash_base_addr__:0x1000000
                0x001d0000                FLASH_SIZE = DEFINED (__flash_size__)?__flash_size__:0x1d0000
                0x40000000                SRAM_BASE_ADDR = DEFINED (__sram_base_addr__)?__sram_base_addr__:0x40000000
                0x00040000                SRAM_SIZE = DEFINED (__sram_size__)?__sram_size__:0x40000

.rchw           0x00fa0000        0x4
 *(.rchw)
 .rchw          0x00fa0000        0x4 ./Project_Settings/Startup_Code/startup_MPC5748G.o

.cpu0_reset_vector
                0x00fa0010        0x4
 *(.cpu0_reset_vector)
 .cpu0_reset_vector
                0x00fa0010        0x4 ./Project_Settings/Startup_Code/startup_MPC5748G.o

.cpu1_reset_vector
 *(.cpu1_reset_vector)

.cpu2_reset_vector
 *(.cpu2_reset_vector)

.startup        0x01000000      0x168
                0x01000000                __start = .
 *(.startup)
 .startup       0x01000000      0x168 ./Project_Settings/Startup_Code/startup_MPC5748G.o
                0x01000000                Reset_Handler
                0x01000000                _start

.core_exceptions_table
                0x01001000       0xb4
                0x01001000                __IVPR_VALUE = .
 *(.core_exceptions_table)
 .core_exceptions_table
                0x01001000       0xb4 ./Project_Settings/Startup_Code/interrupt_vectors.o
                0x01001000                IVOR0_Vector
                0x01001000                VTABLE
                0x01001010                IVOR1_Vector
                0x01001020                IVOR2_Vector
                0x01001030                IVOR3_Vector
                0x01001040                IVOR4_Vector
                0x01001050                IVOR5_Vector
                0x01001060                IVOR6_Vector
                0x01001070                IVOR35_Vector
                0x01001080                IVOR8_Vector
                0x01001090                IVOR15_Vector
                0x010010a0                IVOR33_Vector
                0x010010b0                IVOR34_Vector

.intc_vector_table
                0x01002000      0xbcc
                0x01002000                __VECTOR_TABLE = .
                0x01002000                __interrupts_start__ = .
 *(.intc_vector_table)
 .intc_vector_table
                0x01002000      0xbcc ./Project_Settings/Startup_Code/startup_MPC5748G.o
                0x01002000                __isr_vector
                0x01002bc8                CAN1_ORed_12_15_MB_IRQHandler
                0x01002bc8                SIUL_EIRQ_16_23_IRQHandler
                0x01002bc8                DSPI1_Send_IRQHandler
                0x01002bc8                DSPI0_FIFO_Error_IRQHandler
                0x01002bc8                CAN4_ORed_12_15_MB_IRQHandler
                0x01002bc8                PIT_Ch15_IRQHandler
                0x01002bc8                PIT_Ch0_IRQHandler
                0x01002bc8                PIT_Ch14_IRQHandler
                0x01002bc8                EMIOS0_30_31_IRQHandler
                0x01002bc8                SWT0_IRQHandler
                0x01002bc8                PIT_Ch10_IRQHandler
                0x01002bc8                SAI2_Rx_IRQHandler
                0x01002bc8                CAN2_ORed_12_15_MB_IRQHandler
                0x01002bc8                CAN5_Error_IRQHandler
                0x01002bc8                DSPI6_Send_IRQHandler
                0x01002bc8                EMIOS1_26_27_IRQHandler
                0x01002bc8                ADC0_WD_IRQHandler
                0x01002bc8                EMIOS0_10_11_IRQHandler
                0x01002bc8                EMIOS1_30_31_IRQHandler
                0x01002bc8                EMIOS0_22_23_IRQHandler
                0x01002bc8                EMIOS1_28_29_IRQHandler
                0x01002bc8                IVOR5_Exception_Handler
                0x01002bc8                ADC1_WD_IRQHandler
                0x01002bc8                EMIOS1_00_01_IRQHandler
                0x01002bc8                STM2_Ch2_IRQHandler
                0x01002bc8                IVOR34_Exception_Handler
                0x01002bc8                DSPI4_Send_IRQHandler
                0x01002bc8                DSPI5_FIFO_Error_IRQHandler
                0x01002bc8                USBOTG_IRQHandler
                0x01002bc8                ENET0_Rx_1_IRQHandler
                0x01002bc8                WKPU_23_16_IRQHandler
                0x01002bc8                SAI2_Tx_IRQHandler
                0x01002bc8                PIT_Ch7_IRQHandler
                0x01002bc8                CAN5_ORed_04_07_MB_IRQHandler
                0x01002bc8                IVOR2_Exception_Handler
                0x01002bc8                DSPI3_Send_IRQHandler
                0x01002bc8                CAN2_Error_IRQHandler
                0x01002bc8                CAN1_ORed_64_95_MB_IRQHandler
                0x01002bc8                CAN3_Error_IRQHandler
                0x01002bc8                CAN1_ORed_08_11_MB_IRQHandler
                0x01002bc8                CAN6_ORed_IRQHandler
                0x01002bc8                STM2_Ch1_IRQHandler
                0x01002bc8                EMIOS1_04_05_IRQHandler
                0x01002bc8                ENET1_Tx_IRQHandler
                0x01002bc8                ENET0_Tx_2_IRQHandler
                0x01002bc8                ENET1_Rx_2_IRQHandler
                0x01002bc8                CAN2_ORed_04_07_MB_IRQHandler
                0x01002bc8                CAN3_ORed_16_31_MB_IRQHandler
                0x01002bc8                EMIOS0_24_25_IRQHandler
                0x01002bc8                EMIOS2_00_01_IRQHandler
                0x01002bc8                IVOR33_Exception_Handler
                0x01002bc8                STM2_Ch3_IRQHandler
                0x01002bc8                SAI0_Tx_IRQHandler
                0x01002bc8                CAN1_ORed_00_03_MB_IRQHandler
                0x01002bc8                DSPI2_FIFO_Error_IRQHandler
                0x01002bc8                SWT2_IRQHandler
                0x01002bc8                CAN7_ORed_IRQHandler
                0x01002bc8                ENET0_Parser_IRQHandler
                0x01002bc8                EMIOS2_26_27_IRQHandler
                0x01002bc8                DSPI9_FIFO_Error_IRQHandler
                0x01002bc8                CAN1_ORed_IRQHandler
                0x01002bc8                SAI0_Rx_IRQHandler
                0x01002bc8                DSPI3_Receive_IRQHandler
                0x01002bc8                EMIOS1_14_15_IRQHandler
                0x01002bc8                CAN5_ORed_64_95_MB_IRQHandler
                0x01002bc8                CAN4_ORed_IRQHandler
                0x01002bc8                PIT_Ch5_IRQHandler
                0x01002bc8                EMIOS0_12_13_IRQHandler
                0x01002bc8                ENET1_Rx_IRQHandler
                0x01002bc8                DSPI0_Send_IRQHandler
                0x01002bc8                ENET1_Timer_IRQHandler
                0x01002bc8                CAN7_ORed_12_15_MB_IRQHandler
                0x01002bc8                IVOR15_Exception_Handler
                0x01002bc8                ENET0_Err_IRQHandler
                0x01002bc8                CAN0_ORed_04_07_MB_IRQHandler
                0x01002bc8                CAN7_ORed_04_07_MB_IRQHandler
                0x01002bc8                PIT_Ch1_IRQHandler
                0x01002bc8                DSPI6_Receive_IRQHandler
                0x01002bc8                BCTU_ListLast_IRQHandler
                0x01002bc8                DSPI0_Receive_IRQHandler
                0x01002bc8                I2C_DRV_Module2IRQHandler
                0x01002bc8                SAI1_Tx_IRQHandler
                0x01002bc8                CAN7_ORed_08_11_MB_IRQHandler
                0x01002bc8                EMIOS0_14_15_IRQHandler
                0x01002bc8                PIT_Ch2_IRQHandler
                0x01002bc8                CMP0_IRQHandler
                0x01002bc8                DSPI2_Send_IRQHandler
                0x01002bc8                ENET0_Rx_IRQHandler
                0x01002bc8                CAN0_Wake_Up_IRQHandler
                0x01002bc8                STM2_Ch0_IRQHandler
                0x01002bc8                ADC0_EOC_IRQHandler
                0x01002bc8                EMIOS0_16_17_IRQHandler
                0x01002bc8                DSPI4_FIFO_Error_IRQHandler
                0x01002bc8                CAN1_ORed_16_31_MB_IRQHandler
                0x01002bc8                CAN6_ORed_08_11_MB_IRQHandler
                0x01002bc8                ENET0_Tx_1_IRQHandler
                0x01002bc8                CAN4_ORed_04_07_MB_IRQHandler
                0x01002bc8                CAN2_ORed_16_31_MB_IRQHandler
                0x01002bc8                PIT_Ch11_IRQHandler
                0x01002bc8                CAN7_ORed_00_03_MB_IRQHandler
                0x01002bc8                EMIOS2_28_29_IRQHandler
                0x01002bc8                PIT_Ch4_IRQHandler
                0x01002bc8                ADC1_ER_IRQHandler
                0x01002bc8                DSPI9_Receive_IRQHandler
                0x01002bc8                CAN5_ORed_00_03_MB_IRQHandler
                0x01002bc8                DSPI2_Receive_IRQHandler
                0x01002bc8                EMIOS1_10_11_IRQHandler
                0x01002bc8                CAN0_Error_IRQHandler
                0x01002bc8                CAN5_ORed_08_11_MB_IRQHandler
                0x01002bc8                PIT_Ch12_IRQHandler
                0x01002bc8                ENET1_Tx_1_IRQHandler
                0x01002bc8                SIUL_EIRQ_00_07_IRQHandler
                0x01002bc8                CAN3_ORed_08_11_MB_IRQHandler
                0x01002bc8                CAN3_ORed_00_03_MB_IRQHandler
                0x01002bc8                CAN4_ORed_16_31_MB_IRQHandler
                0x01002bc8                CAN6_ORed_04_07_MB_IRQHandler
                0x01002bc8                ADC0_ER_IRQHandler
                0x01002bc8                DSPI7_Receive_IRQHandler
                0x01002bc8                CAN3_ORed_32_63_MB_IRQHandler
                0x01002bc8                ENET0_Rx_2_IRQHandler
                0x01002bc8                CAN5_ORed_IRQHandler
                0x01002bc8                DSPI1_FIFO_Error_IRQHandler
                0x01002bc8                CAN2_ORed_32_63_MB_IRQHandler
                0x01002bc8                CAN2_ORed_64_95_MB_IRQHandler
                0x01002bc8                STM1_Ch2_IRQHandler
                0x01002bc8                EMIOS0_04_05_IRQHandler
                0x01002bc8                IVOR3_Exception_Handler
                0x01002bc8                EMIOS1_12_13_IRQHandler
                0x01002bc8                STM1_Ch1_IRQHandler
                0x01002bc8                CAN4_Error_IRQHandler
                0x01002bc8                CAN6_ORed_64_95_MB_IRQHandler
                0x01002bc8                EMIOS1_06_07_IRQHandler
                0x01002bc8                SIUL_EIRQ_24_31_IRQHandler
                0x01002bc8                DSPI7_FIFO_Error_IRQHandler
                0x01002bc8                DSPI8_Receive_IRQHandler
                0x01002bc8                STM1_Ch0_IRQHandler
                0x01002bc8                CMP2_IRQHandler
                0x01002bc8                EMIOS2_20_21_IRQHandler
                0x01002bc8                IVOR1_Exception_Handler
                0x01002bc8                STM0_Ch0_IRQHandler
                0x01002bc8                DSPI5_Receive_IRQHandler
                0x01002bc8                CAN1_Error_IRQHandler
                0x01002bc8                EMIOS2_04_05_IRQHandler
                0x01002bc8                HSM_DRV_IRQHandler
                0x01002bc8                IVOR0_Exception_Handler
                0x01002bc8                IVOR35_Exception_Handler
                0x01002bc8                CAN0_ORed_00_03_MB_IRQHandler
                0x01002bc8                CAN0_ORed_32_63_MB_IRQHandler
                0x01002bc8                CAN2_ORed_00_03_MB_IRQHandler
                0x01002bc8                PIT_RTI_IRQHandler
                0x01002bc8                CAN7_ORed_16_31_MB_IRQHandler
                0x01002bc8                CAN4_ORed_00_03_MB_IRQHandler
                0x01002bc8                WKPU_31_24_IRQHandler
                0x01002bc8                DSPI9_Send_IRQHandler
                0x01002bc8                IVOR8_Exception_Handler
                0x01002bc8                ENET0_Tx_IRQHandler
                0x01002bc8                I2C_DRV_Module1IRQHandler
                0x01002bc8                CAN0_ORed_IRQHandler
                0x01002bc8                STM0_Ch2_IRQHandler
                0x01002bc8                CAN0_ORed_12_15_MB_IRQHandler
                0x01002bc8                CAN5_ORed_12_15_MB_IRQHandler
                0x01002bc8                STM0_Ch3_IRQHandler
                0x01002bc8                EMIOS1_02_03_IRQHandler
                0x01002bc8                CAN3_ORed_04_07_MB_IRQHandler
                0x01002bc8                WKPU_15_08_IRQHandler
                0x01002bc8                CAN4_ORed_64_95_MB_IRQHandler
                0x01002bc8                DSPI8_FIFO_Error_IRQHandler
                0x01002bc8                CAN7_ORed_32_63_MB_IRQHandler
                0x01002bc8                RTC0_IRQHandler
                0x01002bc8                EMIOS0_00_01_IRQHandler
                0x01002bc8                EMIOS0_18_19_IRQHandler
                0x01002bc8                EMIOS2_02_03_IRQHandler
                0x01002bc8                DSPI7_Send_IRQHandler
                0x01002bc8                I2C_DRV_Module0IRQHandler
                0x01002bc8                EMIOS0_20_21_IRQHandler
                0x01002bc8                USBHS_IRQHandler
                0x01002bc8                PIT_Ch13_IRQHandler
                0x01002bc8                CAN4_ORed_32_63_MB_IRQHandler
                0x01002bc8                EMIOS2_18_19_IRQHandler
                0x01002bc8                DSPI3_FIFO_Error_IRQHandler
                0x01002bc8                I2C_DRV_Module3IRQHandler
                0x01002bc8                STM1_Ch3_IRQHandler
                0x01002bc8                PIT_Ch6_IRQHandler
                0x01002bc8                IVOR6_Exception_Handler
                0x01002bc8                CAN7_ORed_64_95_MB_IRQHandler
                0x01002bc8                EMIOS1_24_25_IRQHandler
                0x01002bc8                uSDHC_DriverIRQHandler
                0x01002bc8                PIT_Ch8_IRQHandler
                0x01002bc8                CAN4_ORed_08_11_MB_IRQHandler
                0x01002bc8                EMIOS1_08_09_IRQHandler
                0x01002bc8                EMIOS2_12_13_IRQHandler
                0x01002bc8                CAN6_ORed_00_03_MB_IRQHandler
                0x01002bc8                EMIOS2_10_11_IRQHandler
                0x01002bc8                PIT_Ch9_IRQHandler
                0x01002bc8                PIT_Ch3_IRQHandler
                0x01002bc8                CAN3_ORed_64_95_MB_IRQHandler
                0x01002bc8                EMIOS0_26_27_IRQHandler
                0x01002bc8                EMIOS0_08_09_IRQHandler
                0x01002bc8                CAN3_ORed_12_15_MB_IRQHandler
                0x01002bc8                DSPI6_FIFO_Error_IRQHandler
                0x01002bc8                CAN7_Error_IRQHandler
                0x01002bc8                DSPI4_Receive_IRQHandler
                0x01002bc8                SIUL_EIRQ_08_15_IRQHandler
                0x01002bc8                ENET1_Rx_1_IRQHandler
                0x01002bc8                CAN5_ORed_32_63_MB_IRQHandler
                0x01002bc8                EMIOS2_24_25_IRQHandler
                0x01002bc8                CAN2_ORed_08_11_MB_IRQHandler
                0x01002bc8                ENET1_Err_IRQHandler
                0x01002bc8                EMIOS2_06_07_IRQHandler
                0x01002bc8                ENET1_Parser_IRQHandler
                0x01002bc8                SWT1_IRQHandler
                0x01002bc8                EMIOS1_16_17_IRQHandler
                0x01002bc8                CAN6_Error_IRQHandler
                0x01002bc8                CAN2_ORed_IRQHandler
                0x01002bc8                FLASH_Done_IRQHandler
                0x01002bc8                DSPI8_Send_IRQHandler
                0x01002bc8                API0_IRQHandler
                0x01002bc8                CAN0_ORed_08_11_MB_IRQHandler
                0x01002bc8                DSPI1_Receive_IRQHandler
                0x01002bc8                CAN6_ORed_16_31_MB_IRQHandler
                0x01002bc8                CAN0_ORed_64_95_MB_IRQHandler
                0x01002bc8                CMP1_IRQHandler
                0x01002bc8                CAN1_ORed_04_07_MB_IRQHandler
                0x01002bc8                EMIOS2_22_23_IRQHandler
                0x01002bc8                SAI1_Rx_IRQHandler
                0x01002bc8                EMIOS2_08_09_IRQHandler
                0x01002bc8                CAN0_ORed_16_31_MB_IRQHandler
                0x01002bc8                EMIOS0_28_29_IRQHandler
                0x01002bc8                EMIOS0_02_03_IRQHandler
                0x01002bc8                CAN6_ORed_32_63_MB_IRQHandler
                0x01002bc8                EMIOS0_06_07_IRQHandler
                0x01002bc8                DefaultISR
                0x01002bc8                CAN1_ORed_32_63_MB_IRQHandler
                0x01002bc8                EMIOS2_30_31_IRQHandler
                0x01002bc8                EMIOS1_20_21_IRQHandler
                0x01002bc8                EMIOS2_16_17_IRQHandler
                0x01002bc8                CAN6_ORed_12_15_MB_IRQHandler
                0x01002bc8                ENET1_Tx_2_IRQHandler
                0x01002bc8                EMIOS2_14_15_IRQHandler
                0x01002bc8                EMIOS1_18_19_IRQHandler
                0x01002bc8                EMIOS1_22_23_IRQHandler
                0x01002bc8                ENET0_Timer_IRQHandler
                0x01002bc8                ADC1_EOC_IRQHandler
                0x01002bc8                DSPI5_Send_IRQHandler
                0x01002bc8                CAN5_ORed_16_31_MB_IRQHandler
                0x01002bc8                BCTU_ConvUpdate_IRQHandler
                0x01002bc8                WKPU_07_00_IRQHandler
                0x01002bc8                FCCU0_IRQ_Handler
                0x01002bc8                STM0_Ch1_IRQHandler
                0x01002bc8                CAN3_ORed_IRQHandler
                0x01002bcc                __interrupts_end__ = .
                0x00000c00                __RAM_VECTOR_TABLE_SIZE = 0xc00
                0x01002c00                __VECTOR_TABLE_COPY_END = (__VECTOR_TABLE + __RAM_VECTOR_TABLE_SIZE)

.text           0x01002bd0     0x3c00
 *(.text.startup)
 *(.text)
 .text          0x01002bd0      0x16c d:/nxp/s32ds_power_v2.1/s32ds/build_tools/powerpc-eabivle-4_9/bin/../lib/gcc/powerpc-eabivle/4.9.4/e200z4/fp/crtbegin.o
 *fill*         0x01002d3c        0x4 
 .text          0x01002d40      0x2f6 ./Project_Settings/Startup_Code/core0_intc_sw_handlers.o
                0x01002d80                IVOR0_Handler
                0x01002dae                IVOR1_Handler
                0x01002dfc                IVOR2_Handler
                0x01002e36                IVOR3_Handler
                0x01002e70                IVOR4_Handler
                0x01002eb8                IVOR5_Handler
                0x01002ef2                IVOR6_Handler
                0x01002f2c                IVOR8_Handler
                0x01002f66                IVOR15_Handler
                0x01002f94                IVOR33_Handler
                0x01002fce                IVOR34_Handler
                0x01003008                IVOR35_Handler
 .text          0x01003036       0x4a d:/nxp/s32ds_power_v2.1/s32ds/build_tools/powerpc-eabivle-4_9/bin/../lib/gcc/powerpc-eabivle/4.9.4/e200z4/fp\libgcc.a(eabivle.o)
                0x01003036                __eabi
 .text          0x01003080       0x48 d:/nxp/s32ds_power_v2.1/s32ds/build_tools/powerpc-eabivle-4_9/bin/../lib/gcc/powerpc-eabivle/4.9.4/e200z4/fp/crtend.o
 *(.text.*)
 .text.SystemInit
                0x010030c8       0xb6 ./SDK/platform/devices/MPC5748G/startup/system_MPC5748G.o
                0x010030c8                SystemInit
 *fill*         0x0100317e        0x2 
 .text.init_data_bss
                0x01003180       0xb8 ./SDK/platform/devices/startup.o
                0x01003180                init_data_bss
 .text.CLOCK_SYS_GetFircFreq
                0x01003238       0x1e ./SDK/platform/drivers/src/clock/MPC57xx/clock_MPC57xx.o
 *fill*         0x01003256        0x2 
 .text.CLOCK_SYS_GetFxoscFreq
                0x01003258       0x1e ./SDK/platform/drivers/src/clock/MPC57xx/clock_MPC57xx.o
 *fill*         0x01003276        0x2 
 .text.CLOCK_SYS_CalculateFrequenciesOfClockSources
                0x01003278      0x13e ./SDK/platform/drivers/src/clock/MPC57xx/clock_MPC57xx.o
 *fill*         0x010033b6        0x2 
 .text.CLOCK_SYS_GetSystemClockFreq
                0x010033b8      0x1da ./SDK/platform/drivers/src/clock/MPC57xx/clock_MPC57xx.o
 *fill*         0x01003592        0x2 
 .text.CLOCK_DRV_Init
                0x01003594      0xb30 ./SDK/platform/drivers/src/clock/MPC57xx/clock_MPC57xx.o
                0x01003594                CLOCK_DRV_Init
 .text.CLOCK_DRV_GetFreq
                0x010040c4      0x428 ./SDK/platform/drivers/src/clock/MPC57xx/clock_MPC57xx.o
                0x010040c4                CLOCK_DRV_GetFreq
 .text.CLOCK_SYS_Init
                0x010044ec       0x18 ./SDK/platform/drivers/src/clock/MPC57xx/clock_MPC57xx.o
                0x010044ec                CLOCK_SYS_Init
 .text.CLOCK_SYS_UpdateConfiguration
                0x01004504      0x172 ./SDK/platform/drivers/src/clock/MPC57xx/clock_MPC57xx.o
                0x01004504                CLOCK_SYS_UpdateConfiguration
 *fill*         0x01004676        0x2 
 .text.CLOCK_SYS_GetFreq
                0x01004678       0x14 ./SDK/platform/drivers/src/clock/MPC57xx/clock_MPC57xx.o
                0x01004678                CLOCK_SYS_GetFreq
 .text.EDMA_DRV_InstallCallback
                0x0100468c       0x16 ./SDK/platform/drivers/src/edma/edma_driver.o
                0x0100468c                EDMA_DRV_InstallCallback
 *fill*         0x010046a2        0x2 
 .text.EDMA_DRV_IRQHandler
                0x010046a4       0x52 ./SDK/platform/drivers/src/edma/edma_driver.o
                0x010046a4                EDMA_DRV_IRQHandler
 *fill*         0x010046f6        0x2 
 .text.EDMA_DRV_ErrorIRQHandler
                0x010046f8       0x6c ./SDK/platform/drivers/src/edma/edma_driver.o
                0x010046f8                EDMA_DRV_ErrorIRQHandler
 .text.EDMA_DRV_ConfigSingleBlockTransfer
                0x01004764      0x15c ./SDK/platform/drivers/src/edma/edma_driver.o
                0x01004764                EDMA_DRV_ConfigSingleBlockTransfer
 .text.EDMA_DRV_ConfigMultiBlockTransfer
                0x010048c0       0x46 ./SDK/platform/drivers/src/edma/edma_driver.o
                0x010048c0                EDMA_DRV_ConfigMultiBlockTransfer
 *fill*         0x01004906        0x2 
 .text.EDMA_DRV_StartChannel
                0x01004908       0x20 ./SDK/platform/drivers/src/edma/edma_driver.o
                0x01004908                EDMA_DRV_StartChannel
 .text.EDMA_DRV_StopChannel
                0x01004928       0x20 ./SDK/platform/drivers/src/edma/edma_driver.o
                0x01004928                EDMA_DRV_StopChannel
 .text.EDMA_DRV_SetSrcAddr
                0x01004948       0x1e ./SDK/platform/drivers/src/edma/edma_driver.o
                0x01004948                EDMA_DRV_SetSrcAddr
 *fill*         0x01004966        0x2 
 .text.EDMA_DRV_SetDestAddr
                0x01004968       0x1e ./SDK/platform/drivers/src/edma/edma_driver.o
                0x01004968                EDMA_DRV_SetDestAddr
 *fill*         0x01004986        0x2 
 .text.EDMA_DRV_SetMajorLoopIterationCount
                0x01004988       0x1e ./SDK/platform/drivers/src/edma/edma_driver.o
                0x01004988                EDMA_DRV_SetMajorLoopIterationCount
 *fill*         0x010049a6        0x2 
 .text.EDMA_DRV_GetRemainingMajorIterationsCount
                0x010049a8       0x1c ./SDK/platform/drivers/src/edma/edma_driver.o
                0x010049a8                EDMA_DRV_GetRemainingMajorIterationsCount
 .text.EDMA_DRV_GetDmaRegBaseAddr
                0x010049c4        0x6 ./SDK/platform/drivers/src/edma/edma_driver.o
                0x010049c4                EDMA_DRV_GetDmaRegBaseAddr
 *fill*         0x010049ca        0x2 
 .text.EDMA_GetErrorIntStatusFlag
                0x010049cc        0xa ./SDK/platform/drivers/src/edma/edma_hw_access.o
                0x010049cc                EDMA_GetErrorIntStatusFlag
 *fill*         0x010049d6        0x2 
 .text.EDMA_ClearErrorIntStatusFlag
                0x010049d8        0x6 ./SDK/platform/drivers/src/edma/edma_hw_access.o
                0x010049d8                EDMA_ClearErrorIntStatusFlag
 *fill*         0x010049de        0x2 
 .text.EDMA_SetDmaRequestCmd
                0x010049e0       0x12 ./SDK/platform/drivers/src/edma/edma_hw_access.o
                0x010049e0                EDMA_SetDmaRequestCmd
 *fill*         0x010049f2        0x2 
 .text.EDMA_ClearDoneStatusFlag
                0x010049f4        0x6 ./SDK/platform/drivers/src/edma/edma_hw_access.o
                0x010049f4                EDMA_ClearDoneStatusFlag
 *fill*         0x010049fa        0x2 
 .text.EDMA_ClearIntStatusFlag
                0x010049fc        0x6 ./SDK/platform/drivers/src/edma/edma_hw_access.o
                0x010049fc                EDMA_ClearIntStatusFlag
 *fill*         0x01004a02        0x2 
 .text.EDMA_SetMinorLoopMappingCmd
                0x01004a04       0x14 ./SDK/platform/drivers/src/edma/edma_hw_access.o
                0x01004a04                EDMA_SetMinorLoopMappingCmd
 .text.EDMA_TCDClearReg
                0x01004a18       0x34 ./SDK/platform/drivers/src/edma/edma_hw_access.o
                0x01004a18                EDMA_TCDClearReg
 .text.EDMA_TCDSetSrcAddr
                0x01004a4c        0xc ./SDK/platform/drivers/src/edma/edma_hw_access.o
                0x01004a4c                EDMA_TCDSetSrcAddr
 .text.EDMA_TCDSetSrcOffset
                0x01004a58        0xe ./SDK/platform/drivers/src/edma/edma_hw_access.o
                0x01004a58                EDMA_TCDSetSrcOffset
 *fill*         0x01004a66        0x2 
 .text.EDMA_TCDSetAttribute
                0x01004a68       0x24 ./SDK/platform/drivers/src/edma/edma_hw_access.o
                0x01004a68                EDMA_TCDSetAttribute
 .text.EDMA_TCDSetNbytes
                0x01004a8c       0x42 ./SDK/platform/drivers/src/edma/edma_hw_access.o
                0x01004a8c                EDMA_TCDSetNbytes
 *fill*         0x01004ace        0x2 
 .text.EDMA_TCDSetDestAddr
                0x01004ad0        0xa ./SDK/platform/drivers/src/edma/edma_hw_access.o
                0x01004ad0                EDMA_TCDSetDestAddr
 *fill*         0x01004ada        0x2 
 .text.EDMA_TCDSetDestOffset
                0x01004adc        0xc ./SDK/platform/drivers/src/edma/edma_hw_access.o
                0x01004adc                EDMA_TCDSetDestOffset
 .text.EDMA_TCDSetDisableDmaRequestAfterTCDDoneCmd
                0x01004ae8       0x26 ./SDK/platform/drivers/src/edma/edma_hw_access.o
                0x01004ae8                EDMA_TCDSetDisableDmaRequestAfterTCDDoneCmd
 *fill*         0x01004b0e        0x2 
 .text.EDMA_TCDSetMajorCompleteIntCmd
                0x01004b10       0x26 ./SDK/platform/drivers/src/edma/edma_hw_access.o
                0x01004b10                EDMA_TCDSetMajorCompleteIntCmd
 *fill*         0x01004b36        0x2 
 .text.EDMA_TCDSetMajorCount
                0x01004b38       0x5e ./SDK/platform/drivers/src/edma/edma_hw_access.o
                0x01004b38                EDMA_TCDSetMajorCount
 *fill*         0x01004b96        0x2 
 .text.EDMA_TCDGetCurrentMajorCount
                0x01004b98       0x2e ./SDK/platform/drivers/src/edma/edma_hw_access.o
                0x01004b98                EDMA_TCDGetCurrentMajorCount
 *fill*         0x01004bc6        0x2 
 .text.DMA0_Ch0_IRQHandler
                0x01004bc8       0x16 ./SDK/platform/drivers/src/edma/edma_irq.o
                0x01004bc8                DMA0_Ch0_IRQHandler
 *fill*         0x01004bde        0x2 
 .text.DMA0_Ch1_IRQHandler
                0x01004be0       0x16 ./SDK/platform/drivers/src/edma/edma_irq.o
                0x01004be0                DMA0_Ch1_IRQHandler
 *fill*         0x01004bf6        0x2 
 .text.DMA0_Ch2_IRQHandler
                0x01004bf8       0x16 ./SDK/platform/drivers/src/edma/edma_irq.o
                0x01004bf8                DMA0_Ch2_IRQHandler
 *fill*         0x01004c0e        0x2 
 .text.DMA0_Ch3_IRQHandler
                0x01004c10       0x16 ./SDK/platform/drivers/src/edma/edma_irq.o
                0x01004c10                DMA0_Ch3_IRQHandler
 *fill*         0x01004c26        0x2 
 .text.DMA0_Ch4_IRQHandler
                0x01004c28       0x16 ./SDK/platform/drivers/src/edma/edma_irq.o
                0x01004c28                DMA0_Ch4_IRQHandler
 *fill*         0x01004c3e        0x2 
 .text.DMA0_Ch5_IRQHandler
                0x01004c40       0x16 ./SDK/platform/drivers/src/edma/edma_irq.o
                0x01004c40                DMA0_Ch5_IRQHandler
 *fill*         0x01004c56        0x2 
 .text.DMA0_Ch6_IRQHandler
                0x01004c58       0x16 ./SDK/platform/drivers/src/edma/edma_irq.o
                0x01004c58                DMA0_Ch6_IRQHandler
 *fill*         0x01004c6e        0x2 
 .text.DMA0_Ch7_IRQHandler
                0x01004c70       0x16 ./SDK/platform/drivers/src/edma/edma_irq.o
                0x01004c70                DMA0_Ch7_IRQHandler
 *fill*         0x01004c86        0x2 
 .text.DMA0_Ch8_IRQHandler
                0x01004c88       0x16 ./SDK/platform/drivers/src/edma/edma_irq.o
                0x01004c88                DMA0_Ch8_IRQHandler
 *fill*         0x01004c9e        0x2 
 .text.DMA0_Ch9_IRQHandler
                0x01004ca0       0x16 ./SDK/platform/drivers/src/edma/edma_irq.o
                0x01004ca0                DMA0_Ch9_IRQHandler
 *fill*         0x01004cb6        0x2 
 .text.DMA0_Ch10_IRQHandler
                0x01004cb8       0x16 ./SDK/platform/drivers/src/edma/edma_irq.o
                0x01004cb8                DMA0_Ch10_IRQHandler
 *fill*         0x01004cce        0x2 
 .text.DMA0_Ch11_IRQHandler
                0x01004cd0       0x16 ./SDK/platform/drivers/src/edma/edma_irq.o
                0x01004cd0                DMA0_Ch11_IRQHandler
 *fill*         0x01004ce6        0x2 
 .text.DMA0_Ch12_IRQHandler
                0x01004ce8       0x16 ./SDK/platform/drivers/src/edma/edma_irq.o
                0x01004ce8                DMA0_Ch12_IRQHandler
 *fill*         0x01004cfe        0x2 
 .text.DMA0_Ch13_IRQHandler
                0x01004d00       0x16 ./SDK/platform/drivers/src/edma/edma_irq.o
                0x01004d00                DMA0_Ch13_IRQHandler
 *fill*         0x01004d16        0x2 
 .text.DMA0_Ch14_IRQHandler
                0x01004d18       0x16 ./SDK/platform/drivers/src/edma/edma_irq.o
                0x01004d18                DMA0_Ch14_IRQHandler
 *fill*         0x01004d2e        0x2 
 .text.DMA0_Ch15_IRQHandler
                0x01004d30       0x16 ./SDK/platform/drivers/src/edma/edma_irq.o
                0x01004d30                DMA0_Ch15_IRQHandler
 *fill*         0x01004d46        0x2 
 .text.DMA0_Ch16_IRQHandler
                0x01004d48       0x16 ./SDK/platform/drivers/src/edma/edma_irq.o
                0x01004d48                DMA0_Ch16_IRQHandler
 *fill*         0x01004d5e        0x2 
 .text.DMA0_Ch17_IRQHandler
                0x01004d60       0x16 ./SDK/platform/drivers/src/edma/edma_irq.o
                0x01004d60                DMA0_Ch17_IRQHandler
 *fill*         0x01004d76        0x2 
 .text.DMA0_Ch18_IRQHandler
                0x01004d78       0x16 ./SDK/platform/drivers/src/edma/edma_irq.o
                0x01004d78                DMA0_Ch18_IRQHandler
 *fill*         0x01004d8e        0x2 
 .text.DMA0_Ch19_IRQHandler
                0x01004d90       0x16 ./SDK/platform/drivers/src/edma/edma_irq.o
                0x01004d90                DMA0_Ch19_IRQHandler
 *fill*         0x01004da6        0x2 
 .text.DMA0_Ch20_IRQHandler
                0x01004da8       0x16 ./SDK/platform/drivers/src/edma/edma_irq.o
                0x01004da8                DMA0_Ch20_IRQHandler
 *fill*         0x01004dbe        0x2 
 .text.DMA0_Ch21_IRQHandler
                0x01004dc0       0x16 ./SDK/platform/drivers/src/edma/edma_irq.o
                0x01004dc0                DMA0_Ch21_IRQHandler
 *fill*         0x01004dd6        0x2 
 .text.DMA0_Ch22_IRQHandler
                0x01004dd8       0x16 ./SDK/platform/drivers/src/edma/edma_irq.o
                0x01004dd8                DMA0_Ch22_IRQHandler
 *fill*         0x01004dee        0x2 
 .text.DMA0_Ch23_IRQHandler
                0x01004df0       0x16 ./SDK/platform/drivers/src/edma/edma_irq.o
                0x01004df0                DMA0_Ch23_IRQHandler
 *fill*         0x01004e06        0x2 
 .text.DMA0_Ch24_IRQHandler
                0x01004e08       0x16 ./SDK/platform/drivers/src/edma/edma_irq.o
                0x01004e08                DMA0_Ch24_IRQHandler
 *fill*         0x01004e1e        0x2 
 .text.DMA0_Ch25_IRQHandler
                0x01004e20       0x16 ./SDK/platform/drivers/src/edma/edma_irq.o
                0x01004e20                DMA0_Ch25_IRQHandler
 *fill*         0x01004e36        0x2 
 .text.DMA0_Ch26_IRQHandler
                0x01004e38       0x16 ./SDK/platform/drivers/src/edma/edma_irq.o
                0x01004e38                DMA0_Ch26_IRQHandler
 *fill*         0x01004e4e        0x2 
 .text.DMA0_Ch27_IRQHandler
                0x01004e50       0x16 ./SDK/platform/drivers/src/edma/edma_irq.o
                0x01004e50                DMA0_Ch27_IRQHandler
 *fill*         0x01004e66        0x2 
 .text.DMA0_Ch28_IRQHandler
                0x01004e68       0x16 ./SDK/platform/drivers/src/edma/edma_irq.o
                0x01004e68                DMA0_Ch28_IRQHandler
 *fill*         0x01004e7e        0x2 
 .text.DMA0_Ch29_IRQHandler
                0x01004e80       0x16 ./SDK/platform/drivers/src/edma/edma_irq.o
                0x01004e80                DMA0_Ch29_IRQHandler
 *fill*         0x01004e96        0x2 
 .text.DMA0_Ch30_IRQHandler
                0x01004e98       0x16 ./SDK/platform/drivers/src/edma/edma_irq.o
                0x01004e98                DMA0_Ch30_IRQHandler
 *fill*         0x01004eae        0x2 
 .text.DMA0_Ch31_IRQHandler
                0x01004eb0       0x16 ./SDK/platform/drivers/src/edma/edma_irq.o
                0x01004eb0                DMA0_Ch31_IRQHandler
 *fill*         0x01004ec6        0x2 
 .text.DMA0_Ch0_Ch31_Error_IRQHandler
                0x01004ec8       0x42 ./SDK/platform/drivers/src/edma/edma_irq.o
                0x01004ec8                DMA0_Ch0_Ch31_Error_IRQHandler
 *fill*         0x01004f0a        0x2 
 .text.INT_SYS_InstallHandler
                0x01004f0c       0x28 ./SDK/platform/drivers/src/interrupt/interrupt_manager_MPC57xx.o
                0x01004f0c                INT_SYS_InstallHandler
 .text.INT_SYS_EnableIRQ
                0x01004f34       0x2e ./SDK/platform/drivers/src/interrupt/interrupt_manager_MPC57xx.o
                0x01004f34                INT_SYS_EnableIRQ
 *fill*         0x01004f62        0x2 
 .text.INT_SYS_EnableIRQGlobal
                0x01004f64       0x26 ./SDK/platform/drivers/src/interrupt/interrupt_manager_MPC57xx.o
                0x01004f64                INT_SYS_EnableIRQGlobal
 *fill*         0x01004f8a        0x2 
 .text.INT_SYS_DisableIRQGlobal
                0x01004f8c       0x10 ./SDK/platform/drivers/src/interrupt/interrupt_manager_MPC57xx.o
                0x01004f8c                INT_SYS_DisableIRQGlobal
 .text.LINFLEXD_UART_DRV_StartReceiveUsingInterrupts
                0x01004f9c       0x56 ./SDK/platform/drivers/src/linflexd/linflexd_uart_driver.o
 *fill*         0x01004ff2        0x2 
 .text.LINFLEXD_UART_DRV_PutData
                0x01004ff4       0x84 ./SDK/platform/drivers/src/linflexd/linflexd_uart_driver.o
 .text.LINFLEXD_UART_DRV_StartSendUsingInterrupts
                0x01005078       0x66 ./SDK/platform/drivers/src/linflexd/linflexd_uart_driver.o
 *fill*         0x010050de        0x2 
 .text.LINFLEXD_UART_DRV_StartSendUsingDma
                0x010050e0       0xdc ./SDK/platform/drivers/src/linflexd/linflexd_uart_driver.o
 .text.LINFLEXD_UART_DRV_StartReceiveUsingDma
                0x010051bc      0x10a ./SDK/platform/drivers/src/linflexd/linflexd_uart_driver.o
 *fill*         0x010052c6        0x2 
 .text.LINFLEXD_UART_DRV_CompleteSendUsingInterrupts
                0x010052c8       0x5e ./SDK/platform/drivers/src/linflexd/linflexd_uart_driver.o
 *fill*         0x01005326        0x2 
 .text.LINFLEXD_UART_DRV_CompleteReceiveUsingInterrupts
                0x01005328       0x68 ./SDK/platform/drivers/src/linflexd/linflexd_uart_driver.o
 .text.LINFLEXD_UART_DRV_CompleteSendUsingDma
                0x01005390       0xf2 ./SDK/platform/drivers/src/linflexd/linflexd_uart_driver.o
 *fill*         0x01005482        0x2 
 .text.LINFLEXD_UART_DRV_CompleteReceiveUsingDma
                0x01005484      0x112 ./SDK/platform/drivers/src/linflexd/linflexd_uart_driver.o
 *fill*         0x01005596        0x2 
 .text.LINFLEXD_UART_DRV_SetBaudRate
                0x01005598      0x104 ./SDK/platform/drivers/src/linflexd/linflexd_uart_driver.o
                0x01005598                LINFLEXD_UART_DRV_SetBaudRate
 .text.LINFLEXD_UART_DRV_InstallRxCallback
                0x0100569c       0x16 ./SDK/platform/drivers/src/linflexd/linflexd_uart_driver.o
                0x0100569c                LINFLEXD_UART_DRV_InstallRxCallback
 *fill*         0x010056b2        0x2 
 .text.LINFLEXD_UART_DRV_InstallTxCallback
                0x010056b4       0x16 ./SDK/platform/drivers/src/linflexd/linflexd_uart_driver.o
                0x010056b4                LINFLEXD_UART_DRV_InstallTxCallback
 *fill*         0x010056ca        0x2 
 .text.LINFLEXD_UART_DRV_Init
                0x010056cc      0x22a ./SDK/platform/drivers/src/linflexd/linflexd_uart_driver.o
                0x010056cc                LINFLEXD_UART_DRV_Init
 *fill*         0x010058f6        0x2 
 .text.LINFLEXD_UART_DRV_SendDataBlocking
                0x010058f8       0x84 ./SDK/platform/drivers/src/linflexd/linflexd_uart_driver.o
                0x010058f8                LINFLEXD_UART_DRV_SendDataBlocking
 .text.LINFLEXD_UART_DRV_ReceiveData
                0x0100597c       0x3a ./SDK/platform/drivers/src/linflexd/linflexd_uart_driver.o
                0x0100597c                LINFLEXD_UART_DRV_ReceiveData
 *fill*         0x010059b6        0x2 
 .text.LINFLEXD_UART_DRV_GetReceiveStatus
                0x010059b8       0x5e ./SDK/platform/drivers/src/linflexd/linflexd_uart_driver.o
                0x010059b8                LINFLEXD_UART_DRV_GetReceiveStatus
 *fill*         0x01005a16        0x2 
 .text.LINFLEXD_UART_DRV_SetRxBuffer
                0x01005a18       0x16 ./SDK/platform/drivers/src/linflexd/linflexd_uart_driver.o
                0x01005a18                LINFLEXD_UART_DRV_SetRxBuffer
 *fill*         0x01005a2e        0x2 
 .text.LINFLEXD_UART_DRV_RxIRQHandler
                0x01005a30       0xde ./SDK/platform/drivers/src/linflexd/linflexd_uart_driver.o
                0x01005a30                LINFLEXD_UART_DRV_RxIRQHandler
 *fill*         0x01005b0e        0x2 
 .text.LINFLEXD_UART_DRV_TxIRQHandler
                0x01005b10       0x92 ./SDK/platform/drivers/src/linflexd/linflexd_uart_driver.o
                0x01005b10                LINFLEXD_UART_DRV_TxIRQHandler
 *fill*         0x01005ba2        0x2 
 .text.LINFLEXD_UART_DRV_ErrIRQHandler
                0x01005ba4       0x8e ./SDK/platform/drivers/src/linflexd/linflexd_uart_driver.o
                0x01005ba4                LINFLEXD_UART_DRV_ErrIRQHandler
 *fill*         0x01005c32        0x2 
 .text.LINFLEXD0_UART_RxIRQHandler
                0x01005c34       0x16 ./SDK/platform/drivers/src/linflexd/linflexd_uart_irq.o
                0x01005c34                LINFLEXD0_UART_RxIRQHandler
 *fill*         0x01005c4a        0x2 
 .text.LINFLEXD1_UART_RxIRQHandler
                0x01005c4c       0x16 ./SDK/platform/drivers/src/linflexd/linflexd_uart_irq.o
                0x01005c4c                LINFLEXD1_UART_RxIRQHandler
 *fill*         0x01005c62        0x2 
 .text.LINFLEXD2_UART_RxIRQHandler
                0x01005c64       0x16 ./SDK/platform/drivers/src/linflexd/linflexd_uart_irq.o
                0x01005c64                LINFLEXD2_UART_RxIRQHandler
 *fill*         0x01005c7a        0x2 
 .text.LINFLEXD3_UART_RxIRQHandler
                0x01005c7c       0x16 ./SDK/platform/drivers/src/linflexd/linflexd_uart_irq.o
                0x01005c7c                LINFLEXD3_UART_RxIRQHandler
 *fill*         0x01005c92        0x2 
 .text.LINFLEXD4_UART_RxIRQHandler
                0x01005c94       0x16 ./SDK/platform/drivers/src/linflexd/linflexd_uart_irq.o
                0x01005c94                LINFLEXD4_UART_RxIRQHandler
 *fill*         0x01005caa        0x2 
 .text.LINFLEXD5_UART_RxIRQHandler
                0x01005cac       0x16 ./SDK/platform/drivers/src/linflexd/linflexd_uart_irq.o
                0x01005cac                LINFLEXD5_UART_RxIRQHandler
 *fill*         0x01005cc2        0x2 
 .text.LINFLEXD6_UART_RxIRQHandler
                0x01005cc4       0x16 ./SDK/platform/drivers/src/linflexd/linflexd_uart_irq.o
                0x01005cc4                LINFLEXD6_UART_RxIRQHandler
 *fill*         0x01005cda        0x2 
 .text.LINFLEXD7_UART_RxIRQHandler
                0x01005cdc       0x16 ./SDK/platform/drivers/src/linflexd/linflexd_uart_irq.o
                0x01005cdc                LINFLEXD7_UART_RxIRQHandler
 *fill*         0x01005cf2        0x2 
 .text.LINFLEXD8_UART_RxIRQHandler
                0x01005cf4       0x16 ./SDK/platform/drivers/src/linflexd/linflexd_uart_irq.o
                0x01005cf4                LINFLEXD8_UART_RxIRQHandler
 *fill*         0x01005d0a        0x2 
 .text.LINFLEXD9_UART_RxIRQHandler
                0x01005d0c       0x16 ./SDK/platform/drivers/src/linflexd/linflexd_uart_irq.o
                0x01005d0c                LINFLEXD9_UART_RxIRQHandler
 *fill*         0x01005d22        0x2 
 .text.LINFLEXD10_UART_RxIRQHandler
                0x01005d24       0x16 ./SDK/platform/drivers/src/linflexd/linflexd_uart_irq.o
                0x01005d24                LINFLEXD10_UART_RxIRQHandler
 *fill*         0x01005d3a        0x2 
 .text.LINFLEXD11_UART_RxIRQHandler
                0x01005d3c       0x16 ./SDK/platform/drivers/src/linflexd/linflexd_uart_irq.o
                0x01005d3c                LINFLEXD11_UART_RxIRQHandler
 *fill*         0x01005d52        0x2 
 .text.LINFLEXD12_UART_RxIRQHandler
                0x01005d54       0x16 ./SDK/platform/drivers/src/linflexd/linflexd_uart_irq.o
                0x01005d54                LINFLEXD12_UART_RxIRQHandler
 *fill*         0x01005d6a        0x2 
 .text.LINFLEXD13_UART_RxIRQHandler
                0x01005d6c       0x16 ./SDK/platform/drivers/src/linflexd/linflexd_uart_irq.o
                0x01005d6c                LINFLEXD13_UART_RxIRQHandler
 *fill*         0x01005d82        0x2 
 .text.LINFLEXD14_UART_RxIRQHandler
                0x01005d84       0x16 ./SDK/platform/drivers/src/linflexd/linflexd_uart_irq.o
                0x01005d84                LINFLEXD14_UART_RxIRQHandler
 *fill*         0x01005d9a        0x2 
 .text.LINFLEXD15_UART_RxIRQHandler
                0x01005d9c       0x16 ./SDK/platform/drivers/src/linflexd/linflexd_uart_irq.o
                0x01005d9c                LINFLEXD15_UART_RxIRQHandler
 *fill*         0x01005db2        0x2 
 .text.LINFLEXD16_UART_RxIRQHandler
                0x01005db4       0x16 ./SDK/platform/drivers/src/linflexd/linflexd_uart_irq.o
                0x01005db4                LINFLEXD16_UART_RxIRQHandler
 *fill*         0x01005dca        0x2 
 .text.LINFLEXD17_UART_RxIRQHandler
                0x01005dcc       0x16 ./SDK/platform/drivers/src/linflexd/linflexd_uart_irq.o
                0x01005dcc                LINFLEXD17_UART_RxIRQHandler
 *fill*         0x01005de2        0x2 
 .text.LINFLEXD0_UART_TxIRQHandler
                0x01005de4       0x16 ./SDK/platform/drivers/src/linflexd/linflexd_uart_irq.o
                0x01005de4                LINFLEXD0_UART_TxIRQHandler
 *fill*         0x01005dfa        0x2 
 .text.LINFLEXD1_UART_TxIRQHandler
                0x01005dfc       0x16 ./SDK/platform/drivers/src/linflexd/linflexd_uart_irq.o
                0x01005dfc                LINFLEXD1_UART_TxIRQHandler
 *fill*         0x01005e12        0x2 
 .text.LINFLEXD2_UART_TxIRQHandler
                0x01005e14       0x16 ./SDK/platform/drivers/src/linflexd/linflexd_uart_irq.o
                0x01005e14                LINFLEXD2_UART_TxIRQHandler
 *fill*         0x01005e2a        0x2 
 .text.LINFLEXD3_UART_TxIRQHandler
                0x01005e2c       0x16 ./SDK/platform/drivers/src/linflexd/linflexd_uart_irq.o
                0x01005e2c                LINFLEXD3_UART_TxIRQHandler
 *fill*         0x01005e42        0x2 
 .text.LINFLEXD4_UART_TxIRQHandler
                0x01005e44       0x16 ./SDK/platform/drivers/src/linflexd/linflexd_uart_irq.o
                0x01005e44                LINFLEXD4_UART_TxIRQHandler
 *fill*         0x01005e5a        0x2 
 .text.LINFLEXD5_UART_TxIRQHandler
                0x01005e5c       0x16 ./SDK/platform/drivers/src/linflexd/linflexd_uart_irq.o
                0x01005e5c                LINFLEXD5_UART_TxIRQHandler
 *fill*         0x01005e72        0x2 
 .text.LINFLEXD6_UART_TxIRQHandler
                0x01005e74       0x16 ./SDK/platform/drivers/src/linflexd/linflexd_uart_irq.o
                0x01005e74                LINFLEXD6_UART_TxIRQHandler
 *fill*         0x01005e8a        0x2 
 .text.LINFLEXD7_UART_TxIRQHandler
                0x01005e8c       0x16 ./SDK/platform/drivers/src/linflexd/linflexd_uart_irq.o
                0x01005e8c                LINFLEXD7_UART_TxIRQHandler
 *fill*         0x01005ea2        0x2 
 .text.LINFLEXD8_UART_TxIRQHandler
                0x01005ea4       0x16 ./SDK/platform/drivers/src/linflexd/linflexd_uart_irq.o
                0x01005ea4                LINFLEXD8_UART_TxIRQHandler
 *fill*         0x01005eba        0x2 
 .text.LINFLEXD9_UART_TxIRQHandler
                0x01005ebc       0x16 ./SDK/platform/drivers/src/linflexd/linflexd_uart_irq.o
                0x01005ebc                LINFLEXD9_UART_TxIRQHandler
 *fill*         0x01005ed2        0x2 
 .text.LINFLEXD10_UART_TxIRQHandler
                0x01005ed4       0x16 ./SDK/platform/drivers/src/linflexd/linflexd_uart_irq.o
                0x01005ed4                LINFLEXD10_UART_TxIRQHandler
 *fill*         0x01005eea        0x2 
 .text.LINFLEXD11_UART_TxIRQHandler
                0x01005eec       0x16 ./SDK/platform/drivers/src/linflexd/linflexd_uart_irq.o
                0x01005eec                LINFLEXD11_UART_TxIRQHandler
 *fill*         0x01005f02        0x2 
 .text.LINFLEXD12_UART_TxIRQHandler
                0x01005f04       0x16 ./SDK/platform/drivers/src/linflexd/linflexd_uart_irq.o
                0x01005f04                LINFLEXD12_UART_TxIRQHandler
 *fill*         0x01005f1a        0x2 
 .text.LINFLEXD13_UART_TxIRQHandler
                0x01005f1c       0x16 ./SDK/platform/drivers/src/linflexd/linflexd_uart_irq.o
                0x01005f1c                LINFLEXD13_UART_TxIRQHandler
 *fill*         0x01005f32        0x2 
 .text.LINFLEXD14_UART_TxIRQHandler
                0x01005f34       0x16 ./SDK/platform/drivers/src/linflexd/linflexd_uart_irq.o
                0x01005f34                LINFLEXD14_UART_TxIRQHandler
 *fill*         0x01005f4a        0x2 
 .text.LINFLEXD15_UART_TxIRQHandler
                0x01005f4c       0x16 ./SDK/platform/drivers/src/linflexd/linflexd_uart_irq.o
                0x01005f4c                LINFLEXD15_UART_TxIRQHandler
 *fill*         0x01005f62        0x2 
 .text.LINFLEXD16_UART_TxIRQHandler
                0x01005f64       0x16 ./SDK/platform/drivers/src/linflexd/linflexd_uart_irq.o
                0x01005f64                LINFLEXD16_UART_TxIRQHandler
 *fill*         0x01005f7a        0x2 
 .text.LINFLEXD17_UART_TxIRQHandler
                0x01005f7c       0x16 ./SDK/platform/drivers/src/linflexd/linflexd_uart_irq.o
                0x01005f7c                LINFLEXD17_UART_TxIRQHandler
 *fill*         0x01005f92        0x2 
 .text.LINFLEXD0_UART_ErrIRQHandler
                0x01005f94       0x16 ./SDK/platform/drivers/src/linflexd/linflexd_uart_irq.o
                0x01005f94                LINFLEXD0_UART_ErrIRQHandler
 *fill*         0x01005faa        0x2 
 .text.LINFLEXD1_UART_ErrIRQHandler
                0x01005fac       0x16 ./SDK/platform/drivers/src/linflexd/linflexd_uart_irq.o
                0x01005fac                LINFLEXD1_UART_ErrIRQHandler
 *fill*         0x01005fc2        0x2 
 .text.LINFLEXD2_UART_ErrIRQHandler
                0x01005fc4       0x16 ./SDK/platform/drivers/src/linflexd/linflexd_uart_irq.o
                0x01005fc4                LINFLEXD2_UART_ErrIRQHandler
 *fill*         0x01005fda        0x2 
 .text.LINFLEXD3_UART_ErrIRQHandler
                0x01005fdc       0x16 ./SDK/platform/drivers/src/linflexd/linflexd_uart_irq.o
                0x01005fdc                LINFLEXD3_UART_ErrIRQHandler
 *fill*         0x01005ff2        0x2 
 .text.LINFLEXD4_UART_ErrIRQHandler
                0x01005ff4       0x16 ./SDK/platform/drivers/src/linflexd/linflexd_uart_irq.o
                0x01005ff4                LINFLEXD4_UART_ErrIRQHandler
 *fill*         0x0100600a        0x2 
 .text.LINFLEXD5_UART_ErrIRQHandler
                0x0100600c       0x16 ./SDK/platform/drivers/src/linflexd/linflexd_uart_irq.o
                0x0100600c                LINFLEXD5_UART_ErrIRQHandler
 *fill*         0x01006022        0x2 
 .text.LINFLEXD6_UART_ErrIRQHandler
                0x01006024       0x16 ./SDK/platform/drivers/src/linflexd/linflexd_uart_irq.o
                0x01006024                LINFLEXD6_UART_ErrIRQHandler
 *fill*         0x0100603a        0x2 
 .text.LINFLEXD7_UART_ErrIRQHandler
                0x0100603c       0x16 ./SDK/platform/drivers/src/linflexd/linflexd_uart_irq.o
                0x0100603c                LINFLEXD7_UART_ErrIRQHandler
 *fill*         0x01006052        0x2 
 .text.LINFLEXD8_UART_ErrIRQHandler
                0x01006054       0x16 ./SDK/platform/drivers/src/linflexd/linflexd_uart_irq.o
                0x01006054                LINFLEXD8_UART_ErrIRQHandler
 *fill*         0x0100606a        0x2 
 .text.LINFLEXD9_UART_ErrIRQHandler
                0x0100606c       0x16 ./SDK/platform/drivers/src/linflexd/linflexd_uart_irq.o
                0x0100606c                LINFLEXD9_UART_ErrIRQHandler
 *fill*         0x01006082        0x2 
 .text.LINFLEXD10_UART_ErrIRQHandler
                0x01006084       0x16 ./SDK/platform/drivers/src/linflexd/linflexd_uart_irq.o
                0x01006084                LINFLEXD10_UART_ErrIRQHandler
 *fill*         0x0100609a        0x2 
 .text.LINFLEXD11_UART_ErrIRQHandler
                0x0100609c       0x16 ./SDK/platform/drivers/src/linflexd/linflexd_uart_irq.o
                0x0100609c                LINFLEXD11_UART_ErrIRQHandler
 *fill*         0x010060b2        0x2 
 .text.LINFLEXD12_UART_ErrIRQHandler
                0x010060b4       0x16 ./SDK/platform/drivers/src/linflexd/linflexd_uart_irq.o
                0x010060b4                LINFLEXD12_UART_ErrIRQHandler
 *fill*         0x010060ca        0x2 
 .text.LINFLEXD13_UART_ErrIRQHandler
                0x010060cc       0x16 ./SDK/platform/drivers/src/linflexd/linflexd_uart_irq.o
                0x010060cc                LINFLEXD13_UART_ErrIRQHandler
 *fill*         0x010060e2        0x2 
 .text.LINFLEXD14_UART_ErrIRQHandler
                0x010060e4       0x16 ./SDK/platform/drivers/src/linflexd/linflexd_uart_irq.o
                0x010060e4                LINFLEXD14_UART_ErrIRQHandler
 *fill*         0x010060fa        0x2 
 .text.LINFLEXD15_UART_ErrIRQHandler
                0x010060fc       0x16 ./SDK/platform/drivers/src/linflexd/linflexd_uart_irq.o
                0x010060fc                LINFLEXD15_UART_ErrIRQHandler
 *fill*         0x01006112        0x2 
 .text.LINFLEXD16_UART_ErrIRQHandler
                0x01006114       0x16 ./SDK/platform/drivers/src/linflexd/linflexd_uart_irq.o
                0x01006114                LINFLEXD16_UART_ErrIRQHandler
 *fill*         0x0100612a        0x2 
 .text.LINFLEXD17_UART_ErrIRQHandler
                0x0100612c       0x16 ./SDK/platform/drivers/src/linflexd/linflexd_uart_irq.o
                0x0100612c                LINFLEXD17_UART_ErrIRQHandler
 *fill*         0x01006142        0x2 
 .text.PINS_DRV_Init
                0x01006144       0x38 ./SDK/platform/drivers/src/pins/siul2/pins_siul2_driver.o
                0x01006144                PINS_DRV_Init
 .text.PINS_Init
                0x0100617c      0x144 ./SDK/platform/drivers/src/pins/siul2/siul2_hw_access.o
                0x0100617c                PINS_Init
 .text.UART_Init
                0x010062c0      0x10c ./SDK/platform/pal/src/uart/uart_pal.o
                0x010062c0                UART_Init
 .text.UART_SendDataBlocking
                0x010063cc       0x24 ./SDK/platform/pal/src/uart/uart_pal.o
                0x010063cc                UART_SendDataBlocking
 .text.UART_ReceiveData
                0x010063f0       0x24 ./SDK/platform/pal/src/uart/uart_pal.o
                0x010063f0                UART_ReceiveData
 .text.UART_GetReceiveStatus
                0x01006414       0x24 ./SDK/platform/pal/src/uart/uart_pal.o
                0x01006414                UART_GetReceiveStatus
 .text.UART_SetRxBuffer
                0x01006438       0x24 ./SDK/platform/pal/src/uart/uart_pal.o
                0x01006438                UART_SetRxBuffer
 .text.OSIF_PIT_IRQHandler
                0x0100645c       0x22 ./SDK/rtos/osif/osif_baremetal.o
                0x0100645c                OSIF_PIT_IRQHandler
 *fill*         0x0100647e        0x2 
 .text.OSIF_SemaWait
                0x01006480       0xe4 ./SDK/rtos/osif/osif_baremetal.o
                0x01006480                OSIF_SemaWait
 .text.OSIF_SemaPost
                0x01006564       0x3a ./SDK/rtos/osif/osif_baremetal.o
                0x01006564                OSIF_SemaPost
 *fill*         0x0100659e        0x2 
 .text.OSIF_SemaCreate
                0x010065a0       0x28 ./SDK/rtos/osif/osif_baremetal.o
                0x010065a0                OSIF_SemaCreate
 .text.uartRxCallback
                0x010065c8       0x52 ./Sources/main.o
                0x010065c8                uartRxCallback
 *fill*         0x0100661a        0x2 
 .text.main     0x0100661c      0x140 ./Sources/main.o
                0x0100661c                main
 .text.strcmp   0x0100675c       0x24 D:/NXP/S32DS_Power_v2.1/S32DS/build_tools/e200_ewl2/lib/e200z4/fp\libc99.a(strcmp.o)
                0x0100675c                strcmp
 .text.strlen   0x01006780       0x12 D:/NXP/S32DS_Power_v2.1/S32DS/build_tools/e200_ewl2/lib/e200z4/fp\libc99.a(strlen.o)
                0x01006780                strlen
 *(.init)
 *fill*         0x01006792        0x2 
 .init          0x01006794        0xc d:/nxp/s32ds_power_v2.1/s32ds/build_tools/powerpc-eabivle-4_9/bin/../lib/gcc/powerpc-eabivle/4.9.4/e200z4/fp/ecrti.o
                0x01006794                __init
 .init          0x010067a0        0x4 d:/nxp/s32ds_power_v2.1/s32ds/build_tools/powerpc-eabivle-4_9/bin/../lib/gcc/powerpc-eabivle/4.9.4/e200z4/fp/crtbegin.o
 .init          0x010067a4        0x4 d:/nxp/s32ds_power_v2.1/s32ds/build_tools/powerpc-eabivle-4_9/bin/../lib/gcc/powerpc-eabivle/4.9.4/e200z4/fp/crtend.o
 .init          0x010067a8        0xa d:/nxp/s32ds_power_v2.1/s32ds/build_tools/powerpc-eabivle-4_9/bin/../lib/gcc/powerpc-eabivle/4.9.4/e200z4/fp/ecrtn.o
 *(.fini)
 *fill*         0x010067b2        0x2 
 .fini          0x010067b4        0xc d:/nxp/s32ds_power_v2.1/s32ds/build_tools/powerpc-eabivle-4_9/bin/../lib/gcc/powerpc-eabivle/4.9.4/e200z4/fp/ecrti.o
                0x010067b4                __fini
 .fini          0x010067c0        0x4 d:/nxp/s32ds_power_v2.1/s32ds/build_tools/powerpc-eabivle-4_9/bin/../lib/gcc/powerpc-eabivle/4.9.4/e200z4/fp/crtbegin.o
 .fini          0x010067c4        0xa d:/nxp/s32ds_power_v2.1/s32ds/build_tools/powerpc-eabivle-4_9/bin/../lib/gcc/powerpc-eabivle/4.9.4/e200z4/fp/ecrtn.o
                0x010067d0                . = ALIGN (0x10)
 *fill*         0x010067ce        0x2 

.glink          0x010067d0        0x0
 .glink         0x010067d0        0x0 d:/nxp/s32ds_power_v2.1/s32ds/build_tools/powerpc-eabivle-4_9/bin/../lib/gcc/powerpc-eabivle/4.9.4/e200z4/fp/crtbegin.o

.sdata2         0x010067d0        0x8
                0x010067d0                . = ALIGN (0x4)
                0x010067d0                __sdata2_start__ = .
 *(.sdata2)
 .sdata2        0x010067d0        0x0 d:/nxp/s32ds_power_v2.1/s32ds/build_tools/powerpc-eabivle-4_9/bin/../lib/gcc/powerpc-eabivle/4.9.4/e200z4/fp/ecrti.o
                0x010067d0                __SDATA2_START__
 .sdata2        0x010067d0        0x0 d:/nxp/s32ds_power_v2.1/s32ds/build_tools/powerpc-eabivle-4_9/bin/../lib/gcc/powerpc-eabivle/4.9.4/e200z4/fp/crtbegin.o
                0x0100e7d0                _SDA2_BASE_
 *(.sdata2.*)
 .sdata2.uart_pal1_instance
                0x010067d0        0x8 ./Generated_Code/uart_pal1.o
                0x010067d0                uart_pal1_instance
                0x010067d8                . = ALIGN (0x4)
                0x010067d8                __sdata2_end__ = .

.got2           0x010067d8       0x1c
 *(.got2*)
 .got2          0x010067d8       0x1c d:/nxp/s32ds_power_v2.1/s32ds/build_tools/powerpc-eabivle-4_9/bin/../lib/gcc/powerpc-eabivle/4.9.4/e200z4/fp\libgcc.a(eabivle.o)

.preinit_array  0x010067f4        0x0
                [!provide]                PROVIDE (__preinit_array_start, .)
 *(.preinit_array)
                [!provide]                PROVIDE (__preinit_array_end, .)

.init_array     0x010067f4        0x0
                [!provide]                PROVIDE (__init_array_start, .)
 *(SORT(.init_array.*))
 *(.init_array)
                [!provide]                PROVIDE (__init_array_end, .)

.dtors          0x010067f4        0x8
 *crtbegin.o(.dtors)
 .dtors         0x010067f4        0x4 d:/nxp/s32ds_power_v2.1/s32ds/build_tools/powerpc-eabivle-4_9/bin/../lib/gcc/powerpc-eabivle/4.9.4/e200z4/fp/crtbegin.o
 *crtbegin?.o(.dtors)
 *(EXCLUDE_FILE(*crtend?.o *crtend.o) .dtors)
 .dtors         0x010067f8        0x0 d:/nxp/s32ds_power_v2.1/s32ds/build_tools/powerpc-eabivle-4_9/bin/../lib/gcc/powerpc-eabivle/4.9.4/e200z4/fp/ecrti.o
                0x010067f8                __DTOR_LIST__
 .dtors         0x010067f8        0x0 d:/nxp/s32ds_power_v2.1/s32ds/build_tools/powerpc-eabivle-4_9/bin/../lib/gcc/powerpc-eabivle/4.9.4/e200z4/fp/ecrtn.o
 *(SORT(.dtors.*))
 *(.dtors)
 .dtors         0x010067f8        0x4 d:/nxp/s32ds_power_v2.1/s32ds/build_tools/powerpc-eabivle-4_9/bin/../lib/gcc/powerpc-eabivle/4.9.4/e200z4/fp/crtend.o
                0x010067f8                __DTOR_END__

.ctors          0x010067fc        0x8
 *crtbegin.o(.ctors)
 .ctors         0x010067fc        0x4 d:/nxp/s32ds_power_v2.1/s32ds/build_tools/powerpc-eabivle-4_9/bin/../lib/gcc/powerpc-eabivle/4.9.4/e200z4/fp/crtbegin.o
 *crtbegin?.o(.ctors)
 *(EXCLUDE_FILE(*crtend?.o *crtend.o) .ctors)
 .ctors         0x01006800        0x0 d:/nxp/s32ds_power_v2.1/s32ds/build_tools/powerpc-eabivle-4_9/bin/../lib/gcc/powerpc-eabivle/4.9.4/e200z4/fp/ecrti.o
                0x01006800                __CTOR_LIST__
 .ctors         0x01006800        0x0 d:/nxp/s32ds_power_v2.1/s32ds/build_tools/powerpc-eabivle-4_9/bin/../lib/gcc/powerpc-eabivle/4.9.4/e200z4/fp/ecrtn.o
                0x01006800                __CTOR_END__
 *(SORT(.ctors.*))
 *(.ctors)
 .ctors         0x01006800        0x4 d:/nxp/s32ds_power_v2.1/s32ds/build_tools/powerpc-eabivle-4_9/bin/../lib/gcc/powerpc-eabivle/4.9.4/e200z4/fp/crtend.o

.fini_array     0x01006804        0x0
                [!provide]                PROVIDE (__fini_array_start, .)
 *(SORT(.fini_array.*))
 *(.fini_array)
                [!provide]                PROVIDE (__fini_array_end, .)

.rodata         0x01006804      0x9b4
 *(.rodata)
 *(.rodata.*)
 .rodata.uart_pal1_Config0
                0x01006804       0x2c ./Generated_Code/uart_pal1.o
                0x01006804                uart_pal1_Config0
 .rodata.s_vectors
                0x01006830        0xc ./SDK/platform/devices/startup.o
 .rodata.CLOCK_DRV_Init
                0x0100683c       0xe8 ./SDK/platform/drivers/src/clock/MPC57xx/clock_MPC57xx.o
 .rodata.CLOCK_DRV_GetFreq
                0x01006924       0x6c ./SDK/platform/drivers/src/clock/MPC57xx/clock_MPC57xx.o
 .rodata.interfaceClocks
                0x01006990      0x214 ./SDK/platform/drivers/src/clock/MPC57xx/clock_MPC57xx.o
 .rodata.monitoredClocks
                0x01006ba4      0x214 ./SDK/platform/drivers/src/clock/MPC57xx/clock_MPC57xx.o
 .rodata.clockNameMappings
                0x01006db8      0x10a ./SDK/platform/drivers/src/clock/MPC57xx/clock_MPC57xx.o
                0x01006db8                clockNameMappings
 *fill*         0x01006ec2        0x2 
 .rodata.EDMA_DRV_ConfigSingleBlockTransfer
                0x01006ec4       0x10 ./SDK/platform/drivers/src/edma/edma_driver.o
 .rodata.s_uartLINFlexDRxIntVec
                0x01006ed4       0x48 ./SDK/platform/drivers/src/linflexd/linflexd_uart_driver.o
 .rodata.s_uartLINFlexDErrIntVec
                0x01006f1c       0x48 ./SDK/platform/drivers/src/linflexd/linflexd_uart_driver.o
 .rodata.s_uartLINFlexDTxIntVec
                0x01006f64       0x48 ./SDK/platform/drivers/src/linflexd/linflexd_uart_driver.o
 .rodata.s_uartLINFlexDClkNames
                0x01006fac       0x48 ./SDK/platform/drivers/src/linflexd/linflexd_uart_driver.o
 .rodata.s_LINFlexDBase
                0x01006ff4       0x48 ./SDK/platform/drivers/src/linflexd/linflexd_uart_driver.o
 .rodata.s_LINFlexDInstHasFilters
                0x0100703c       0x12 ./SDK/platform/drivers/src/linflexd/linflexd_uart_driver.o
 *fill*         0x0100704e        0x2 
 .rodata.g_uartLINFlexDTxIsr
                0x01007050       0x48 ./SDK/platform/drivers/src/linflexd/linflexd_uart_irq.o
                0x01007050                g_uartLINFlexDTxIsr
 .rodata.g_uartLINFlexDErrIsr
                0x01007098       0x48 ./SDK/platform/drivers/src/linflexd/linflexd_uart_irq.o
                0x01007098                g_uartLINFlexDErrIsr
 .rodata.g_uartLINFlexDRxIsr
                0x010070e0       0x48 ./SDK/platform/drivers/src/linflexd/linflexd_uart_irq.o
                0x010070e0                g_uartLINFlexDRxIsr
 .rodata.UART_Init
                0x01007128       0x18 ./SDK/platform/pal/src/uart/uart_pal.o
 .rodata.pitIrqId.5320
                0x01007140       0x44 ./SDK/rtos/osif/osif_baremetal.o
 .rodata.str1.4
                0x01007184       0x34 ./Sources/main.o
                                 0x32 (size before relaxing)

.sbss2          0x010071b8        0x0
 .sbss2         0x010071b8        0x0 d:/nxp/s32ds_power_v2.1/s32ds/build_tools/powerpc-eabivle-4_9/bin/../lib/gcc/powerpc-eabivle/4.9.4/e200z4/fp/ecrtn.o

.eh_frame_hdr
 *(.eh_frame_hdr)

.eh_frame       0x010071b8        0x8
 *(.eh_frame)
 .eh_frame      0x010071b8        0x0 d:/nxp/s32ds_power_v2.1/s32ds/build_tools/powerpc-eabivle-4_9/bin/../lib/gcc/powerpc-eabivle/4.9.4/e200z4/fp/ecrti.o
                0x010071b8                __EH_FRAME_BEGIN__
 .eh_frame      0x010071b8        0x0 d:/nxp/s32ds_power_v2.1/s32ds/build_tools/powerpc-eabivle-4_9/bin/../lib/gcc/powerpc-eabivle/4.9.4/e200z4/fp/crtbegin.o
 .eh_frame      0x010071b8        0x0 d:/nxp/s32ds_power_v2.1/s32ds/build_tools/powerpc-eabivle-4_9/bin/../lib/gcc/powerpc-eabivle/4.9.4/e200z4/fp/crtbegin.o
 .eh_frame      0x010071b8        0x4 d:/nxp/s32ds_power_v2.1/s32ds/build_tools/powerpc-eabivle-4_9/bin/../lib/gcc/powerpc-eabivle/4.9.4/e200z4/fp/crtend.o
 .eh_frame      0x010071bc        0x4 d:/nxp/s32ds_power_v2.1/s32ds/build_tools/powerpc-eabivle-4_9/bin/../lib/gcc/powerpc-eabivle/4.9.4/e200z4/fp/ecrtn.o
                0x010071bc                __EH_FRAME_END__

.init_table     0x010071c0       0x40
                0x010071c0                . = ALIGN (0x4)
                0x010071c0                __COPY_TABLE = .
 *(.init_table)
 .init_table    0x010071c0       0x40 ./Project_Settings/Startup_Code/startup_MPC5748G.o

.zero_table     0x01007200       0x14
                0x01007200                . = ALIGN (0x4)
                0x01007200                __ZERO_TABLE = .
 *(.zero_table)
 .zero_table    0x01007200       0x14 ./Project_Settings/Startup_Code/startup_MPC5748G.o
                0x01007214                __TEXT_END = .

.rela.dyn       0x01007214        0x0
 .rela.iplt     0x01007214        0x0 d:/nxp/s32ds_power_v2.1/s32ds/build_tools/powerpc-eabivle-4_9/bin/../lib/gcc/powerpc-eabivle/4.9.4/e200z4/fp/crtbegin.o
 .rela.text     0x01007214        0x0 d:/nxp/s32ds_power_v2.1/s32ds/build_tools/powerpc-eabivle-4_9/bin/../lib/gcc/powerpc-eabivle/4.9.4/e200z4/fp/crtbegin.o
 .rela.rodata.uart_pal1_Config0
                0x01007214        0x0 d:/nxp/s32ds_power_v2.1/s32ds/build_tools/powerpc-eabivle-4_9/bin/../lib/gcc/powerpc-eabivle/4.9.4/e200z4/fp/crtbegin.o
 .rela.init_table
                0x01007214        0x0 d:/nxp/s32ds_power_v2.1/s32ds/build_tools/powerpc-eabivle-4_9/bin/../lib/gcc/powerpc-eabivle/4.9.4/e200z4/fp/crtbegin.o
 .rela.zero_table
                0x01007214        0x0 d:/nxp/s32ds_power_v2.1/s32ds/build_tools/powerpc-eabivle-4_9/bin/../lib/gcc/powerpc-eabivle/4.9.4/e200z4/fp/crtbegin.o
 .rela.cpu0_reset_vector
                0x01007214        0x0 d:/nxp/s32ds_power_v2.1/s32ds/build_tools/powerpc-eabivle-4_9/bin/../lib/gcc/powerpc-eabivle/4.9.4/e200z4/fp/crtbegin.o
 .rela.intc_vector_table
                0x01007214        0x0 d:/nxp/s32ds_power_v2.1/s32ds/build_tools/powerpc-eabivle-4_9/bin/../lib/gcc/powerpc-eabivle/4.9.4/e200z4/fp/crtbegin.o
 .rela.text.init_data_bss
                0x01007214        0x0 d:/nxp/s32ds_power_v2.1/s32ds/build_tools/powerpc-eabivle-4_9/bin/../lib/gcc/powerpc-eabivle/4.9.4/e200z4/fp/crtbegin.o
 .rela.text.INT_SYS_InstallHandler
                0x01007214        0x0 d:/nxp/s32ds_power_v2.1/s32ds/build_tools/powerpc-eabivle-4_9/bin/../lib/gcc/powerpc-eabivle/4.9.4/e200z4/fp/crtbegin.o
 .rela.text.LINFLEXD_UART_DRV_Init
                0x01007214        0x0 d:/nxp/s32ds_power_v2.1/s32ds/build_tools/powerpc-eabivle-4_9/bin/../lib/gcc/powerpc-eabivle/4.9.4/e200z4/fp/crtbegin.o
 .rela.text.LINFLEXD_UART_DRV_Deinit
                0x01007214        0x0 d:/nxp/s32ds_power_v2.1/s32ds/build_tools/powerpc-eabivle-4_9/bin/../lib/gcc/powerpc-eabivle/4.9.4/e200z4/fp/crtbegin.o
 .rela.got2     0x01007214        0x0 d:/nxp/s32ds_power_v2.1/s32ds/build_tools/powerpc-eabivle-4_9/bin/../lib/gcc/powerpc-eabivle/4.9.4/e200z4/fp/crtbegin.o

.interrupts_ram
                0x40000000      0xc00
                0x40000000                __VECTOR_RAM = .
 *(.m_interrupts_ram)
                0x40000c00                . = (. + __RAM_VECTOR_TABLE_SIZE)
 *fill*         0x40000000      0xc00 
                0x01007214                __CUSTOM_ROM = __TEXT_END

.customSectionBlock
                0x40000c00        0x0 load address 0x01007214
                0x40000c00                . = ALIGN (0x4)
                0x40000c00                __CUSTOM_RAM = .
                0x40000c00                __customSectionStart = .
                0x40000c00                __customSection_start__ = .
 *(.customSection)
                0x40000c00                . = ALIGN (0x4)
                0x40000c00                __customSection_end__ = .
                0x40000c00                __customSectionEnd = .
                0x01007214                __CUSTOM_END = (__CUSTOM_ROM + (__customSection_end__ - __customSection_start__))
                0x01007214                __DATA_ROM = __CUSTOM_END

.data           0x40000c00      0x48c load address 0x01007214
                0x40000c00                . = ALIGN (0x4)
                0x40000c00                __DATA_RAM = .
                0x40000c00                __data_start__ = .
 *(.data)
 .data          0x40000c00        0x4 d:/nxp/s32ds_power_v2.1/s32ds/build_tools/powerpc-eabivle-4_9/bin/../lib/gcc/powerpc-eabivle/4.9.4/e200z4/fp\libgcc.a(eabivle.o)
 *(.data.*)
 .data.peripheralClockMcMeConfig0
                0x40000c04      0x138 ./Generated_Code/clockMan1.o
                0x40000c04                peripheralClockMcMeConfig0
 .data.clockMan1_InitConfig0
                0x40000d3c      0x248 ./Generated_Code/clockMan1.o
                0x40000d3c                clockMan1_InitConfig0
 .data.g_pin_mux_InitConfigArr
                0x40000f84      0x108 ./Generated_Code/pin_mux.o
                0x40000f84                g_pin_mux_InitConfigArr
                0x4000108c                . = ALIGN (0x4)
                0x4000108c                __data_end__ = .
                0x010076a0                __DATA_END = (__DATA_ROM + (__data_end__ - __data_start__))
                0x010076a0                __SDATA_ROM = __DATA_END

.jcr            0x4000108c        0x0 load address 0x010076a0
 .jcr           0x4000108c        0x0 d:/nxp/s32ds_power_v2.1/s32ds/build_tools/powerpc-eabivle-4_9/bin/../lib/gcc/powerpc-eabivle/4.9.4/e200z4/fp/crtbegin.o

.tm_clone_table
                0x4000108c        0x0 load address 0x010076a0
 .tm_clone_table
                0x4000108c        0x0 d:/nxp/s32ds_power_v2.1/s32ds/build_tools/powerpc-eabivle-4_9/bin/../lib/gcc/powerpc-eabivle/4.9.4/e200z4/fp/crtbegin.o
 .tm_clone_table
                0x4000108c        0x0 d:/nxp/s32ds_power_v2.1/s32ds/build_tools/powerpc-eabivle-4_9/bin/../lib/gcc/powerpc-eabivle/4.9.4/e200z4/fp/crtend.o

.sdata          0x4000108c        0xc load address 0x010076a0
                0x4000108c                . = ALIGN (0x4)
                0x4000108c                __SDATA_RAM = .
                0x4000108c                __sdata_start__ = .
 *(.sdata)
 .sdata         0x4000108c        0x0 d:/nxp/s32ds_power_v2.1/s32ds/build_tools/powerpc-eabivle-4_9/bin/../lib/gcc/powerpc-eabivle/4.9.4/e200z4/fp/ecrti.o
                0x4000108c                __SDATA_START__
 .sdata         0x4000108c        0x0 d:/nxp/s32ds_power_v2.1/s32ds/build_tools/powerpc-eabivle-4_9/bin/../lib/gcc/powerpc-eabivle/4.9.4/e200z4/fp/crtbegin.o
                0x4000908c                _SDA_BASE_
 *(.sdata.*)
 .sdata.g_clockManConfigsArr
                0x4000108c        0x4 ./Generated_Code/clockMan1.o
                0x4000108c                g_clockManConfigsArr
 .sdata.g_xtal0ClkFreq
                0x40001090        0x4 ./SDK/platform/drivers/src/clock/MPC57xx/clock_MPC57xx.o
                0x40001090                g_xtal0ClkFreq
 .sdata.g_xtal1ClkFreq
                0x40001094        0x4 ./SDK/platform/drivers/src/clock/MPC57xx/clock_MPC57xx.o
                0x40001094                g_xtal1ClkFreq
                0x40001098                . = ALIGN (0x4)
                0x40001098                __sdata_end__ = .
                0x010076ac                __SDATA_END = (__SDATA_ROM + (__sdata_end__ - __sdata_start__))

.sbss           0x40001098       0x50 load address 0x010076ac
                0x40001098                . = ALIGN (0x4)
                0x40001098                __SBSS_START = .
                0x40001098                __sbss_start__ = .
 *(.sbss)
 .sbss          0x40001098        0x0 d:/nxp/s32ds_power_v2.1/s32ds/build_tools/powerpc-eabivle-4_9/bin/../lib/gcc/powerpc-eabivle/4.9.4/e200z4/fp/ecrtn.o
                0x40001098                __SBSS_END__
 *(.sbss.*)
 .sbss.g_clockManCallbacksArr
                0x40001098        0x4 ./Generated_Code/clockMan1.o
                0x40001098                g_clockManCallbacksArr
 .sbss.g_pllPhi1ClkFreq
                0x4000109c        0x4 ./SDK/platform/drivers/src/clock/MPC57xx/clock_MPC57xx.o
 .sbss.g_enetRmiiClkFreq
                0x400010a0        0x4 ./SDK/platform/drivers/src/clock/MPC57xx/clock_MPC57xx.o
 .sbss.g_fircClkUndividedFreq
                0x400010a4        0x4 ./SDK/platform/drivers/src/clock/MPC57xx/clock_MPC57xx.o
 .sbss.g_sircClkUndividedFreq
                0x400010a8        0x4 ./SDK/platform/drivers/src/clock/MPC57xx/clock_MPC57xx.o
 .sbss.g_fircClkFreq
                0x400010ac        0x4 ./SDK/platform/drivers/src/clock/MPC57xx/clock_MPC57xx.o
 .sbss.g_sxoscClkFreq
                0x400010b0        0x4 ./SDK/platform/drivers/src/clock/MPC57xx/clock_MPC57xx.o
 .sbss.g_pllPhi0ClkFreq
                0x400010b4        0x4 ./SDK/platform/drivers/src/clock/MPC57xx/clock_MPC57xx.o
 .sbss.g_sircClkFreq
                0x400010b8        0x4 ./SDK/platform/drivers/src/clock/MPC57xx/clock_MPC57xx.o
 .sbss.clockSourceFrequenciesAreCalculatedAndCached.6268
                0x400010bc        0x1 ./SDK/platform/drivers/src/clock/MPC57xx/clock_MPC57xx.o
 *fill*         0x400010bd        0x3 
 .sbss.g_sxoscClkUndividedFreq
                0x400010c0        0x4 ./SDK/platform/drivers/src/clock/MPC57xx/clock_MPC57xx.o
 .sbss.g_fxoscClkUndividedFreq
                0x400010c4        0x4 ./SDK/platform/drivers/src/clock/MPC57xx/clock_MPC57xx.o
 .sbss.g_fxoscClkFreq
                0x400010c8        0x4 ./SDK/platform/drivers/src/clock/MPC57xx/clock_MPC57xx.o
 .sbss.s_virtEdmaState
                0x400010cc        0x4 ./SDK/platform/drivers/src/edma/edma_driver.o
 .sbss.g_interruptDisableCount
                0x400010d0        0x4 ./SDK/platform/drivers/src/interrupt/interrupt_manager_MPC57xx.o
 .sbss.s_linFlexDStateInstanceMapping
                0x400010d4        0x1 ./SDK/platform/pal/src/uart/uart_pal.o
 *fill*         0x400010d5        0x3 
 .sbss.s_linFlexDStateIsAllocated
                0x400010d8        0x1 ./SDK/platform/pal/src/uart/uart_pal.o
 *fill*         0x400010d9        0x3 
 .sbss.s_osif_tick_cnt
                0x400010dc        0x4 ./SDK/rtos/osif/osif_baremetal.o
 .sbss.exit_code
                0x400010e0        0x4 ./Sources/main.o
                0x400010e0                exit_code
 .sbss.bufferIdx
                0x400010e4        0x1 ./Sources/main.o
                0x400010e4                bufferIdx
                0x400010e8                . = ALIGN (0x4)
 *fill*         0x400010e5        0x3 
                0x400010e8                __sbss_end__ = .
                0x400010e8                __SBSS_END = .

.bss            0x400010e8      0x1bc load address 0x010076fc
                0x400010e8                . = ALIGN (0x4)
                0x400010e8                __BSS_START = .
                0x400010e8                __bss_start__ = .
 *(.bss)
 .bss           0x400010e8       0x20 d:/nxp/s32ds_power_v2.1/s32ds/build_tools/powerpc-eabivle-4_9/bin/../lib/gcc/powerpc-eabivle/4.9.4/e200z4/fp/crtbegin.o
 *(.bss.*)
 .bss.g_clockState
                0x40001108       0x10 ./SDK/platform/drivers/src/clock/MPC57xx/clock_MPC57xx.o
 .bss.s_uartLINFlexDStatePtr
                0x40001118       0x48 ./SDK/platform/drivers/src/linflexd/linflexd_uart_driver.o
 .bss.s_linFlexDState
                0x40001160       0x44 ./SDK/platform/pal/src/uart/uart_pal.o
 .bss.buffer    0x400011a4      0x100 ./Sources/main.o
                0x400011a4                buffer
 *(COMMON)
                0x400012a4                . = ALIGN (0x4)
                0x400012a4                __bss_end__ = .
                0x400012a4                __BSS_END = .
                0x010076ac                __CODE_ROM = __SDATA_END

.iplt           0x400012b0        0x0 load address 0x010078c0
 .iplt          0x400012b0        0x0 d:/nxp/s32ds_power_v2.1/s32ds/build_tools/powerpc-eabivle-4_9/bin/../lib/gcc/powerpc-eabivle/4.9.4/e200z4/fp/crtbegin.o

.code           0x400012a4        0x0 load address 0x010076ac
                0x400012a4                . = ALIGN (0x4)
                0x400012a4                __CODE_RAM = .
                0x400012a4                __code_start__ = .
                0x400012a4                __code_ram_start__ = .
 *(.code_ram)
                0x400012a4                . = ALIGN (0x4)
                0x400012a4                __code_ram_end__ = .
                0x400012a4                __code_end__ = .
                0x010076ac                __CODE_END = (__CODE_ROM + (__code_end__ - __code_start__))

.stack          0x400012b0     0x1000 load address 0x010078d0
                0x400012b0                __HEAP = .
                [!provide]                PROVIDE (_end, .)
                [!provide]                PROVIDE (end, .)
                0x400012b0                . = (. + __HEAP_SIZE)
                0x400012b0                __HEAP_END = .
                0x400012b0                _stack_end = .
                0x400022b0                . = (. + __STACK_SIZE)
 *fill*         0x400012b0     0x1000 
                0x400022b0                . = ALIGN (0x4)
                0x400022b0                _stack_addr = .
                0x400022b0                __SP_INIT = .
                0x00040000                __SRAM_SIZE = SRAM_SIZE
                0x40000000                __SRAM_BASE_ADDR = SRAM_BASE_ADDR
                0x000001bc                __BSS_SIZE = (__BSS_END - __BSS_START)
OUTPUT(testUART_Z4_0.elf elf32-powerpc)

.comment        0x00000000       0x9c
 .comment       0x00000000        0xd d:/nxp/s32ds_power_v2.1/s32ds/build_tools/powerpc-eabivle-4_9/bin/../lib/gcc/powerpc-eabivle/4.9.4/e200z4/fp/ecrti.o
                                  0xe (size before relaxing)
 .comment       0x0000000d       0x82 d:/nxp/s32ds_power_v2.1/s32ds/build_tools/powerpc-eabivle-4_9/bin/../lib/gcc/powerpc-eabivle/4.9.4/e200z4/fp/crtbegin.o
                                 0x83 (size before relaxing)
 .comment       0x0000008f       0x83 ./Generated_Code/clockMan1.o
 .comment       0x0000008f       0x83 ./Generated_Code/pin_mux.o
 .comment       0x0000008f       0x83 ./Generated_Code/uart_pal1.o
 .comment       0x0000008f       0x83 ./SDK/platform/devices/MPC5748G/startup/system_MPC5748G.o
 .comment       0x0000008f       0x83 ./SDK/platform/devices/startup.o
 .comment       0x0000008f       0x83 ./SDK/platform/drivers/src/clock/MPC57xx/clock_MPC57xx.o
 .comment       0x0000008f       0x83 ./SDK/platform/drivers/src/edma/edma_driver.o
 .comment       0x0000008f       0x83 ./SDK/platform/drivers/src/edma/edma_hw_access.o
 .comment       0x0000008f       0x83 ./SDK/platform/drivers/src/edma/edma_irq.o
 .comment       0x0000008f       0x83 ./SDK/platform/drivers/src/interrupt/interrupt_manager_MPC57xx.o
 .comment       0x0000008f       0x83 ./SDK/platform/drivers/src/linflexd/linflexd_uart_driver.o
 .comment       0x0000008f       0x83 ./SDK/platform/drivers/src/linflexd/linflexd_uart_irq.o
 .comment       0x0000008f       0x83 ./SDK/platform/drivers/src/pins/siul2/pins_siul2_driver.o
 .comment       0x0000008f       0x83 ./SDK/platform/drivers/src/pins/siul2/siul2_hw_access.o
 .comment       0x0000008f       0x83 ./SDK/platform/pal/src/uart/uart_pal.o
 .comment       0x0000008f       0x83 ./SDK/rtos/osif/osif_baremetal.o
 .comment       0x0000008f       0x83 ./Sources/main.o
 .comment       0x0000008f       0x83 D:/NXP/S32DS_Power_v2.1/S32DS/build_tools/e200_ewl2/lib/e200z4/fp\libc99.a(strcmp.o)
 .comment       0x0000008f       0x83 D:/NXP/S32DS_Power_v2.1/S32DS/build_tools/e200_ewl2/lib/e200z4/fp\libc99.a(strlen.o)
 .comment       0x0000008f       0x83 d:/nxp/s32ds_power_v2.1/s32ds/build_tools/powerpc-eabivle-4_9/bin/../lib/gcc/powerpc-eabivle/4.9.4/e200z4/fp/crtend.o
 .comment       0x0000008f        0xd d:/nxp/s32ds_power_v2.1/s32ds/build_tools/powerpc-eabivle-4_9/bin/../lib/gcc/powerpc-eabivle/4.9.4/e200z4/fp/ecrtn.o
                                  0xe (size before relaxing)

.PPC.EMB.apuinfo
                0x00000000       0x20
 .PPC.EMB.apuinfo
                0x00000000       0x18 d:/nxp/s32ds_power_v2.1/s32ds/build_tools/powerpc-eabivle-4_9/bin/../lib/gcc/powerpc-eabivle/4.9.4/e200z4/fp/ecrti.o
 .PPC.EMB.apuinfo
                0x00000018       0x18 d:/nxp/s32ds_power_v2.1/s32ds/build_tools/powerpc-eabivle-4_9/bin/../lib/gcc/powerpc-eabivle/4.9.4/e200z4/fp/crtbegin.o
 .PPC.EMB.apuinfo
                0x00000030       0x1c ./Project_Settings/Startup_Code/core0_intc_sw_handlers.o
 .PPC.EMB.apuinfo
                0x0000004c       0x18 ./Project_Settings/Startup_Code/interrupt_vectors.o
 .PPC.EMB.apuinfo
                0x00000064       0x18 ./Project_Settings/Startup_Code/startup_MPC5748G.o
 .PPC.EMB.apuinfo
                0x0000007c       0x18 ./SDK/platform/devices/MPC5748G/startup/system_MPC5748G.o
 .PPC.EMB.apuinfo
                0x00000094       0x18 ./SDK/platform/devices/startup.o
 .PPC.EMB.apuinfo
                0x000000ac       0x18 ./SDK/platform/drivers/src/clock/MPC57xx/clock_MPC57xx.o
 .PPC.EMB.apuinfo
                0x000000c4       0x18 ./SDK/platform/drivers/src/edma/edma_driver.o
 .PPC.EMB.apuinfo
                0x000000dc       0x18 ./SDK/platform/drivers/src/edma/edma_hw_access.o
 .PPC.EMB.apuinfo
                0x000000f4       0x18 ./SDK/platform/drivers/src/edma/edma_irq.o
 .PPC.EMB.apuinfo
                0x0000010c       0x18 ./SDK/platform/drivers/src/interrupt/interrupt_manager_MPC57xx.o
 .PPC.EMB.apuinfo
                0x00000124       0x1c ./SDK/platform/drivers/src/linflexd/linflexd_uart_driver.o
 .PPC.EMB.apuinfo
                0x00000140       0x18 ./SDK/platform/drivers/src/linflexd/linflexd_uart_irq.o
 .PPC.EMB.apuinfo
                0x00000158       0x18 ./SDK/platform/drivers/src/pins/siul2/pins_siul2_driver.o
 .PPC.EMB.apuinfo
                0x00000170       0x18 ./SDK/platform/drivers/src/pins/siul2/siul2_hw_access.o
 .PPC.EMB.apuinfo
                0x00000188       0x18 ./SDK/platform/pal/src/uart/uart_pal.o
 .PPC.EMB.apuinfo
                0x000001a0       0x18 ./SDK/rtos/osif/osif_baremetal.o
 .PPC.EMB.apuinfo
                0x000001b8       0x18 ./Sources/main.o
 .PPC.EMB.apuinfo
                0x000001d0       0x18 D:/NXP/S32DS_Power_v2.1/S32DS/build_tools/e200_ewl2/lib/e200z4/fp\libc99.a(strcmp.o)
 .PPC.EMB.apuinfo
                0x000001e8       0x18 D:/NXP/S32DS_Power_v2.1/S32DS/build_tools/e200_ewl2/lib/e200z4/fp\libc99.a(strlen.o)
 .PPC.EMB.apuinfo
                0x00000200       0x18 d:/nxp/s32ds_power_v2.1/s32ds/build_tools/powerpc-eabivle-4_9/bin/../lib/gcc/powerpc-eabivle/4.9.4/e200z4/fp\libgcc.a(eabivle.o)
 .PPC.EMB.apuinfo
                0x00000218       0x18 d:/nxp/s32ds_power_v2.1/s32ds/build_tools/powerpc-eabivle-4_9/bin/../lib/gcc/powerpc-eabivle/4.9.4/e200z4/fp/crtend.o
 .PPC.EMB.apuinfo
                0x00000230       0x18 d:/nxp/s32ds_power_v2.1/s32ds/build_tools/powerpc-eabivle-4_9/bin/../lib/gcc/powerpc-eabivle/4.9.4/e200z4/fp/ecrtn.o

.debug_info     0x00000000    0x1faa6
 .debug_info    0x00000000     0x2849 ./Generated_Code/clockMan1.o
 .debug_info    0x00002849      0x781 ./Generated_Code/pin_mux.o
 .debug_info    0x00002fca      0xf59 ./Generated_Code/uart_pal1.o
 .debug_info    0x00003f23       0x99 ./Project_Settings/Startup_Code/core0_intc_sw_handlers.o
 .debug_info    0x00003fbc       0x94 ./Project_Settings/Startup_Code/interrupt_vectors.o
 .debug_info    0x00004050       0x8f ./Project_Settings/Startup_Code/startup_MPC5748G.o
 .debug_info    0x000040df     0x16b3 ./SDK/platform/devices/MPC5748G/startup/system_MPC5748G.o
 .debug_info    0x00005792      0x397 ./SDK/platform/devices/startup.o
 .debug_info    0x00005b29     0x6686 ./SDK/platform/drivers/src/clock/MPC57xx/clock_MPC57xx.o
 .debug_info    0x0000c1af     0x3c74 ./SDK/platform/drivers/src/edma/edma_driver.o
 .debug_info    0x0000fe23     0x1369 ./SDK/platform/drivers/src/edma/edma_hw_access.o
 .debug_info    0x0001118c      0x94f ./SDK/platform/drivers/src/edma/edma_irq.o
 .debug_info    0x00011adb     0x159a ./SDK/platform/drivers/src/interrupt/interrupt_manager_MPC57xx.o
 .debug_info    0x00013075     0x40db ./SDK/platform/drivers/src/linflexd/linflexd_uart_driver.o
 .debug_info    0x00017150      0x94c ./SDK/platform/drivers/src/linflexd/linflexd_uart_irq.o
 .debug_info    0x00017a9c     0x148b ./SDK/platform/drivers/src/pins/siul2/pins_siul2_driver.o
 .debug_info    0x00018f27      0x8b2 ./SDK/platform/drivers/src/pins/siul2/siul2_hw_access.o
 .debug_info    0x000197d9     0x1185 ./SDK/platform/pal/src/uart/uart_pal.o
 .debug_info    0x0001a95e     0x1af1 ./SDK/rtos/osif/osif_baremetal.o
 .debug_info    0x0001c44f     0x344d ./Sources/main.o
 .debug_info    0x0001f89c      0x11a D:/NXP/S32DS_Power_v2.1/S32DS/build_tools/e200_ewl2/lib/e200z4/fp\libc99.a(strcmp.o)
 .debug_info    0x0001f9b6       0xf0 D:/NXP/S32DS_Power_v2.1/S32DS/build_tools/e200_ewl2/lib/e200z4/fp\libc99.a(strlen.o)

.debug_abbrev   0x00000000     0x253a
 .debug_abbrev  0x00000000      0x126 ./Generated_Code/clockMan1.o
 .debug_abbrev  0x00000126      0x10c ./Generated_Code/pin_mux.o
 .debug_abbrev  0x00000232       0xa0 ./Generated_Code/uart_pal1.o
 .debug_abbrev  0x000002d2       0x14 ./Project_Settings/Startup_Code/core0_intc_sw_handlers.o
 .debug_abbrev  0x000002e6       0x14 ./Project_Settings/Startup_Code/interrupt_vectors.o
 .debug_abbrev  0x000002fa       0x12 ./Project_Settings/Startup_Code/startup_MPC5748G.o
 .debug_abbrev  0x0000030c      0x155 ./SDK/platform/devices/MPC5748G/startup/system_MPC5748G.o
 .debug_abbrev  0x00000461      0x133 ./SDK/platform/devices/startup.o
 .debug_abbrev  0x00000594      0x3b4 ./SDK/platform/drivers/src/clock/MPC57xx/clock_MPC57xx.o
 .debug_abbrev  0x00000948      0x3a1 ./SDK/platform/drivers/src/edma/edma_driver.o
 .debug_abbrev  0x00000ce9      0x264 ./SDK/platform/drivers/src/edma/edma_hw_access.o
 .debug_abbrev  0x00000f4d      0x1a1 ./SDK/platform/drivers/src/edma/edma_irq.o
 .debug_abbrev  0x000010ee      0x250 ./SDK/platform/drivers/src/interrupt/interrupt_manager_MPC57xx.o
 .debug_abbrev  0x0000133e      0x419 ./SDK/platform/drivers/src/linflexd/linflexd_uart_driver.o
 .debug_abbrev  0x00001757      0x100 ./SDK/platform/drivers/src/linflexd/linflexd_uart_irq.o
 .debug_abbrev  0x00001857      0x2eb ./SDK/platform/drivers/src/pins/siul2/pins_siul2_driver.o
 .debug_abbrev  0x00001b42      0x1c2 ./SDK/platform/drivers/src/pins/siul2/siul2_hw_access.o
 .debug_abbrev  0x00001d04      0x22e ./SDK/platform/pal/src/uart/uart_pal.o
 .debug_abbrev  0x00001f32      0x2e9 ./SDK/rtos/osif/osif_baremetal.o
 .debug_abbrev  0x0000221b      0x21d ./Sources/main.o
 .debug_abbrev  0x00002438       0x81 D:/NXP/S32DS_Power_v2.1/S32DS/build_tools/e200_ewl2/lib/e200z4/fp\libc99.a(strcmp.o)
 .debug_abbrev  0x000024b9       0x81 D:/NXP/S32DS_Power_v2.1/S32DS/build_tools/e200_ewl2/lib/e200z4/fp\libc99.a(strlen.o)

.debug_aranges  0x00000000      0xac0
 .debug_aranges
                0x00000000       0x18 ./Generated_Code/clockMan1.o
 .debug_aranges
                0x00000018       0x18 ./Generated_Code/pin_mux.o
 .debug_aranges
                0x00000030       0x18 ./Generated_Code/uart_pal1.o
 .debug_aranges
                0x00000048       0x20 ./Project_Settings/Startup_Code/core0_intc_sw_handlers.o
 .debug_aranges
                0x00000068       0x20 ./Project_Settings/Startup_Code/interrupt_vectors.o
 .debug_aranges
                0x00000088       0x28 ./Project_Settings/Startup_Code/startup_MPC5748G.o
 .debug_aranges
                0x000000b0       0x30 ./SDK/platform/devices/MPC5748G/startup/system_MPC5748G.o
 .debug_aranges
                0x000000e0       0x20 ./SDK/platform/devices/startup.o
 .debug_aranges
                0x00000100       0x78 ./SDK/platform/drivers/src/clock/MPC57xx/clock_MPC57xx.o
 .debug_aranges
                0x00000178      0x138 ./SDK/platform/drivers/src/edma/edma_driver.o
 .debug_aranges
                0x000002b0      0x178 ./SDK/platform/drivers/src/edma/edma_hw_access.o
 .debug_aranges
                0x00000428      0x120 ./SDK/platform/drivers/src/edma/edma_irq.o
 .debug_aranges
                0x00000548       0x80 ./SDK/platform/drivers/src/interrupt/interrupt_manager_MPC57xx.o
 .debug_aranges
                0x000005c8      0x100 ./SDK/platform/drivers/src/linflexd/linflexd_uart_driver.o
 .debug_aranges
                0x000006c8      0x1c8 ./SDK/platform/drivers/src/linflexd/linflexd_uart_irq.o
 .debug_aranges
                0x00000890       0xa0 ./SDK/platform/drivers/src/pins/siul2/pins_siul2_driver.o
 .debug_aranges
                0x00000930       0x28 ./SDK/platform/drivers/src/pins/siul2/siul2_hw_access.o
 .debug_aranges
                0x00000958       0x90 ./SDK/platform/pal/src/uart/uart_pal.o
 .debug_aranges
                0x000009e8       0x70 ./SDK/rtos/osif/osif_baremetal.o
 .debug_aranges
                0x00000a58       0x28 ./Sources/main.o
 .debug_aranges
                0x00000a80       0x20 D:/NXP/S32DS_Power_v2.1/S32DS/build_tools/e200_ewl2/lib/e200z4/fp\libc99.a(strcmp.o)
 .debug_aranges
                0x00000aa0       0x20 D:/NXP/S32DS_Power_v2.1/S32DS/build_tools/e200_ewl2/lib/e200z4/fp\libc99.a(strlen.o)

.debug_macro    0x00000000    0x29b3a
 .debug_macro   0x00000000      0x1fa ./Generated_Code/clockMan1.o
 .debug_macro   0x000001fa       0x1c ./Generated_Code/clockMan1.o
 .debug_macro   0x00000216    0x27e8c ./Generated_Code/clockMan1.o
 .debug_macro   0x000280a2       0x10 ./Generated_Code/clockMan1.o
 .debug_macro   0x000280b2       0x10 ./Generated_Code/clockMan1.o
 .debug_macro   0x000280c2      0x162 ./Generated_Code/pin_mux.o
 .debug_macro   0x00028224      0x1fe ./Generated_Code/uart_pal1.o
 .debug_macro   0x00028422      0x10a ./SDK/platform/devices/MPC5748G/startup/system_MPC5748G.o
 .debug_macro   0x0002852c       0x22 ./SDK/platform/devices/MPC5748G/startup/system_MPC5748G.o
 .debug_macro   0x0002854e      0x13b ./SDK/platform/devices/startup.o
 .debug_macro   0x00028689       0x58 ./SDK/platform/devices/startup.o
 .debug_macro   0x000286e1      0x186 ./SDK/platform/drivers/src/clock/MPC57xx/clock_MPC57xx.o
 .debug_macro   0x00028867       0x28 ./SDK/platform/drivers/src/clock/MPC57xx/clock_MPC57xx.o
 .debug_macro   0x0002888f      0x173 ./SDK/platform/drivers/src/edma/edma_driver.o
 .debug_macro   0x00028a02      0x14e ./SDK/platform/drivers/src/edma/edma_hw_access.o
 .debug_macro   0x00028b50      0x153 ./SDK/platform/drivers/src/edma/edma_irq.o
 .debug_macro   0x00028ca3      0x159 ./SDK/platform/drivers/src/interrupt/interrupt_manager_MPC57xx.o
 .debug_macro   0x00028dfc      0x1af ./SDK/platform/drivers/src/interrupt/interrupt_manager_MPC57xx.o
 .debug_macro   0x00028fab      0x19b ./SDK/platform/drivers/src/linflexd/linflexd_uart_driver.o
 .debug_macro   0x00029146       0x1c ./SDK/platform/drivers/src/linflexd/linflexd_uart_driver.o
 .debug_macro   0x00029162       0x10 ./SDK/platform/drivers/src/linflexd/linflexd_uart_driver.o
 .debug_macro   0x00029172      0x19b ./SDK/platform/drivers/src/linflexd/linflexd_uart_irq.o
 .debug_macro   0x0002930d      0x162 ./SDK/platform/drivers/src/pins/siul2/pins_siul2_driver.o
 .debug_macro   0x0002946f       0x10 ./SDK/platform/drivers/src/pins/siul2/pins_siul2_driver.o