Archive member included to satisfy reference by file (symbol)

d:/nxp/s32ds_power_v2.1/s32ds/build_tools/powerpc-eabivle-4_9/bin/../lib/gcc/powerpc-eabivle/4.9.4/e200z4/fp\libgcc.a(_udivdi3.o)
                              ./SDK/platform/drivers/src/stm/stm_driver.o (__udivdi3)
d:/nxp/s32ds_power_v2.1/s32ds/build_tools/powerpc-eabivle-4_9/bin/../lib/gcc/powerpc-eabivle/4.9.4/e200z4/fp\libgcc.a(eabivle.o)
                              ./Sources/main.o (__eabi)

Discarded input sections

 .text          0x00000000        0x0 d:/nxp/s32ds_power_v2.1/s32ds/build_tools/powerpc-eabivle-4_9/bin/../lib/gcc/powerpc-eabivle/4.9.4/e200z4/fp/ecrti.o
 .data          0x00000000        0x0 d:/nxp/s32ds_power_v2.1/s32ds/build_tools/powerpc-eabivle-4_9/bin/../lib/gcc/powerpc-eabivle/4.9.4/e200z4/fp/ecrti.o
 .bss           0x00000000        0x0 d:/nxp/s32ds_power_v2.1/s32ds/build_tools/powerpc-eabivle-4_9/bin/../lib/gcc/powerpc-eabivle/4.9.4/e200z4/fp/ecrti.o
 .fixup         0x00000000        0x0 d:/nxp/s32ds_power_v2.1/s32ds/build_tools/powerpc-eabivle-4_9/bin/../lib/gcc/powerpc-eabivle/4.9.4/e200z4/fp/ecrti.o
 .sbss          0x00000000        0x0 d:/nxp/s32ds_power_v2.1/s32ds/build_tools/powerpc-eabivle-4_9/bin/../lib/gcc/powerpc-eabivle/4.9.4/e200z4/fp/ecrti.o
 .sbss2         0x00000000        0x0 d:/nxp/s32ds_power_v2.1/s32ds/build_tools/powerpc-eabivle-4_9/bin/../lib/gcc/powerpc-eabivle/4.9.4/e200z4/fp/ecrti.o
 .gcc_except_table
                0x00000000        0x0 d:/nxp/s32ds_power_v2.1/s32ds/build_tools/powerpc-eabivle-4_9/bin/../lib/gcc/powerpc-eabivle/4.9.4/e200z4/fp/ecrti.o
 .data          0x00000000        0x4 d:/nxp/s32ds_power_v2.1/s32ds/build_tools/powerpc-eabivle-4_9/bin/../lib/gcc/powerpc-eabivle/4.9.4/e200z4/fp/crtbegin.o
 .group         0x00000000        0x8 ./Generated_Code/Cpu.o
 .group         0x00000000        0x8 ./Generated_Code/Cpu.o
 .group         0x00000000        0x8 ./Generated_Code/Cpu.o
 .group         0x00000000        0x8 ./Generated_Code/Cpu.o
 .group         0x00000000        0x8 ./Generated_Code/Cpu.o
 .group         0x00000000        0x8 ./Generated_Code/Cpu.o
 .group         0x00000000        0x8 ./Generated_Code/Cpu.o
 .group         0x00000000        0x8 ./Generated_Code/Cpu.o
 .group         0x00000000        0x8 ./Generated_Code/Cpu.o
 .group         0x00000000        0x8 ./Generated_Code/Cpu.o
 .group         0x00000000        0x8 ./Generated_Code/Cpu.o
 .group         0x00000000        0x8 ./Generated_Code/Cpu.o
 .group         0x00000000        0x8 ./Generated_Code/Cpu.o
 .group         0x00000000        0x8 ./Generated_Code/Cpu.o
 .group         0x00000000        0x8 ./Generated_Code/Cpu.o
 .group         0x00000000        0x8 ./Generated_Code/Cpu.o
 .group         0x00000000        0x8 ./Generated_Code/Cpu.o
 .group         0x00000000        0x8 ./Generated_Code/Cpu.o
 .group         0x00000000        0x8 ./Generated_Code/Cpu.o
 .group         0x00000000        0x8 ./Generated_Code/Cpu.o
 .group         0x00000000        0x8 ./Generated_Code/Cpu.o
 .group         0x00000000        0x8 ./Generated_Code/Cpu.o
 .group         0x00000000        0x8 ./Generated_Code/Cpu.o
 .group         0x00000000        0x8 ./Generated_Code/Cpu.o
 .group         0x00000000        0x8 ./Generated_Code/Cpu.o
 .text          0x00000000        0x0 ./Generated_Code/Cpu.o
 .data          0x00000000        0x0 ./Generated_Code/Cpu.o
 .bss           0x00000000        0x0 ./Generated_Code/Cpu.o
 .debug_info    0x00000000       0x76 ./Generated_Code/Cpu.o
 .debug_abbrev  0x00000000       0x29 ./Generated_Code/Cpu.o
 .debug_aranges
                0x00000000       0x18 ./Generated_Code/Cpu.o
 .debug_macro   0x00000000      0x1b8 ./Generated_Code/Cpu.o
 .debug_macro   0x00000000      0x616 ./Generated_Code/Cpu.o
 .debug_macro   0x00000000       0x52 ./Generated_Code/Cpu.o
 .debug_macro   0x00000000       0xa0 ./Generated_Code/Cpu.o
 .debug_macro   0x00000000       0x16 ./Generated_Code/Cpu.o
 .debug_macro   0x00000000       0x11 ./Generated_Code/Cpu.o
 .debug_macro   0x00000000       0x75 ./Generated_Code/Cpu.o
 .debug_macro   0x00000000       0x16 ./Generated_Code/Cpu.o
 .debug_macro   0x00000000       0x5e ./Generated_Code/Cpu.o
 .debug_macro   0x00000000      0x1aa ./Generated_Code/Cpu.o
 .debug_macro   0x00000000      0x13a ./Generated_Code/Cpu.o
 .debug_macro   0x00000000       0x9d ./Generated_Code/Cpu.o
 .debug_macro   0x00000000       0x10 ./Generated_Code/Cpu.o
 .debug_macro   0x00000000      0x15b ./Generated_Code/Cpu.o
 .debug_macro   0x00000000       0x28 ./Generated_Code/Cpu.o
 .debug_macro   0x00000000       0x58 ./Generated_Code/Cpu.o
 .debug_macro   0x00000000    0x27e7a ./Generated_Code/Cpu.o
 .debug_macro   0x00000000     0x15f0 ./Generated_Code/Cpu.o
 .debug_macro   0x00000000       0x22 ./Generated_Code/Cpu.o
 .debug_macro   0x00000000      0x3f7 ./Generated_Code/Cpu.o
 .debug_macro   0x00000000       0x28 ./Generated_Code/Cpu.o
[...]
Memory Configuration

Name             Origin             Length             Attributes
SRAM             0x40000000         0x00040000
*default*        0x00000000         0xffffffff

Linker script and memory map

LOAD d:/nxp/s32ds_power_v2.1/s32ds/build_tools/powerpc-eabivle-4_9/bin/../lib/gcc/powerpc-eabivle/4.9.4/e200z4/fp/ecrti.o
LOAD d:/nxp/s32ds_power_v2.1/s32ds/build_tools/powerpc-eabivle-4_9/bin/../lib/gcc/powerpc-eabivle/4.9.4/e200z4/fp/crtbegin.o
LOAD ./Generated_Code/Cpu.o
LOAD ./Generated_Code/clockMan1.o
LOAD ./Generated_Code/pin_mux.o
LOAD ./Generated_Code/stm0.o
LOAD ./Project_Settings/Startup_Code/core0_intc_sw_handlers.o
LOAD ./Project_Settings/Startup_Code/interrupt_vectors.o
LOAD ./Project_Settings/Startup_Code/startup_MPC5748G.o
LOAD ./SDK/platform/devices/MPC5748G/startup/system_MPC5748G.o
LOAD ./SDK/platform/devices/startup.o
LOAD ./SDK/platform/drivers/src/clock/MPC57xx/clock_MPC57xx.o
LOAD ./SDK/platform/drivers/src/interrupt/interrupt_manager_MPC57xx.o
LOAD ./SDK/platform/drivers/src/pins/siul2/pins_siul2_driver.o
LOAD ./SDK/platform/drivers/src/pins/siul2/siul2_hw_access.o
LOAD ./SDK/platform/drivers/src/stm/stm_driver.o
LOAD ./Sources/main.o
START GROUP
LOAD D:/NXP/S32DS_Power_v2.1/S32DS/build_tools/e200_ewl2/lib/e200z4/fp\libc99.a
LOAD D:/NXP/S32DS_Power_v2.1/S32DS/build_tools/e200_ewl2/lib/e200z4/fp\libm.a
LOAD d:/nxp/s32ds_power_v2.1/s32ds/build_tools/powerpc-eabivle-4_9/bin/../lib/gcc/powerpc-eabivle/4.9.4/e200z4/fp\libgcc.a
LOAD D:/NXP/S32DS_Power_v2.1/S32DS/build_tools/e200_ewl2/lib/e200z4/fp\librt.a
END GROUP
LOAD d:/nxp/s32ds_power_v2.1/s32ds/build_tools/powerpc-eabivle-4_9/bin/../lib/gcc/powerpc-eabivle/4.9.4/e200z4/fp/crtend.o
LOAD d:/nxp/s32ds_power_v2.1/s32ds/build_tools/powerpc-eabivle-4_9/bin/../lib/gcc/powerpc-eabivle/4.9.4/e200z4/fp/ecrtn.o
                0x00000000                __HEAP_SIZE = DEFINED (__heap_size__)?__heap_size__:0x0
                0x00001000                __STACK_SIZE = DEFINED (__stack_size__)?__stack_size__:0x1000
                0x40000000                SRAM_BASE_ADDR = DEFINED (__sram_base_addr__)?__sram_base_addr__:0x40000000
                0x00040000                SRAM_SIZE = DEFINED (__sram_size__)?__sram_size__:0x40000

.startup        0x40000000      0x168
                0x40000000                __start = .
 *(.startup)
 .startup       0x40000000      0x168 ./Project_Settings/Startup_Code/startup_MPC5748G.o
                0x40000000                Reset_Handler
                0x40000000                _start

.core_exceptions_table
                0x40001000       0xb4
                0x40001000                __IVPR_VALUE = .
 *(.core_exceptions_table)
 .core_exceptions_table
                0x40001000       0xb4 ./Project_Settings/Startup_Code/interrupt_vectors.o
                0x40001000                IVOR0_Vector
                0x40001000                VTABLE
                0x40001010                IVOR1_Vector
                0x40001020                IVOR2_Vector
                0x40001030                IVOR3_Vector
                0x40001040                IVOR4_Vector
                0x40001050                IVOR5_Vector
                0x40001060                IVOR6_Vector
                0x40001070                IVOR35_Vector
                0x40001080                IVOR8_Vector
                0x40001090                IVOR15_Vector
                0x400010a0                IVOR33_Vector
                0x400010b0                IVOR34_Vector

.intc_vector_table
                0x40002000      0xbcc
                0x40002000                __VECTOR_TABLE = .
                0x40002000                __VECTOR_RAM = .
                0x40002000                __interrupts_start__ = .
 *(.intc_vector_table)
 .intc_vector_table
                0x40002000      0xbcc ./Project_Settings/Startup_Code/startup_MPC5748G.o
                0x40002000                __isr_vector
                0x40002bc8                SIUL_EIRQ_16_23_IRQHandler
                0x40002bc8                DSPI0_FIFO_Error_IRQHandler
                0x40002bc8                DSPI1_Send_IRQHandler
                0x40002bc8                LINFLEXD5_UART_ErrIRQHandler
                0x40002bc8                CAN4_ORed_12_15_MB_IRQHandler
                0x40002bc8                LINFLEXD3_UART_ErrIRQHandler
                0x40002bc8                PIT_Ch15_IRQHandler
                0x40002bc8                CAN5_Error_IRQHandler
                0x40002bc8                DSPI6_Send_IRQHandler
                0x40002bc8                LINFLEXD6_UART_ErrIRQHandler
                0x40002bc8                CAN1_ORed_12_15_MB_IRQHandler
                0x40002bc8                SWT0_IRQHandler
                0x40002bc8                PIT_Ch10_IRQHandler
                0x40002bc8                SAI2_Rx_IRQHandler
                0x40002bc8                LINFLEXD2_UART_TxIRQHandler
                0x40002bc8                CAN2_ORed_12_15_MB_IRQHandler
                0x40002bc8                PIT_Ch14_IRQHandler
                0x40002bc8                PIT_Ch0_IRQHandler
                0x40002bc8                DMA0_Ch31_IRQHandler
                0x40002bc8                EMIOS1_26_27_IRQHandler
                0x40002bc8                STM2_Ch2_IRQHandler
                0x40002bc8                DMA0_Ch27_IRQHandler
                0x40002bc8                LINFLEXD13_UART_RxIRQHandler
                0x40002bc8                EMIOS0_22_23_IRQHandler
                0x40002bc8                EMIOS1_28_29_IRQHandler
                0x40002bc8                CAN1_ORed_IRQHandler
                0x40002bc8                SAI0_Rx_IRQHandler
                0x40002bc8                DSPI3_Receive_IRQHandler
                0x40002bc8                ADC1_ER_IRQHandler
                0x40002bc8                LINFLEXD10_UART_RxIRQHandler
                0x40002bc8                EMIOS1_30_31_IRQHandler
                0x40002bc8                EMIOS0_10_11_IRQHandler
                0x40002bc8                IVOR34_Exception_Handler
                0x40002bc8                DSPI4_Send_IRQHandler
                0x40002bc8                DSPI5_FIFO_Error_IRQHandler
                0x40002bc8                USBOTG_IRQHandler
                0x40002bc8                EMIOS1_00_01_IRQHandler
                0x40002bc8                ADC1_WD_IRQHandler
                0x40002bc8                IVOR5_Exception_Handler
                0x40002bc8                ADC0_WD_IRQHandler
                0x40002bc8                EMIOS0_30_31_IRQHandler
                0x40002bc8                ENET0_Rx_1_IRQHandler
                0x40002bc8                LINFLEXD14_UART_RxIRQHandler
                0x40002bc8                ENET1_Rx_2_IRQHandler
                0x40002bc8                LINFLEXD5_UART_RxIRQHandler
                0x40002bc8                LINFLEXD7_UART_RxIRQHandler
                0x40002bc8                CAN2_ORed_04_07_MB_IRQHandler
                0x40002bc8                SWT2_IRQHandler
                0x40002bc8                CAN7_ORed_IRQHandler
                0x40002bc8                ENET0_Parser_IRQHandler
                0x40002bc8                LINFLEXD0_UART_ErrIRQHandler
                0x40002bc8                ENET0_Tx_2_IRQHandler
                0x40002bc8                DSPI3_Send_IRQHandler
                0x40002bc8                ENET1_Tx_IRQHandler
                0x40002bc8                CAN3_Error_IRQHandler
                0x40002bc8                CAN1_ORed_64_95_MB_IRQHandler
                0x40002bc8                CAN2_Error_IRQHandler
                0x40002bc8                SAI2_Tx_IRQHandler
                0x40002bc8                PIT_Ch7_IRQHandler
                0x40002bc8                CAN5_ORed_04_07_MB_IRQHandler
                0x40002bc8                IVOR2_Exception_Handler
                0x40002bc8                EMIOS2_26_27_IRQHandler
                0x40002bc8                LINFLEXD0_UART_TxIRQHandler
                0x40002bc8                LINFLEXD10_UART_TxIRQHandler
                0x40002bc8                LINFLEXD13_UART_TxIRQHandler
                0x40002bc8                DMA0_Ch24_IRQHandler
                0x40002bc8                IVOR33_Exception_Handler
                0x40002bc8                DMA0_Ch13_IRQHandler
                0x40002bc8                STM2_Ch3_IRQHandler
                0x40002bc8                WKPU_23_16_IRQHandler
                0x40002bc8                DMA0_Ch6_IRQHandler
                0x40002bc8                EMIOS2_00_01_IRQHandler
                0x40002bc8                DMA0_Ch7_IRQHandler
                0x40002bc8                EMIOS0_24_25_IRQHandler
                0x40002bc8                DMA0_Ch16_IRQHandler
                0x40002bc8                DSPI9_FIFO_Error_IRQHandler
                0x40002bc8                DMA0_Ch30_IRQHandler
                0x40002bc8                DSPI2_FIFO_Error_IRQHandler
                0x40002bc8                CAN1_ORed_00_03_MB_IRQHandler
                0x40002bc8                LINFLEXD9_UART_ErrIRQHandler
                0x40002bc8                SAI0_Tx_IRQHandler
                0x40002bc8                CAN3_ORed_16_31_MB_IRQHandler
                0x40002bc8                DSPI9_Receive_IRQHandler
                0x40002bc8                CAN5_ORed_00_03_MB_IRQHandler
                0x40002bc8                LINFLEXD14_UART_TxIRQHandler
                0x40002bc8                LINFLEXD9_UART_TxIRQHandler
                0x40002bc8                LINFLEXD17_UART_RxIRQHandler
                0x40002bc8                DMA0_Ch17_IRQHandler
                0x40002bc8                DMA0_Ch2_IRQHandler
                0x40002bc8                DSPI6_Receive_IRQHandler
                0x40002bc8                DMA0_Ch10_IRQHandler
                0x40002bc8                LINFLEXD10_UART_ErrIRQHandler
                0x40002bc8                PIT_Ch1_IRQHandler
                0x40002bc8                EMIOS0_12_13_IRQHandler
                0x40002bc8                PIT_Ch5_IRQHandler
                0x40002bc8                DSPI0_Send_IRQHandler
                0x40002bc8                DMA0_Ch9_IRQHandler
                0x40002bc8                ENET1_Rx_IRQHandler
                0x40002bc8                EMIOS1_14_15_IRQHandler
                0x40002bc8                LINFLEXD16_UART_ErrIRQHandler
                0x40002bc8                CAN5_ORed_64_95_MB_IRQHandler
                0x40002bc8                LINFLEXD14_UART_ErrIRQHandler
                0x40002bc8                CAN4_ORed_IRQHandler
                0x40002bc8                BCTU_ListLast_IRQHandler
                0x40002bc8                ENET0_Rx_IRQHandler
                0x40002bc8                DMA0_Ch3_IRQHandler
                0x40002bc8                DSPI0_Receive_IRQHandler
                0x40002bc8                DMA0_Ch0_IRQHandler
                0x40002bc8                DMA0_Ch4_IRQHandler
                0x40002bc8                I2C_DRV_Module2IRQHandler
                0x40002bc8                SAI1_Tx_IRQHandler
                0x40002bc8                CAN7_ORed_08_11_MB_IRQHandler
                0x40002bc8                EMIOS0_14_15_IRQHandler
                0x40002bc8                PIT_Ch2_IRQHandler
                0x40002bc8                CMP0_IRQHandler
                0x40002bc8                DMA0_Ch28_IRQHandler
                0x40002bc8                CAN0_Wake_Up_IRQHandler
                0x40002bc8                STM2_Ch0_IRQHandler
                0x40002bc8                ADC0_EOC_IRQHandler
                0x40002bc8                LINFLEXD11_UART_ErrIRQHandler
                0x40002bc8                DMA0_Ch23_IRQHandler
                0x40002bc8                EMIOS0_16_17_IRQHandler
                0x40002bc8                DSPI2_Send_IRQHandler
                0x40002bc8                DMA0_Ch5_IRQHandler
                0x40002bc8                ENET1_Timer_IRQHandler
                0x40002bc8                CAN7_ORed_04_07_MB_IRQHandler
                0x40002bc8                PIT_Ch11_IRQHandler
                0x40002bc8                CAN0_Error_IRQHandler
                0x40002bc8                CAN5_ORed_08_11_MB_IRQHandler
                0x40002bc8                PIT_Ch12_IRQHandler
                0x40002bc8                CAN3_ORed_32_63_MB_IRQHandler
                0x40002bc8                ENET0_Rx_2_IRQHandler
                0x40002bc8                CAN5_ORed_IRQHandler
                0x40002bc8                LINFLEXD11_UART_RxIRQHandler
                0x40002bc8                CAN2_ORed_16_31_MB_IRQHandler
                0x40002bc8                CAN4_ORed_04_07_MB_IRQHandler
                0x40002bc8                ENET0_Tx_1_IRQHandler
                0x40002bc8                LINFLEXD15_UART_RxIRQHandler
                0x40002bc8                DSPI2_Receive_IRQHandler
                0x40002bc8                LINFLEXD1_UART_ErrIRQHandler
                0x40002bc8                EMIOS1_10_11_IRQHandler
                0x40002bc8                PIT_Ch4_IRQHandler
                0x40002bc8                EMIOS2_28_29_IRQHandler
                0x40002bc8                CAN7_ORed_00_03_MB_IRQHandler
                0x40002bc8                CAN6_ORed_08_11_MB_IRQHandler
                0x40002bc8                DSPI1_FIFO_Error_IRQHandler
                0x40002bc8                CAN2_ORed_32_63_MB_IRQHandler
                0x40002bc8                CAN1_ORed_16_31_MB_IRQHandler
                0x40002bc8                LINFLEXD13_UART_ErrIRQHandler
                0x40002bc8                LINFLEXD12_UART_TxIRQHandler
                0x40002bc8                DSPI4_FIFO_Error_IRQHandler
                0x40002bc8                CAN7_ORed_12_15_MB_IRQHandler
                0x40002bc8                IVOR15_Exception_Handler
                0x40002bc8                ENET0_Err_IRQHandler
                0x40002bc8                CAN0_ORed_04_07_MB_IRQHandler
                0x40002bc8                LINFLEXD4_UART_TxIRQHandler
                0x40002bc8                CAN4_ORed_16_31_MB_IRQHandler
                0x40002bc8                CAN3_ORed_00_03_MB_IRQHandler
                0x40002bc8                DSPI7_Receive_IRQHandler
                0x40002bc8                DMA0_Ch20_IRQHandler
                0x40002bc8                LINFLEXD8_UART_TxIRQHandler
                0x40002bc8                ADC0_ER_IRQHandler
                0x40002bc8                CAN6_ORed_04_07_MB_IRQHandler
                0x40002bc8                ENET1_Tx_1_IRQHandler
                0x40002bc8                SIUL_EIRQ_00_07_IRQHandler
                0x40002bc8                CAN3_ORed_08_11_MB_IRQHandler
                0x40002bc8                LINFLEXD11_UART_TxIRQHandler
                0x40002bc8                EMIOS1_04_05_IRQHandler
                0x40002bc8                STM2_Ch1_IRQHandler
                0x40002bc8                DSPI7_FIFO_Error_IRQHandler
                0x40002bc8                SIUL_EIRQ_24_31_IRQHandler
                0x40002bc8                EMIOS1_06_07_IRQHandler
                0x40002bc8                IVOR3_Exception_Handler
                0x40002bc8                LINFLEXD12_UART_ErrIRQHandler
                0x40002bc8                EMIOS1_12_13_IRQHandler
                0x40002bc8                STM1_Ch1_IRQHandler
                0x40002bc8                CAN4_Error_IRQHandler
                0x40002bc8                DMA0_Ch11_IRQHandler
                0x40002bc8                LINFLEXD7_UART_TxIRQHandler
                0x40002bc8                IVOR1_Exception_Handler
                0x40002bc8                CAN4_ORed_32_63_MB_IRQHandler
                0x40002bc8                LINFLEXD2_UART_RxIRQHandler
                0x40002bc8                I2C_DRV_Module1IRQHandler
                0x40002bc8                ENET0_Tx_IRQHandler
                0x40002bc8                DSPI8_Receive_IRQHandler
                0x40002bc8                STM1_Ch0_IRQHandler
                0x40002bc8                CMP2_IRQHandler
                0x40002bc8                EMIOS2_20_21_IRQHandler
                0x40002bc8                CAN6_ORed_64_95_MB_IRQHandler
                0x40002bc8                DSPI5_Receive_IRQHandler
                0x40002bc8                LINFLEXD2_UART_ErrIRQHandler
                0x40002bc8                CAN0_ORed_32_63_MB_IRQHandler
                0x40002bc8                EMIOS2_04_05_IRQHandler
                0x40002bc8                HSM_DRV_IRQHandler
                0x40002bc8                IVOR0_Exception_Handler
                0x40002bc8                IVOR35_Exception_Handler
                0x40002bc8                LINFLEXD3_UART_TxIRQHandler
                0x40002bc8                CAN0_ORed_00_03_MB_IRQHandler
                0x40002bc8                CAN2_ORed_00_03_MB_IRQHandler
                0x40002bc8                LINFLEXD3_UART_RxIRQHandler
                0x40002bc8                PIT_RTI_IRQHandler
                0x40002bc8                DMA0_Ch14_IRQHandler
                0x40002bc8                CAN1_Error_IRQHandler
                0x40002bc8                CAN7_ORed_16_31_MB_IRQHandler
                0x40002bc8                LINFLEXD12_UART_RxIRQHandler
                0x40002bc8                CAN4_ORed_00_03_MB_IRQHandler
                0x40002bc8                WKPU_31_24_IRQHandler
                0x40002bc8                DSPI9_Send_IRQHandler
                0x40002bc8                IVOR8_Exception_Handler
                0x40002bc8                PIT_Ch13_IRQHandler
                0x40002bc8                LINFLEXD16_UART_TxIRQHandler
                0x40002bc8                EMIOS1_02_03_IRQHandler
                0x40002bc8                CAN0_ORed_IRQHandler
                0x40002bc8                LINFLEXD4_UART_ErrIRQHandler
                0x40002bc8                STM0_Ch2_IRQHandler
                0x40002bc8                CAN0_ORed_12_15_MB_IRQHandler
                0x40002bc8                CAN5_ORed_12_15_MB_IRQHandler
                0x40002bc8                STM0_Ch3_IRQHandler
                0x40002bc8                EMIOS0_18_19_IRQHandler
                0x40002bc8                CAN3_ORed_04_07_MB_IRQHandler
                0x40002bc8                WKPU_15_08_IRQHandler
                0x40002bc8                EMIOS0_00_01_IRQHandler
                0x40002bc8                CAN4_ORed_64_95_MB_IRQHandler
                0x40002bc8                LINFLEXD15_UART_TxIRQHandler
                0x40002bc8                LINFLEXD15_UART_ErrIRQHandler
                0x40002bc8                LINFLEXD6_UART_RxIRQHandler
                0x40002bc8                DSPI8_FIFO_Error_IRQHandler
                0x40002bc8                CAN7_ORed_32_63_MB_IRQHandler
                0x40002bc8                RTC0_IRQHandler
                0x40002bc8                LINFLEXD0_UART_RxIRQHandler
                0x40002bc8                DMA0_Ch25_IRQHandler
                0x40002bc8                LINFLEXD17_UART_ErrIRQHandler
                0x40002bc8                DSPI3_FIFO_Error_IRQHandler
                0x40002bc8                EMIOS2_18_19_IRQHandler
                0x40002bc8                LINFLEXD8_UART_RxIRQHandler
                0x40002bc8                I2C_DRV_Module0IRQHandler
                0x40002bc8                LINFLEXD7_UART_ErrIRQHandler
                0x40002bc8                EMIOS0_20_21_IRQHandler
                0x40002bc8                LINFLEXD17_UART_TxIRQHandler
                0x40002bc8                USBHS_IRQHandler
                0x40002bc8                I2C_DRV_Module3IRQHandler
                0x40002bc8                EMIOS1_24_25_IRQHandler
                0x40002bc8                CAN7_ORed_64_95_MB_IRQHandler
                0x40002bc8                DMA0_Ch1_IRQHandler
                0x40002bc8                DMA0_Ch29_IRQHandler
                0x40002bc8                EMIOS2_02_03_IRQHandler
                0x40002bc8                DSPI7_Send_IRQHandler
                0x40002bc8                DMA0_Ch15_IRQHandler
                0x40002bc8                STM1_Ch3_IRQHandler
                0x40002bc8                PIT_Ch6_IRQHandler
                0x40002bc8                IVOR6_Exception_Handler
                0x40002bc8                DMA0_Ch0_Ch31_Error_IRQHandler
                0x40002bc8                LINFLEXD9_UART_RxIRQHandler
                0x40002bc8                EMIOS2_10_11_IRQHandler
                0x40002bc8                PIT_Ch9_IRQHandler
                0x40002bc8                SIUL_EIRQ_08_15_IRQHandler
                0x40002bc8                ENET1_Rx_1_IRQHandler
                0x40002bc8                CAN5_ORed_32_63_MB_IRQHandler
                0x40002bc8                CAN2_ORed_IRQHandler
                0x40002bc8                FLASH_Done_IRQHandler
                0x40002bc8                LINFLEXD16_UART_RxIRQHandler
                0x40002bc8                CAN6_ORed_00_03_MB_IRQHandler
                0x40002bc8                EMIOS2_12_13_IRQHandler
                0x40002bc8                LINFLEXD5_UART_TxIRQHandler
                0x40002bc8                DMA0_Ch21_IRQHandler
                0x40002bc8                CAN7_Error_IRQHandler
                0x40002bc8                DSPI4_Receive_IRQHandler
                0x40002bc8                EMIOS0_26_27_IRQHandler
                0x40002bc8                CAN3_ORed_64_95_MB_IRQHandler
                0x40002bc8                DMA0_Ch8_IRQHandler
                0x40002bc8                PIT_Ch3_IRQHandler
                0x40002bc8                EMIOS1_08_09_IRQHandler
                0x40002bc8                DSPI8_Send_IRQHandler
                0x40002bc8                API0_IRQHandler
                0x40002bc8                EMIOS2_06_07_IRQHandler
                0x40002bc8                ENET1_Parser_IRQHandler
                0x40002bc8                EMIOS0_04_05_IRQHandler
                0x40002bc8                STM1_Ch2_IRQHandler
                0x40002bc8                CAN2_ORed_64_95_MB_IRQHandler
                0x40002bc8                CAN1_ORed_08_11_MB_IRQHandler
                0x40002bc8                CAN6_ORed_IRQHandler
                0x40002bc8                LINFLEXD6_UART_TxIRQHandler
                0x40002bc8                LINFLEXD1_UART_TxIRQHandler
                0x40002bc8                ENET1_Err_IRQHandler
                0x40002bc8                DMA0_Ch26_IRQHandler
                0x40002bc8                DMA0_Ch19_IRQHandler
                0x40002bc8                CAN0_ORed_08_11_MB_IRQHandler
                0x40002bc8                CAN6_Error_IRQHandler
                0x40002bc8                EMIOS1_16_17_IRQHandler
                0x40002bc8                SWT1_IRQHandler
                0x40002bc8                EMIOS2_24_25_IRQHandler
                0x40002bc8                CAN2_ORed_08_11_MB_IRQHandler
                0x40002bc8                LINFLEXD4_UART_RxIRQHandler
                0x40002bc8                DSPI6_FIFO_Error_IRQHandler
                0x40002bc8                CAN3_ORed_12_15_MB_IRQHandler
                0x40002bc8                EMIOS2_08_09_IRQHandler
                0x40002bc8                CAN0_ORed_64_95_MB_IRQHandler
                0x40002bc8                CMP1_IRQHandler
                0x40002bc8                CAN1_ORed_04_07_MB_IRQHandler
                0x40002bc8                EMIOS2_22_23_IRQHandler
                0x40002bc8                SAI1_Rx_IRQHandler
                0x40002bc8                EMIOS2_30_31_IRQHandler
                0x40002bc8                EMIOS1_20_21_IRQHandler
                0x40002bc8                CAN0_ORed_16_31_MB_IRQHandler
                0x40002bc8                EMIOS0_28_29_IRQHandler
                0x40002bc8                DMA0_Ch12_IRQHandler
                0x40002bc8                uSDHC_DriverIRQHandler
                0x40002bc8                PIT_Ch8_IRQHandler
                0x40002bc8                CAN4_ORed_08_11_MB_IRQHandler
                0x40002bc8                EMIOS0_02_03_IRQHandler
                0x40002bc8                CAN6_ORed_32_63_MB_IRQHandler
                0x40002bc8                EMIOS0_06_07_IRQHandler
                0x40002bc8                DefaultISR
                0x40002bc8                CAN1_ORed_32_63_MB_IRQHandler
                0x40002bc8                DMA0_Ch18_IRQHandler
                0x40002bc8                EMIOS2_16_17_IRQHandler
                0x40002bc8                ENET1_Tx_2_IRQHandler
                0x40002bc8                EMIOS2_14_15_IRQHandler
                0x40002bc8                EMIOS1_18_19_IRQHandler
                0x40002bc8                EMIOS1_22_23_IRQHandler
                0x40002bc8                CAN6_ORed_16_31_MB_IRQHandler
                0x40002bc8                DSPI1_Receive_IRQHandler
                0x40002bc8                DMA0_Ch22_IRQHandler
                0x40002bc8                EMIOS0_08_09_IRQHandler
                0x40002bc8                CAN6_ORed_12_15_MB_IRQHandler
                0x40002bc8                ENET0_Timer_IRQHandler
                0x40002bc8                ADC1_EOC_IRQHandler
                0x40002bc8                LINFLEXD1_UART_RxIRQHandler
                0x40002bc8                CAN5_ORed_16_31_MB_IRQHandler
                0x40002bc8                BCTU_ConvUpdate_IRQHandler
                0x40002bc8                WKPU_07_00_IRQHandler
                0x40002bc8                FCCU0_IRQ_Handler
                0x40002bc8                STM0_Ch1_IRQHandler
                0x40002bc8                LINFLEXD8_UART_ErrIRQHandler
                0x40002bc8                DSPI5_Send_IRQHandler
                0x40002bc8                CAN3_ORed_IRQHandler
                0x40002bcc                __interrupts_end__ = .
                0x00000000                __RAM_VECTOR_TABLE_SIZE = 0x0
                0x40002000                __VECTOR_TABLE_COPY_END = (__VECTOR_TABLE + __RAM_VECTOR_TABLE_SIZE)
                0x00000000                __CUSTOM_ROM = 0x0
                0x00000000                __CUSTOM_END = 0x0

.customSectionBlock
                0x40002bcc        0x0
                0x40002bcc                . = ALIGN (0x4)
                0x40002bcc                __CUSTOM_RAM = .
                0x40002bcc                __customSectionStart = .
                0x40002bcc                __customSection_start__ = .
 *(.customSection)
                0x40002bcc                __customSection_end__ = .
                0x40002bcc                __customSectionEnd = .

.text           0x40002bd0     0x1890
 *(.text.startup)
 *(.text)
 .text          0x40002bd0      0x16c d:/nxp/s32ds_power_v2.1/s32ds/build_tools/powerpc-eabivle-4_9/bin/../lib/gcc/powerpc-eabivle/4.9.4/e200z4/fp/crtbegin.o
 *fill*         0x40002d3c        0x4 
 .text          0x40002d40      0x2f6 ./Project_Settings/Startup_Code/core0_intc_sw_handlers.o
                0x40002d80                IVOR0_Handler
                0x40002dae                IVOR1_Handler
                0x40002dfc                IVOR2_Handler
                0x40002e36                IVOR3_Handler
                0x40002e70                IVOR4_Handler
                0x40002eb8                IVOR5_Handler
                0x40002ef2                IVOR6_Handler
                0x40002f2c                IVOR8_Handler
                0x40002f66                IVOR15_Handler
                0x40002f94                IVOR33_Handler
                0x40002fce                IVOR34_Handler
                0x40003008                IVOR35_Handler
 .text          0x40003036       0x4a d:/nxp/s32ds_power_v2.1/s32ds/build_tools/powerpc-eabivle-4_9/bin/../lib/gcc/powerpc-eabivle/4.9.4/e200z4/fp\libgcc.a(eabivle.o)
                0x40003036                __eabi
 .text          0x40003080       0x48 d:/nxp/s32ds_power_v2.1/s32ds/build_tools/powerpc-eabivle-4_9/bin/../lib/gcc/powerpc-eabivle/4.9.4/e200z4/fp/crtend.o
 *(.text.*)
 .text.SystemInit
                0x400030c8       0xb6 ./SDK/platform/devices/MPC5748G/startup/system_MPC5748G.o
                0x400030c8                SystemInit
 *fill*         0x4000317e        0x2 
 .text.init_data_bss
                0x40003180       0xb8 ./SDK/platform/devices/startup.o
                0x40003180                init_data_bss
 .text.CLOCK_SYS_GetFircFreq
                0x40003238       0x1e ./SDK/platform/drivers/src/clock/MPC57xx/clock_MPC57xx.o
 *fill*         0x40003256        0x2 
 .text.CLOCK_SYS_GetFxoscFreq
                0x40003258       0x1e ./SDK/platform/drivers/src/clock/MPC57xx/clock_MPC57xx.o
 *fill*         0x40003276        0x2 
 .text.CLOCK_SYS_CalculateFrequenciesOfClockSources
                0x40003278      0x13e ./SDK/platform/drivers/src/clock/MPC57xx/clock_MPC57xx.o
 *fill*         0x400033b6        0x2 
 .text.CLOCK_DRV_Init
                0x400033b8      0xb30 ./SDK/platform/drivers/src/clock/MPC57xx/clock_MPC57xx.o
                0x400033b8                CLOCK_DRV_Init
 .text.CLOCK_SYS_Init
                0x40003ee8       0x18 ./SDK/platform/drivers/src/clock/MPC57xx/clock_MPC57xx.o
                0x40003ee8                CLOCK_SYS_Init
 .text.CLOCK_SYS_UpdateConfiguration
                0x40003f00      0x172 ./SDK/platform/drivers/src/clock/MPC57xx/clock_MPC57xx.o
                0x40003f00                CLOCK_SYS_UpdateConfiguration
 *fill*         0x40004072        0x2 
 .text.INT_SYS_EnableIRQ
                0x40004074       0x2e ./SDK/platform/drivers/src/interrupt/interrupt_manager_MPC57xx.o
                0x40004074                INT_SYS_EnableIRQ
 *fill*         0x400040a2        0x2 
 .text.INT_SYS_EnableIRQGlobal
                0x400040a4       0x26 ./SDK/platform/drivers/src/interrupt/interrupt_manager_MPC57xx.o
                0x400040a4                INT_SYS_EnableIRQGlobal
 *fill*         0x400040ca        0x2 
 .text.INT_SYS_DisableIRQGlobal
                0x400040cc       0x10 ./SDK/platform/drivers/src/interrupt/interrupt_manager_MPC57xx.o
                0x400040cc                INT_SYS_DisableIRQGlobal
 .text.PINS_DRV_Init
                0x400040dc       0x38 ./SDK/platform/drivers/src/pins/siul2/pins_siul2_driver.o
                0x400040dc                PINS_DRV_Init
 .text.PINS_DRV_TogglePins
                0x40004114       0x4c ./SDK/platform/drivers/src/pins/siul2/pins_siul2_driver.o
                0x40004114                PINS_DRV_TogglePins
 .text.PINS_Init
                0x40004160      0x144 ./SDK/platform/drivers/src/pins/siul2/siul2_hw_access.o
                0x40004160                PINS_Init
 .text.STM_DRV_Init
                0x400042a4       0x32 ./SDK/platform/drivers/src/stm/stm_driver.o
                0x400042a4                STM_DRV_Init
 *fill*         0x400042d6        0x2 
 .text.STM_DRV_InitChannel
                0x400042d8       0x2a ./SDK/platform/drivers/src/stm/stm_driver.o
                0x400042d8                STM_DRV_InitChannel
 *fill*         0x40004302        0x2 
 .text.STM_DRV_StartTimer
                0x40004304       0x16 ./SDK/platform/drivers/src/stm/stm_driver.o
                0x40004304                STM_DRV_StartTimer
 *fill*         0x4000431a        0x2 
 .text.STM_DRV_IncrementTicks
                0x4000431c       0x30 ./SDK/platform/drivers/src/stm/stm_driver.o
                0x4000431c                STM_DRV_IncrementTicks
 .text.STM_DRV_ClearStatusFlags
                0x4000434c       0x1a ./SDK/platform/drivers/src/stm/stm_driver.o
                0x4000434c                STM_DRV_ClearStatusFlags
 *fill*         0x40004366        0x2 
 .text.STM0_Ch0_IRQHandler
                0x40004368       0x3a ./Sources/main.o
                0x40004368                STM0_Ch0_IRQHandler
 *fill*         0x400043a2        0x2 
 .text.main     0x400043a4       0x74 ./Sources/main.o
                0x400043a4                main
 *(.init)
 .init          0x40004418        0xc d:/nxp/s32ds_power_v2.1/s32ds/build_tools/powerpc-eabivle-4_9/bin/../lib/gcc/powerpc-eabivle/4.9.4/e200z4/fp/ecrti.o
                0x40004418                __init
 .init          0x40004424        0x4 d:/nxp/s32ds_power_v2.1/s32ds/build_tools/powerpc-eabivle-4_9/bin/../lib/gcc/powerpc-eabivle/4.9.4/e200z4/fp/crtbegin.o
 .init          0x40004428        0x4 d:/nxp/s32ds_power_v2.1/s32ds/build_tools/powerpc-eabivle-4_9/bin/../lib/gcc/powerpc-eabivle/4.9.4/e200z4/fp/crtend.o
 .init          0x4000442c        0xa d:/nxp/s32ds_power_v2.1/s32ds/build_tools/powerpc-eabivle-4_9/bin/../lib/gcc/powerpc-eabivle/4.9.4/e200z4/fp/ecrtn.o
 *(.fini)
 *fill*         0x40004436        0x2 
 .fini          0x40004438        0xc d:/nxp/s32ds_power_v2.1/s32ds/build_tools/powerpc-eabivle-4_9/bin/../lib/gcc/powerpc-eabivle/4.9.4/e200z4/fp/ecrti.o
                0x40004438                __fini
 .fini          0x40004444        0x4 d:/nxp/s32ds_power_v2.1/s32ds/build_tools/powerpc-eabivle-4_9/bin/../lib/gcc/powerpc-eabivle/4.9.4/e200z4/fp/crtbegin.o
 .fini          0x40004448        0xa d:/nxp/s32ds_power_v2.1/s32ds/build_tools/powerpc-eabivle-4_9/bin/../lib/gcc/powerpc-eabivle/4.9.4/e200z4/fp/ecrtn.o
 *(.rchw)
 *(.cpu0_reset_vector)
 *(.cpu1_reset_vector)
 *(.cpu2_reset_vector)
                0x40004460                . = ALIGN (0x10)
 *fill*         0x40004452        0xe 

.glink          0x40004460        0x0
 .glink         0x40004460        0x0 d:/nxp/s32ds_power_v2.1/s32ds/build_tools/powerpc-eabivle-4_9/bin/../lib/gcc/powerpc-eabivle/4.9.4/e200z4/fp/crtbegin.o

.sdata2         0x40004460        0x8
                0x40004460                . = ALIGN (0x4)
                0x40004460                __sdata2_start__ = .
 *(.sdata2)
 .sdata2        0x40004460        0x0 d:/nxp/s32ds_power_v2.1/s32ds/build_tools/powerpc-eabivle-4_9/bin/../lib/gcc/powerpc-eabivle/4.9.4/e200z4/fp/ecrti.o
                0x40004460                __SDATA2_START__
 .sdata2        0x40004460        0x0 d:/nxp/s32ds_power_v2.1/s32ds/build_tools/powerpc-eabivle-4_9/bin/../lib/gcc/powerpc-eabivle/4.9.4/e200z4/fp/crtbegin.o
                0x4000c460                _SDA2_BASE_
 *(.sdata2.*)
 .sdata2.stm0_ChnConfig0
                0x40004460        0x8 ./Generated_Code/stm0.o
                0x40004460                stm0_ChnConfig0
                0x40004468                . = ALIGN (0x4)
                0x40004468                __sdata2_end__ = .

.preinit_array  0x40004468        0x0
                [!provide]                PROVIDE (__preinit_array_start, .)
 *(.preinit_array)
                [!provide]                PROVIDE (__preinit_array_end, .)

.init_array     0x40004468        0x0
                [!provide]                PROVIDE (__init_array_start, .)
 *(SORT(.init_array.*))
 *(.init_array)
                [!provide]                PROVIDE (__init_array_end, .)

.fini_array     0x40004468        0x0
                [!provide]                PROVIDE (__fini_array_start, .)
 *(SORT(.fini_array.*))
 *(.fini_array)
                [!provide]                PROVIDE (__fini_array_end, .)

.dtors          0x40004468        0x8
 *crtbegin.o(.dtors)
 .dtors         0x40004468        0x4 d:/nxp/s32ds_power_v2.1/s32ds/build_tools/powerpc-eabivle-4_9/bin/../lib/gcc/powerpc-eabivle/4.9.4/e200z4/fp/crtbegin.o
 *crtbegin?.o(.dtors)
 *(EXCLUDE_FILE(*crtend?.o *crtend.o) .dtors)
 .dtors         0x4000446c        0x0 d:/nxp/s32ds_power_v2.1/s32ds/build_tools/powerpc-eabivle-4_9/bin/../lib/gcc/powerpc-eabivle/4.9.4/e200z4/fp/ecrti.o
                0x4000446c                __DTOR_LIST__
 .dtors         0x4000446c        0x0 d:/nxp/s32ds_power_v2.1/s32ds/build_tools/powerpc-eabivle-4_9/bin/../lib/gcc/powerpc-eabivle/4.9.4/e200z4/fp/ecrtn.o
 *(SORT(.dtors.*))
 *(.dtors)
 .dtors         0x4000446c        0x4 d:/nxp/s32ds_power_v2.1/s32ds/build_tools/powerpc-eabivle-4_9/bin/../lib/gcc/powerpc-eabivle/4.9.4/e200z4/fp/crtend.o
                0x4000446c                __DTOR_END__

.ctors          0x40004470        0x8
 *crtbegin.o(.ctors)
 .ctors         0x40004470        0x4 d:/nxp/s32ds_power_v2.1/s32ds/build_tools/powerpc-eabivle-4_9/bin/../lib/gcc/powerpc-eabivle/4.9.4/e200z4/fp/crtbegin.o
 *crtbegin?.o(.ctors)
 *(EXCLUDE_FILE(*crtend?.o *crtend.o) .ctors)
 .ctors         0x40004474        0x0 d:/nxp/s32ds_power_v2.1/s32ds/build_tools/powerpc-eabivle-4_9/bin/../lib/gcc/powerpc-eabivle/4.9.4/e200z4/fp/ecrti.o
                0x40004474                __CTOR_LIST__
 .ctors         0x40004474        0x0 d:/nxp/s32ds_power_v2.1/s32ds/build_tools/powerpc-eabivle-4_9/bin/../lib/gcc/powerpc-eabivle/4.9.4/e200z4/fp/ecrtn.o
                0x40004474                __CTOR_END__
 *(SORT(.ctors.*))
 *(.ctors)
 .ctors         0x40004474        0x4 d:/nxp/s32ds_power_v2.1/s32ds/build_tools/powerpc-eabivle-4_9/bin/../lib/gcc/powerpc-eabivle/4.9.4/e200z4/fp/crtend.o
                0x00000000                __CODE_ROM = 0x0
                0x00000000                __CODE_END = 0x0

.code_ram       0x40004478        0x0
                0x40004478                . = ALIGN (0x4)
                0x40004478                __CODE_RAM = .
                0x40004478                __code_ram_start__ = .
 *(.code_ram)
                0x40004478                __code_ram_end__ = .
                0x40004478                . = ALIGN (0x4)

.rodata         0x40004478      0x218
 *(.rodata)
 *(.rodata.*)
 .rodata.stm0_InitConfig0
                0x40004478        0xc ./Generated_Code/stm0.o
                0x40004478                stm0_InitConfig0
 .rodata.s_vectors
                0x40004484        0xc ./SDK/platform/devices/startup.o
 .rodata.CLOCK_DRV_Init
                0x40004490       0xe8 ./SDK/platform/drivers/src/clock/MPC57xx/clock_MPC57xx.o
 .rodata.clockNameMappings
                0x40004578      0x10a ./SDK/platform/drivers/src/clock/MPC57xx/clock_MPC57xx.o
                0x40004578                clockNameMappings
 *fill*         0x40004682        0x2 
 .rodata.s_stmBase
                0x40004684        0xc ./SDK/platform/drivers/src/stm/stm_driver.o

.sbss2          0x40004690        0x0
 .sbss2         0x40004690        0x0 d:/nxp/s32ds_power_v2.1/s32ds/build_tools/powerpc-eabivle-4_9/bin/../lib/gcc/powerpc-eabivle/4.9.4/e200z4/fp/ecrtn.o

.eh_frame_hdr   0x40004690        0xc
 *(.eh_frame_hdr)
 .eh_frame_hdr  0x40004690        0xc d:/nxp/s32ds_power_v2.1/s32ds/build_tools/powerpc-eabivle-4_9/bin/../lib/gcc/powerpc-eabivle/4.9.4/e200z4/fp\libgcc.a(_udivdi3.o)
                0x40004690                __GNU_EH_FRAME_HDR

.eh_frame       0x4000469c        0x8
 *(.eh_frame)
 .eh_frame      0x4000469c        0x0 d:/nxp/s32ds_power_v2.1/s32ds/build_tools/powerpc-eabivle-4_9/bin/../lib/gcc/powerpc-eabivle/4.9.4/e200z4/fp/ecrti.o
                0x4000469c                __EH_FRAME_BEGIN__
 .eh_frame      0x4000469c        0x0 d:/nxp/s32ds_power_v2.1/s32ds/build_tools/powerpc-eabivle-4_9/bin/../lib/gcc/powerpc-eabivle/4.9.4/e200z4/fp/crtbegin.o
 .eh_frame      0x4000469c        0x0 d:/nxp/s32ds_power_v2.1/s32ds/build_tools/powerpc-eabivle-4_9/bin/../lib/gcc/powerpc-eabivle/4.9.4/e200z4/fp/crtbegin.o
 .eh_frame      0x4000469c        0x0 d:/nxp/s32ds_power_v2.1/s32ds/build_tools/powerpc-eabivle-4_9/bin/../lib/gcc/powerpc-eabivle/4.9.4/e200z4/fp\libgcc.a(_udivdi3.o)
                                 0x48 (size before relaxing)
 .eh_frame      0x4000469c        0x4 d:/nxp/s32ds_power_v2.1/s32ds/build_tools/powerpc-eabivle-4_9/bin/../lib/gcc/powerpc-eabivle/4.9.4/e200z4/fp/crtend.o
 .eh_frame      0x400046a0        0x4 d:/nxp/s32ds_power_v2.1/s32ds/build_tools/powerpc-eabivle-4_9/bin/../lib/gcc/powerpc-eabivle/4.9.4/e200z4/fp/ecrtn.o
                0x400046a0                __EH_FRAME_END__

.init_table     0x400046a4       0x40
                0x400046a4                . = ALIGN (0x4)
                0x400046a4                __COPY_TABLE = .
 *(.init_table)
 .init_table    0x400046a4       0x40 ./Project_Settings/Startup_Code/startup_MPC5748G.o

.zero_table     0x400046e4       0x14
                0x400046e4                . = ALIGN (0x4)
                0x400046e4                __ZERO_TABLE = .
 *(.zero_table)
 .zero_table    0x400046e4       0x14 ./Project_Settings/Startup_Code/startup_MPC5748G.o
                0x400046f8                __TEXT_END = .
                0x00000000                __DATA_ROM = 0x0
                0x00000000                __DATA_END = 0x0

.rela.dyn       0x400046f8        0x0
 .rela.iplt     0x400046f8        0x0 d:/nxp/s32ds_power_v2.1/s32ds/build_tools/powerpc-eabivle-4_9/bin/../lib/gcc/powerpc-eabivle/4.9.4/e200z4/fp/crtbegin.o
 .rela.text     0x400046f8        0x0 d:/nxp/s32ds_power_v2.1/s32ds/build_tools/powerpc-eabivle-4_9/bin/../lib/gcc/powerpc-eabivle/4.9.4/e200z4/fp/crtbegin.o
 .rela.init_table
                0x400046f8        0x0 d:/nxp/s32ds_power_v2.1/s32ds/build_tools/powerpc-eabivle-4_9/bin/../lib/gcc/powerpc-eabivle/4.9.4/e200z4/fp/crtbegin.o
 .rela.zero_table
                0x400046f8        0x0 d:/nxp/s32ds_power_v2.1/s32ds/build_tools/powerpc-eabivle-4_9/bin/../lib/gcc/powerpc-eabivle/4.9.4/e200z4/fp/crtbegin.o
 .rela.cpu0_reset_vector
                0x400046f8        0x0 d:/nxp/s32ds_power_v2.1/s32ds/build_tools/powerpc-eabivle-4_9/bin/../lib/gcc/powerpc-eabivle/4.9.4/e200z4/fp/crtbegin.o
 .rela.intc_vector_table
                0x400046f8        0x0 d:/nxp/s32ds_power_v2.1/s32ds/build_tools/powerpc-eabivle-4_9/bin/../lib/gcc/powerpc-eabivle/4.9.4/e200z4/fp/crtbegin.o
 .rela.text.init_data_bss
                0x400046f8        0x0 d:/nxp/s32ds_power_v2.1/s32ds/build_tools/powerpc-eabivle-4_9/bin/../lib/gcc/powerpc-eabivle/4.9.4/e200z4/fp/crtbegin.o
 .rela.text.INT_SYS_InstallHandler
                0x400046f8        0x0 d:/nxp/s32ds_power_v2.1/s32ds/build_tools/powerpc-eabivle-4_9/bin/../lib/gcc/powerpc-eabivle/4.9.4/e200z4/fp/crtbegin.o
 .rela.got2     0x400046f8        0x0 d:/nxp/s32ds_power_v2.1/s32ds/build_tools/powerpc-eabivle-4_9/bin/../lib/gcc/powerpc-eabivle/4.9.4/e200z4/fp/crtbegin.o

.data           0x400046f8      0x318
                0x400046f8                . = ALIGN (0x4)
                0x400046f8                __DATA_RAM = .
                0x400046f8                __data_start__ = .
 *(.data)
 .data          0x400046f8        0x4 d:/nxp/s32ds_power_v2.1/s32ds/build_tools/powerpc-eabivle-4_9/bin/../lib/gcc/powerpc-eabivle/4.9.4/e200z4/fp\libgcc.a(eabivle.o)
 *(.data.*)
 .data.peripheralClockMcMeConfig0
                0x400046fc       0x48 ./Generated_Code/clockMan1.o
                0x400046fc                peripheralClockMcMeConfig0
 .data.clockMan1_InitConfig0
                0x40004744      0x248 ./Generated_Code/clockMan1.o
                0x40004744                clockMan1_InitConfig0
 .data.g_pin_mux_InitConfigArr
                0x4000498c       0x84 ./Generated_Code/pin_mux.o
                0x4000498c                g_pin_mux_InitConfigArr
                0x40004a10                . = ALIGN (0x4)
                0x40004a10                __data_end__ = .
                0x00000000                __SDATA_ROM = 0x0
                0x00000000                __SDATA_END = 0x0

.jcr            0x40004a10        0x0
 .jcr           0x40004a10        0x0 d:/nxp/s32ds_power_v2.1/s32ds/build_tools/powerpc-eabivle-4_9/bin/../lib/gcc/powerpc-eabivle/4.9.4/e200z4/fp/crtbegin.o

.tm_clone_table
                0x40004a10        0x0
 .tm_clone_table
                0x40004a10        0x0 d:/nxp/s32ds_power_v2.1/s32ds/build_tools/powerpc-eabivle-4_9/bin/../lib/gcc/powerpc-eabivle/4.9.4/e200z4/fp/crtbegin.o
 .tm_clone_table
                0x40004a10        0x0 d:/nxp/s32ds_power_v2.1/s32ds/build_tools/powerpc-eabivle-4_9/bin/../lib/gcc/powerpc-eabivle/4.9.4/e200z4/fp/crtend.o

.got2           0x40004a10       0x1c
 .got2          0x40004a10       0x1c d:/nxp/s32ds_power_v2.1/s32ds/build_tools/powerpc-eabivle-4_9/bin/../lib/gcc/powerpc-eabivle/4.9.4/e200z4/fp\libgcc.a(eabivle.o)

.sdata          0x40004a2c        0xc
                0x40004a2c                . = ALIGN (0x4)
                0x40004a2c                __SDATA_RAM = .
                0x40004a2c                __sdata_start__ = .
 *(.sdata)
 .sdata         0x40004a2c        0x0 d:/nxp/s32ds_power_v2.1/s32ds/build_tools/powerpc-eabivle-4_9/bin/../lib/gcc/powerpc-eabivle/4.9.4/e200z4/fp/ecrti.o
                0x40004a2c                __SDATA_START__
 .sdata         0x40004a2c        0x0 d:/nxp/s32ds_power_v2.1/s32ds/build_tools/powerpc-eabivle-4_9/bin/../lib/gcc/powerpc-eabivle/4.9.4/e200z4/fp/crtbegin.o
                0x4000ca2c                _SDA_BASE_
 *(.sdata.*)
 .sdata.g_clockManConfigsArr
                0x40004a2c        0x4 ./Generated_Code/clockMan1.o
                0x40004a2c                g_clockManConfigsArr
 .sdata.g_xtal0ClkFreq
                0x40004a30        0x4 ./SDK/platform/drivers/src/clock/MPC57xx/clock_MPC57xx.o
                0x40004a30                g_xtal0ClkFreq
 .sdata.g_xtal1ClkFreq
                0x40004a34        0x4 ./SDK/platform/drivers/src/clock/MPC57xx/clock_MPC57xx.o
                0x40004a34                g_xtal1ClkFreq
                0x40004a38                . = ALIGN (0x4)
                0x40004a38                __sdata_end__ = .

.sbss           0x40004a38       0x3c
                0x40004a38                . = ALIGN (0x4)
                0x40004a38                __SBSS_START = .
                0x40004a38                __sbss_start__ = .
 *(.sbss)
 .sbss          0x40004a38        0x0 d:/nxp/s32ds_power_v2.1/s32ds/build_tools/powerpc-eabivle-4_9/bin/../lib/gcc/powerpc-eabivle/4.9.4/e200z4/fp/ecrtn.o
                0x40004a38                __SBSS_END__
 *(.sbss.*)
 .sbss.g_clockManCallbacksArr
                0x40004a38        0x4 ./Generated_Code/clockMan1.o
                0x40004a38                g_clockManCallbacksArr
 .sbss.g_pllPhi1ClkFreq
                0x40004a3c        0x4 ./SDK/platform/drivers/src/clock/MPC57xx/clock_MPC57xx.o
 .sbss.g_enetRmiiClkFreq
                0x40004a40        0x4 ./SDK/platform/drivers/src/clock/MPC57xx/clock_MPC57xx.o
 .sbss.g_fircClkUndividedFreq
                0x40004a44        0x4 ./SDK/platform/drivers/src/clock/MPC57xx/clock_MPC57xx.o
 .sbss.g_sircClkUndividedFreq
                0x40004a48        0x4 ./SDK/platform/drivers/src/clock/MPC57xx/clock_MPC57xx.o
 .sbss.g_fircClkFreq
                0x40004a4c        0x4 ./SDK/platform/drivers/src/clock/MPC57xx/clock_MPC57xx.o
 .sbss.g_sxoscClkFreq
                0x40004a50        0x4 ./SDK/platform/drivers/src/clock/MPC57xx/clock_MPC57xx.o
 .sbss.g_pllPhi0ClkFreq
                0x40004a54        0x4 ./SDK/platform/drivers/src/clock/MPC57xx/clock_MPC57xx.o
 .sbss.g_sircClkFreq
                0x40004a58        0x4 ./SDK/platform/drivers/src/clock/MPC57xx/clock_MPC57xx.o
 .sbss.clockSourceFrequenciesAreCalculatedAndCached.6268
                0x40004a5c        0x1 ./SDK/platform/drivers/src/clock/MPC57xx/clock_MPC57xx.o
 *fill*         0x40004a5d        0x3 
 .sbss.g_sxoscClkUndividedFreq
                0x40004a60        0x4 ./SDK/platform/drivers/src/clock/MPC57xx/clock_MPC57xx.o
 .sbss.g_fxoscClkUndividedFreq
                0x40004a64        0x4 ./SDK/platform/drivers/src/clock/MPC57xx/clock_MPC57xx.o
 .sbss.g_fxoscClkFreq
                0x40004a68        0x4 ./SDK/platform/drivers/src/clock/MPC57xx/clock_MPC57xx.o
 .sbss.g_interruptDisableCount
                0x40004a6c        0x4 ./SDK/platform/drivers/src/interrupt/interrupt_manager_MPC57xx.o
 .sbss.exit_code
                0x40004a70        0x4 ./Sources/main.o
                0x40004a70                exit_code
                0x40004a74                . = ALIGN (0x4)
                0x40004a74                __sbss_end__ = .
                0x40004a74                __SBSS_END = .

.bss            0x40004a74       0x30
                0x40004a74                . = ALIGN (0x4)
                0x40004a74                __BSS_START = .
                0x40004a74                __bss_start__ = .
 *(.bss)
 .bss           0x40004a74       0x20 d:/nxp/s32ds_power_v2.1/s32ds/build_tools/powerpc-eabivle-4_9/bin/../lib/gcc/powerpc-eabivle/4.9.4/e200z4/fp/crtbegin.o
 *(.bss.*)
 .bss.g_clockState
                0x40004a94       0x10 ./SDK/platform/drivers/src/clock/MPC57xx/clock_MPC57xx.o
 *(COMMON)
                0x40004aa4                . = ALIGN (0x4)
                0x40004aa4                __bss_end__ = .
                0x40004aa4                __BSS_END = .

.iplt           0x40004ab0        0x0
 .iplt          0x40004ab0        0x0 d:/nxp/s32ds_power_v2.1/s32ds/build_tools/powerpc-eabivle-4_9/bin/../lib/gcc/powerpc-eabivle/4.9.4/e200z4/fp/crtbegin.o

.stack          0x40004ab0     0x1000
                0x40004ab0                __HEAP = .
                [!provide]                PROVIDE (_end, .)
                [!provide]                PROVIDE (end, .)
                0x40004ab0                . = (. + __HEAP_SIZE)
                0x40004ab0                __HEAP_END = .
                0x40004ab0                _stack_end = .
                0x40005ab0                . = (. + __STACK_SIZE)
 *fill*         0x40004ab0     0x1000 
                0x40005ab0                . = ALIGN (0x4)
                0x40005ab0                _stack_addr = .
                0x40005ab0                __SP_INIT = .
                0x0003b5c8                __SRAM_SIZE = (SRAM_SIZE - (__sdata_end__ - SRAM_BASE_ADDR))
                0x40004a38                __SRAM_BASE_ADDR = __sdata_end__
                0x00000030                __BSS_SIZE = (__BSS_END - __BSS_START)
OUTPUT(testSTM_Z4_0.elf elf32-powerpc)

.comment        0x00000000       0x9c
 .comment       0x00000000        0xd d:/nxp/s32ds_power_v2.1/s32ds/build_tools/powerpc-eabivle-4_9/bin/../lib/gcc/powerpc-eabivle/4.9.4/e200z4/fp/ecrti.o
                                  0xe (size before relaxing)
 .comment       0x0000000d       0x82 d:/nxp/s32ds_power_v2.1/s32ds/build_tools/powerpc-eabivle-4_9/bin/../lib/gcc/powerpc-eabivle/4.9.4/e200z4/fp/crtbegin.o
                                 0x83 (size before relaxing)
 .comment       0x0000008f       0x83 ./Generated_Code/clockMan1.o
 .comment       0x0000008f       0x83 ./Generated_Code/pin_mux.o
 .comment       0x0000008f       0x83 ./Generated_Code/stm0.o
 .comment       0x0000008f       0x83 ./SDK/platform/devices/MPC5748G/startup/system_MPC5748G.o
 .comment       0x0000008f       0x83 ./SDK/platform/devices/startup.o
 .comment       0x0000008f       0x83 ./SDK/platform/drivers/src/clock/MPC57xx/clock_MPC57xx.o
 .comment       0x0000008f       0x83 ./SDK/platform/drivers/src/interrupt/interrupt_manager_MPC57xx.o
 .comment       0x0000008f       0x83 ./SDK/platform/drivers/src/pins/siul2/pins_siul2_driver.o
 .comment       0x0000008f       0x83 ./SDK/platform/drivers/src/pins/siul2/siul2_hw_access.o
 .comment       0x0000008f       0x83 ./SDK/platform/drivers/src/stm/stm_driver.o
 .comment       0x0000008f       0x83 ./Sources/main.o
 .comment       0x0000008f       0x83 d:/nxp/s32ds_power_v2.1/s32ds/build_tools/powerpc-eabivle-4_9/bin/../lib/gcc/powerpc-eabivle/4.9.4/e200z4/fp/crtend.o
 .comment       0x0000008f        0xd d:/nxp/s32ds_power_v2.1/s32ds/build_tools/powerpc-eabivle-4_9/bin/../lib/gcc/powerpc-eabivle/4.9.4/e200z4/fp/ecrtn.o
                                  0xe (size before relaxing)

.PPC.EMB.apuinfo
                0x00000000       0x1c
 .PPC.EMB.apuinfo
                0x00000000       0x18 d:/nxp/s32ds_power_v2.1/s32ds/build_tools/powerpc-eabivle-4_9/bin/../lib/gcc/powerpc-eabivle/4.9.4/e200z4/fp/ecrti.o
 .PPC.EMB.apuinfo
                0x00000018       0x18 d:/nxp/s32ds_power_v2.1/s32ds/build_tools/powerpc-eabivle-4_9/bin/../lib/gcc/powerpc-eabivle/4.9.4/e200z4/fp/crtbegin.o
 .PPC.EMB.apuinfo
                0x00000030       0x1c ./Project_Settings/Startup_Code/core0_intc_sw_handlers.o
 .PPC.EMB.apuinfo
                0x0000004c       0x18 ./Project_Settings/Startup_Code/interrupt_vectors.o
 .PPC.EMB.apuinfo
                0x00000064       0x18 ./Project_Settings/Startup_Code/startup_MPC5748G.o
 .PPC.EMB.apuinfo
                0x0000007c       0x18 ./SDK/platform/devices/MPC5748G/startup/system_MPC5748G.o
 .PPC.EMB.apuinfo
                0x00000094       0x18 ./SDK/platform/devices/startup.o
 .PPC.EMB.apuinfo
                0x000000ac       0x18 ./SDK/platform/drivers/src/clock/MPC57xx/clock_MPC57xx.o
 .PPC.EMB.apuinfo
                0x000000c4       0x18 ./SDK/platform/drivers/src/interrupt/interrupt_manager_MPC57xx.o
 .PPC.EMB.apuinfo
                0x000000dc       0x18 ./SDK/platform/drivers/src/pins/siul2/pins_siul2_driver.o
 .PPC.EMB.apuinfo
                0x000000f4       0x18 ./SDK/platform/drivers/src/pins/siul2/siul2_hw_access.o
 .PPC.EMB.apuinfo
                0x0000010c       0x18 ./SDK/platform/drivers/src/stm/stm_driver.o
 .PPC.EMB.apuinfo
                0x00000124       0x18 ./Sources/main.o
 .PPC.EMB.apuinfo
                0x0000013c       0x18 d:/nxp/s32ds_power_v2.1/s32ds/build_tools/powerpc-eabivle-4_9/bin/../lib/gcc/powerpc-eabivle/4.9.4/e200z4/fp\libgcc.a(_udivdi3.o)
 .PPC.EMB.apuinfo
                0x00000154       0x18 d:/nxp/s32ds_power_v2.1/s32ds/build_tools/powerpc-eabivle-4_9/bin/../lib/gcc/powerpc-eabivle/4.9.4/e200z4/fp\libgcc.a(eabivle.o)
 .PPC.EMB.apuinfo
                0x0000016c       0x18 d:/nxp/s32ds_power_v2.1/s32ds/build_tools/powerpc-eabivle-4_9/bin/../lib/gcc/powerpc-eabivle/4.9.4/e200z4/fp/crtend.o
 .PPC.EMB.apuinfo
                0x00000184       0x18 d:/nxp/s32ds_power_v2.1/s32ds/build_tools/powerpc-eabivle-4_9/bin/../lib/gcc/powerpc-eabivle/4.9.4/e200z4/fp/ecrtn.o

.debug_info     0x00000000    0x13235
 .debug_info    0x00000000     0x2849 ./Generated_Code/clockMan1.o
 .debug_info    0x00002849      0x781 ./Generated_Code/pin_mux.o
 .debug_info    0x00002fca      0xe0d ./Generated_Code/stm0.o
 .debug_info    0x00003dd7       0x9b ./Project_Settings/Startup_Code/core0_intc_sw_handlers.o
 .debug_info    0x00003e72       0x96 ./Project_Settings/Startup_Code/interrupt_vectors.o
 .debug_info    0x00003f08       0x91 ./Project_Settings/Startup_Code/startup_MPC5748G.o
 .debug_info    0x00003f99     0x16b3 ./SDK/platform/devices/MPC5748G/startup/system_MPC5748G.o
 .debug_info    0x0000564c      0x397 ./SDK/platform/devices/startup.o
 .debug_info    0x000059e3     0x6686 ./SDK/platform/drivers/src/clock/MPC57xx/clock_MPC57xx.o
 .debug_info    0x0000c069     0x159a ./SDK/platform/drivers/src/interrupt/interrupt_manager_MPC57xx.o
 .debug_info    0x0000d603     0x148b ./SDK/platform/drivers/src/pins/siul2/pins_siul2_driver.o
 .debug_info    0x0000ea8e      0x8b2 ./SDK/platform/drivers/src/pins/siul2/siul2_hw_access.o
 .debug_info    0x0000f340      0xce2 ./SDK/platform/drivers/src/stm/stm_driver.o
 .debug_info    0x00010022     0x3213 ./Sources/main.o

.debug_abbrev   0x00000000     0x143b
 .debug_abbrev  0x00000000      0x126 ./Generated_Code/clockMan1.o
 .debug_abbrev  0x00000126      0x10c ./Generated_Code/pin_mux.o
 .debug_abbrev  0x00000232       0x80 ./Generated_Code/stm0.o
 .debug_abbrev  0x000002b2       0x14 ./Project_Settings/Startup_Code/core0_intc_sw_handlers.o
 .debug_abbrev  0x000002c6       0x14 ./Project_Settings/Startup_Code/interrupt_vectors.o
 .debug_abbrev  0x000002da       0x12 ./Project_Settings/Startup_Code/startup_MPC5748G.o
 .debug_abbrev  0x000002ec      0x155 ./SDK/platform/devices/MPC5748G/startup/system_MPC5748G.o
 .debug_abbrev  0x00000441      0x133 ./SDK/platform/devices/startup.o
 .debug_abbrev  0x00000574      0x3b4 ./SDK/platform/drivers/src/clock/MPC57xx/clock_MPC57xx.o
 .debug_abbrev  0x00000928      0x250 ./SDK/platform/drivers/src/interrupt/interrupt_manager_MPC57xx.o
 .debug_abbrev  0x00000b78      0x2eb ./SDK/platform/drivers/src/pins/siul2/pins_siul2_driver.o
 .debug_abbrev  0x00000e63      0x1c2 ./SDK/platform/drivers/src/pins/siul2/siul2_hw_access.o
 .debug_abbrev  0x00001025      0x20b ./SDK/platform/drivers/src/stm/stm_driver.o
 .debug_abbrev  0x00001230      0x20b ./Sources/main.o

.debug_aranges  0x00000000      0x378
 .debug_aranges
                0x00000000       0x18 ./Generated_Code/clockMan1.o
 .debug_aranges
                0x00000018       0x18 ./Generated_Code/pin_mux.o
 .debug_aranges
                0x00000030       0x18 ./Generated_Code/stm0.o
 .debug_aranges
                0x00000048       0x20 ./Project_Settings/Startup_Code/core0_intc_sw_handlers.o
 .debug_aranges
                0x00000068       0x20 ./Project_Settings/Startup_Code/interrupt_vectors.o
 .debug_aranges
                0x00000088       0x28 ./Project_Settings/Startup_Code/startup_MPC5748G.o
 .debug_aranges
                0x000000b0       0x30 ./SDK/platform/devices/MPC5748G/startup/system_MPC5748G.o
 .debug_aranges
                0x000000e0       0x20 ./SDK/platform/devices/startup.o
 .debug_aranges
                0x00000100       0x78 ./SDK/platform/drivers/src/clock/MPC57xx/clock_MPC57xx.o
 .debug_aranges
                0x00000178       0x80 ./SDK/platform/drivers/src/interrupt/interrupt_manager_MPC57xx.o
 .debug_aranges
                0x000001f8       0xa0 ./SDK/platform/drivers/src/pins/siul2/pins_siul2_driver.o
 .debug_aranges
                0x00000298       0x28 ./SDK/platform/drivers/src/pins/siul2/siul2_hw_access.o
 .debug_aranges
                0x000002c0       0x90 ./SDK/platform/drivers/src/stm/stm_driver.o
 .debug_aranges
                0x00000350       0x28 ./Sources/main.o

.debug_macro    0x00000000    0x290ef
 .debug_macro   0x00000000      0x1bd ./Generated_Code/clockMan1.o
 .debug_macro   0x000001bd       0x1c ./Generated_Code/clockMan1.o
 .debug_macro   0x000001d9    0x27e8c ./Generated_Code/clockMan1.o
 .debug_macro   0x00028065       0x10 ./Generated_Code/clockMan1.o
 .debug_macro   0x00028075      0x162 ./Generated_Code/pin_mux.o
 .debug_macro   0x000281d7      0x1bd ./Generated_Code/stm0.o
 .debug_macro   0x00028394      0x10a ./SDK/platform/devices/MPC5748G/startup/system_MPC5748G.o
 .debug_macro   0x0002849e       0x22 ./SDK/platform/devices/MPC5748G/startup/system_MPC5748G.o
 .debug_macro   0x000284c0      0x13b ./SDK/platform/devices/startup.o
 .debug_macro   0x000285fb       0x58 ./SDK/platform/devices/startup.o
 .debug_macro   0x00028653      0x186 ./SDK/platform/drivers/src/clock/MPC57xx/clock_MPC57xx.o
 .debug_macro   0x000287d9       0x28 ./SDK/platform/drivers/src/clock/MPC57xx/clock_MPC57xx.o
 .debug_macro   0x00028801      0x159 ./SDK/platform/drivers/src/interrupt/interrupt_manager_MPC57xx.o
 .debug_macro   0x0002895a      0x1af ./SDK/platform/drivers/src/interrupt/interrupt_manager_MPC57xx.o
 .debug_macro   0x00028b09      0x162 ./SDK/platform/drivers/src/pins/siul2/pins_siul2_driver.o
 .debug_macro   0x00028c6b       0x10 ./SDK/platform/drivers/src/pins/siul2/pins_siul2_driver.o
 .debug_macro   0x00028c7b      0x14e ./SDK/platform/drivers/src/pins/siul2/siul2_hw_access.o
 .debug_macro   0x00028dc9      0x162 ./SDK/platform/drivers/src/stm/stm_driver.o
 .debug_macro   0x00028f2b      0x1c4 ./Sources/main.o

.debug_line     0x00000000     0x41d4
 .debug_line    0x00000000      0x58e ./Generated_Code/clockMan1.o
 .debug_line    0x0000058e      0x446 ./Generated_Code/pin_mux.o
 .debug_line    0x000009d4      0x589 ./Generated_Code/stm0.o
 .debug_line    0x00000f5d      0x160 ./Project_Settings/Startup_Code/core0_intc_sw_handlers.o
 .debug_line    0x000010bd       0x73 ./Project_Settings/Startup_Code/interrupt_vectors.o
 .debug_line    0x00001130       0xd4 ./Project_Settings/Startup_Code/startup_MPC5748G.o
 .debug_line    0x00001204      0x3ae ./SDK/platform/devices/MPC5748G/startup/system_MPC5748G.o
 .debug_line    0x000015b2      0x34c ./SDK/platform/devices/startup.o
 .debug_line    0x000018fe      0xd76 ./SDK/platform/drivers/src/clock/MPC57xx/clock_MPC57xx.o
 .debug_line    0x00002674      0x53e ./SDK/platform/drivers/src/interrupt/interrupt_manager_MPC57xx.o
 .debug_line    0x00002bb2      0x644 ./SDK/platform/drivers/src/pins/siul2/pins_siul2_driver.o
 .debug_line    0x000031f6      0x436 ./SDK/platform/drivers/src/pins/siul2/siul2_hw_access.o
 .debug_line    0x0000362c      0x5b4 ./SDK/platform/drivers/src/stm/stm_driver.o
 .debug_line    0x00003be0      0x5f4 ./Sources/main.o

.debug_str      0x00000000   0x10d0c1
 .debug_str     0x00000000   0x10a24b ./Generated_Code/clockMan1.o
                             0x10c793 (size before relaxing)
 .debug_str     0x0010a24b      0x85f ./Generated_Code/pin_mux.o
                             0x106321 (size before relaxing)
 .debug_str     0x0010aaaa       0xdb ./Generated_Code/stm0.o
                             0x108d74 (size before relaxing)
 .debug_str     0x0010ab85      0x393 ./SDK/platform/devices/MPC5748G/startup/system_MPC5748G.o
                             0x107d7b (size before relaxing)
 .debug_str     0x0010af18      0x391 ./SDK/platform/devices/startup.o
                             0x105e74 (size before relaxing)
 .debug_str     0x0010b2a9     0x13c9 ./SDK/platform/drivers/src/clock/MPC57xx/clock_MPC57xx.o
                             0x10bcc7 (size before relaxing)
 .debug_str     0x0010c672      0x3f7 ./SDK/platform/drivers/src/interrupt/interrupt_manager_MPC57xx.o
                             0x107eae (size before relaxing)
 .debug_str     0x0010ca69      0x378 ./SDK/platform/drivers/src/pins/siul2/pins_siul2_driver.o
                             0x106fa3 (size before relaxing)
 .debug_str     0x0010cde1       0x66 ./SDK/platform/drivers/src/pins/siul2/siul2_hw_access.o
                             0x1063be (size before relaxing)
 .debug_str     0x0010ce47      0x235 ./SDK/platform/drivers/src/stm/stm_driver.o
                             0x107ce2 (size before relaxing)
 .debug_str     0x0010d07c       0x45 ./Sources/main.o
                             0x10d18d (size before relaxing)

.debug_ranges   0x00000000      0x400
 .debug_ranges  0x00000000       0x20 ./Project_Settings/Startup_Code/startup_MPC5748G.o
 .debug_ranges  0x00000020       0x20 ./SDK/platform/devices/MPC5748G/startup/system_MPC5748G.o
 .debug_ranges  0x00000040       0x10 ./SDK/platform/devices/startup.o
 .debug_ranges  0x00000050      0x1e8 ./SDK/platform/drivers/src/clock/MPC57xx/clock_MPC57xx.o
 .debug_ranges  0x00000238       0x70 ./SDK/platform/drivers/src/interrupt/interrupt_manager_MPC57xx.o
 .debug_ranges  0x000002a8       0x90 ./SDK/platform/drivers/src/pins/siul2/pins_siul2_driver.o
 .debug_ranges  0x00000338       0x30 ./SDK/platform/drivers/src/pins/siul2/siul2_hw_access.o
 .debug_ranges  0x00000368       0x80 ./SDK/platform/drivers/src/stm/stm_driver.o
 .debug_ranges  0x000003e8       0x18 ./Sources/main.o

.debug_loc      0x00000000     0x4f81
 .debug_loc     0x00000000      0x1c0 ./SDK/platform/devices/MPC5748G/startup/system_MPC5748G.o
 .debug_loc     0x000001c0      0x181 ./SDK/platform/devices/startup.o
 .debug_loc     0x00000341     0x39a1 ./SDK/platform/drivers/src/clock/MPC57xx/clock_MPC57xx.o
 .debug_loc     0x00003ce2      0x559 ./SDK/platform/drivers/src/interrupt/interrupt_manager_MPC57xx.o
 .debug_loc     0x0000423b      0x4cb ./SDK/platform/drivers/src/pins/siul2/pins_siul2_driver.o
 .debug_loc     0x00004706      0x320 ./SDK/platform/drivers/src/pins/siul2/siul2_hw_access.o
 .debug_loc     0x00004a26      0x55b ./SDK/platform/drivers/src/stm/stm_driver.o

.debug_frame    0x00000000      0x5ac
 .debug_frame   0x00000000       0x40 ./SDK/platform/devices/MPC5748G/startup/system_MPC5748G.o
 .debug_frame   0x00000040       0x2c ./SDK/platform/devices/startup.o
 .debug_frame   0x0000006c      0x17c ./SDK/platform/drivers/src/clock/MPC57xx/clock_MPC57xx.o
 .debug_frame   0x000001e8       0xe0 ./SDK/platform/drivers/src/interrupt/interrupt_manager_MPC57xx.o
 .debug_frame   0x000002c8      0x148 ./SDK/platform/drivers/src/pins/siul2/pins_siul2_driver.o
 .debug_frame   0x00000410       0x30 ./SDK/platform/drivers/src/pins/siul2/siul2_hw_access.o
 .debug_frame   0x00000440      0x11c ./SDK/platform/drivers/src/stm/stm_driver.o
 .debug_frame   0x0000055c       0x50 ./Sources/main.o
