Archive member included to satisfy reference by file (symbol)

D:/NXP/S32DS_Power_v2.1/S32DS/build_tools/e200_ewl2/lib/e200z4/fp\libc99.a(memset.o)
                              ./Sources/main.o (memset)
D:/NXP/S32DS_Power_v2.1/S32DS/build_tools/e200_ewl2/lib/e200z4/fp\libc99.a(__filll_mem.o)
                              D:/NXP/S32DS_Power_v2.1/S32DS/build_tools/e200_ewl2/lib/e200z4/fp\libc99.a(memset.o) (__fill_mem)
d:/nxp/s32ds_power_v2.1/s32ds/build_tools/powerpc-eabivle-4_9/bin/../lib/gcc/powerpc-eabivle/4.9.4/e200z4/fp\libgcc.a(e200crtresxgpr.o)
                              D:/NXP/S32DS_Power_v2.1/S32DS/build_tools/e200_ewl2/lib/e200z4/fp\libc99.a(memset.o) (_restgpr_31_x)
d:/nxp/s32ds_power_v2.1/s32ds/build_tools/powerpc-eabivle-4_9/bin/../lib/gcc/powerpc-eabivle/4.9.4/e200z4/fp\libgcc.a(eabivle.o)
                              ./Sources/main.o (__eabi)

Discarded input sections

 .text          0x00000000        0x0 d:/nxp/s32ds_power_v2.1/s32ds/build_tools/powerpc-eabivle-4_9/bin/../lib/gcc/powerpc-eabivle/4.9.4/e200z4/fp/ecrti.o
 .data          0x00000000        0x0 d:/nxp/s32ds_power_v2.1/s32ds/build_tools/powerpc-eabivle-4_9/bin/../lib/gcc/powerpc-eabivle/4.9.4/e200z4/fp/ecrti.o
 .bss           0x00000000        0x0 d:/nxp/s32ds_power_v2.1/s32ds/build_tools/powerpc-eabivle-4_9/bin/../lib/gcc/powerpc-eabivle/4.9.4/e200z4/fp/ecrti.o
 .fixup         0x00000000        0x0 d:/nxp/s32ds_power_v2.1/s32ds/build_tools/powerpc-eabivle-4_9/bin/../lib/gcc/powerpc-eabivle/4.9.4/e200z4/fp/ecrti.o
 .sbss          0x00000000        0x0 d:/nxp/s32ds_power_v2.1/s32ds/build_tools/powerpc-eabivle-4_9/bin/../lib/gcc/powerpc-eabivle/4.9.4/e200z4/fp/ecrti.o
 .sbss2         0x00000000        0x0 d:/nxp/s32ds_power_v2.1/s32ds/build_tools/powerpc-eabivle-4_9/bin/../lib/gcc/powerpc-eabivle/4.9.4/e200z4/fp/ecrti.o
 .gcc_except_table
                0x00000000        0x0 d:/nxp/s32ds_power_v2.1/s32ds/build_tools/powerpc-eabivle-4_9/bin/../lib/gcc/powerpc-eabivle/4.9.4/e200z4/fp/ecrti.o
 .data          0x00000000        0x4 d:/nxp/s32ds_power_v2.1/s32ds/build_tools/powerpc-eabivle-4_9/bin/../lib/gcc/powerpc-eabivle/4.9.4/e200z4/fp/crtbegin.o
 .group         0x00000000        0x8 ./Generated_Code/Cpu.o
 .group         0x00000000        0x8 ./Generated_Code/Cpu.o
 .group         0x00000000        0x8 ./Generated_Code/Cpu.o
 .group         0x00000000        0x8 ./Generated_Code/Cpu.o
 .group         0x00000000        0x8 ./Generated_Code/Cpu.o
 .group         0x00000000        0x8 ./Generated_Code/Cpu.o
 .group         0x00000000        0x8 ./Generated_Code/Cpu.o
 .group         0x00000000        0x8 ./Generated_Code/Cpu.o
 .group         0x00000000        0x8 ./Generated_Code/Cpu.o
 .group         0x00000000        0x8 ./Generated_Code/Cpu.o
 .group         0x00000000        0x8 ./Generated_Code/Cpu.o
 .group         0x00000000        0x8 ./Generated_Code/Cpu.o
 .group         0x00000000        0x8 ./Generated_Code/Cpu.o
 .group         0x00000000        0x8 ./Generated_Code/Cpu.o
 .group         0x00000000        0x8 ./Generated_Code/Cpu.o
 .group         0x00000000        0x8 ./Generated_Code/Cpu.o
 .group         0x00000000        0x8 ./Generated_Code/Cpu.o
 .group         0x00000000        0x8 ./Generated_Code/Cpu.o
 .group         0x00000000        0x8 ./Generated_Code/Cpu.o
 .group         0x00000000        0x8 ./Generated_Code/Cpu.o
 .group         0x00000000        0x8 ./Generated_Code/Cpu.o
 .group         0x00000000        0x8 ./Generated_Code/Cpu.o
 .group         0x00000000        0x8 ./Generated_Code/Cpu.o
 .group         0x00000000        0x8 ./Generated_Code/Cpu.o
 .group         0x00000000        0x8 ./Generated_Code/Cpu.o
 .group         0x00000000        0x8 ./Generated_Code/Cpu.o
 .group         0x00000000        0x8 ./Generated_Code/Cpu.o
 .group         0x00000000        0x8 ./Generated_Code/Cpu.o
 .text          0x00000000        0x0 ./Generated_Code/Cpu.o
 .data          0x00000000        0x0 ./Generated_Code/Cpu.o
 .bss           0x00000000        0x0 ./Generated_Code/Cpu.o
 .debug_info    0x00000000       0x76 ./Generated_Code/Cpu.o
 .debug_abbrev  0x00000000       0x29 ./Generated_Code/Cpu.o
 .debug_aranges
                0x00000000       0x18 ./Generated_Code/Cpu.o
 .debug_macro   0x00000000      0x205 ./Generated_Code/Cpu.o
 .debug_macro   0x00000000      0x616 ./Generated_Code/Cpu.o
 .debug_macro   0x00000000       0x52 ./Generated_Code/Cpu.o
 .debug_macro   0x00000000       0xa0 ./Generated_Code/Cpu.o
 .debug_macro   0x00000000       0x16 ./Generated_Code/Cpu.o
 .debug_macro   0x00000000       0x11 ./Generated_Code/Cpu.o
 .debug_macro   0x00000000       0x75 ./Generated_Code/Cpu.o
 .debug_macro   0x00000000       0x16 ./Generated_Code/Cpu.o
 .debug_macro   0x00000000       0x5e ./Generated_Code/Cpu.o
 .debug_macro   0x00000000      0x1aa ./Generated_Code/Cpu.o
 .debug_macro   0x00000000      0x13a ./Generated_Code/Cpu.o
 .debug_macro   0x00000000       0x9d ./Generated_Code/Cpu.o
[...]
Memory Configuration

Name             Origin             Length             Attributes
SRAM             0x40000000         0x00040000
*default*        0x00000000         0xffffffff

Linker script and memory map

LOAD d:/nxp/s32ds_power_v2.1/s32ds/build_tools/powerpc-eabivle-4_9/bin/../lib/gcc/powerpc-eabivle/4.9.4/e200z4/fp/ecrti.o
LOAD d:/nxp/s32ds_power_v2.1/s32ds/build_tools/powerpc-eabivle-4_9/bin/../lib/gcc/powerpc-eabivle/4.9.4/e200z4/fp/crtbegin.o
LOAD ./Generated_Code/Cpu.o
LOAD ./Generated_Code/can_pal1.o
LOAD ./Generated_Code/clockMan1.o
LOAD ./Generated_Code/dmaController1.o
LOAD ./Generated_Code/pin_mux.o
LOAD ./Project_Settings/Startup_Code/core0_intc_sw_handlers.o
LOAD ./Project_Settings/Startup_Code/interrupt_vectors.o
LOAD ./Project_Settings/Startup_Code/startup_MPC5748G.o
LOAD ./SDK/platform/devices/MPC5748G/startup/system_MPC5748G.o
LOAD ./SDK/platform/devices/startup.o
LOAD ./SDK/platform/drivers/src/clock/MPC57xx/clock_MPC57xx.o
LOAD ./SDK/platform/drivers/src/edma/edma_driver.o
LOAD ./SDK/platform/drivers/src/edma/edma_hw_access.o
LOAD ./SDK/platform/drivers/src/edma/edma_irq.o
LOAD ./SDK/platform/drivers/src/flexcan/flexcan_driver.o
LOAD ./SDK/platform/drivers/src/flexcan/flexcan_hw_access.o
LOAD ./SDK/platform/drivers/src/flexcan/flexcan_irq.o
LOAD ./SDK/platform/drivers/src/interrupt/interrupt_manager_MPC57xx.o
LOAD ./SDK/platform/drivers/src/pins/siul2/pins_siul2_driver.o
LOAD ./SDK/platform/drivers/src/pins/siul2/siul2_hw_access.o
LOAD ./SDK/platform/pal/src/can/can_pal.o
LOAD ./SDK/rtos/osif/osif_baremetal.o
LOAD ./Sources/main.o
START GROUP
LOAD D:/NXP/S32DS_Power_v2.1/S32DS/build_tools/e200_ewl2/lib/e200z4/fp\libc99.a
LOAD D:/NXP/S32DS_Power_v2.1/S32DS/build_tools/e200_ewl2/lib/e200z4/fp\libm.a
LOAD d:/nxp/s32ds_power_v2.1/s32ds/build_tools/powerpc-eabivle-4_9/bin/../lib/gcc/powerpc-eabivle/4.9.4/e200z4/fp\libgcc.a
LOAD D:/NXP/S32DS_Power_v2.1/S32DS/build_tools/e200_ewl2/lib/e200z4/fp\librt.a
END GROUP
LOAD d:/nxp/s32ds_power_v2.1/s32ds/build_tools/powerpc-eabivle-4_9/bin/../lib/gcc/powerpc-eabivle/4.9.4/e200z4/fp/crtend.o
LOAD d:/nxp/s32ds_power_v2.1/s32ds/build_tools/powerpc-eabivle-4_9/bin/../lib/gcc/powerpc-eabivle/4.9.4/e200z4/fp/ecrtn.o
                0x00000000                __HEAP_SIZE = DEFINED (__heap_size__)?__heap_size__:0x0
                0x00001000                __STACK_SIZE = DEFINED (__stack_size__)?__stack_size__:0x1000
                0x40000000                SRAM_BASE_ADDR = DEFINED (__sram_base_addr__)?__sram_base_addr__:0x40000000
                0x00040000                SRAM_SIZE = DEFINED (__sram_size__)?__sram_size__:0x40000

.startup        0x40000000      0x168
                0x40000000                __start = .
 *(.startup)
 .startup       0x40000000      0x168 ./Project_Settings/Startup_Code/startup_MPC5748G.o
                0x40000000                Reset_Handler
                0x40000000                _start

.core_exceptions_table
                0x40001000       0xb4
                0x40001000                __IVPR_VALUE = .
 *(.core_exceptions_table)
 .core_exceptions_table
                0x40001000       0xb4 ./Project_Settings/Startup_Code/interrupt_vectors.o
                0x40001000                IVOR0_Vector
                0x40001000                VTABLE
                0x40001010                IVOR1_Vector
                0x40001020                IVOR2_Vector
                0x40001030                IVOR3_Vector
                0x40001040                IVOR4_Vector
                0x40001050                IVOR5_Vector
                0x40001060                IVOR6_Vector
                0x40001070                IVOR35_Vector
                0x40001080                IVOR8_Vector
                0x40001090                IVOR15_Vector
                0x400010a0                IVOR33_Vector
                0x400010b0                IVOR34_Vector

.intc_vector_table
                0x40002000      0xbcc
                0x40002000                __VECTOR_TABLE = .
                0x40002000                __VECTOR_RAM = .
                0x40002000                __interrupts_start__ = .
 *(.intc_vector_table)
 .intc_vector_table
                0x40002000      0xbcc ./Project_Settings/Startup_Code/startup_MPC5748G.o
                0x40002000                __isr_vector
                0x40002bc8                PIT_Ch14_IRQHandler
                0x40002bc8                PIT_Ch0_IRQHandler
                0x40002bc8                LINFLEXD6_UART_ErrIRQHandler
                0x40002bc8                LINFLEXD5_UART_ErrIRQHandler
                0x40002bc8                DSPI1_Send_IRQHandler
                0x40002bc8                LINFLEXD2_UART_TxIRQHandler
                0x40002bc8                SIUL_EIRQ_16_23_IRQHandler
                0x40002bc8                ENET0_Rx_1_IRQHandler
                0x40002bc8                EMIOS0_30_31_IRQHandler
                0x40002bc8                SWT0_IRQHandler
                0x40002bc8                PIT_Ch10_IRQHandler
                0x40002bc8                SAI2_Rx_IRQHandler
                0x40002bc8                DSPI0_FIFO_Error_IRQHandler
                0x40002bc8                LINFLEXD3_UART_ErrIRQHandler
                0x40002bc8                PIT_Ch15_IRQHandler
                0x40002bc8                EMIOS1_00_01_IRQHandler
                0x40002bc8                ADC1_WD_IRQHandler
                0x40002bc8                IVOR5_Exception_Handler
                0x40002bc8                ADC0_WD_IRQHandler
                0x40002bc8                EMIOS0_10_11_IRQHandler
                0x40002bc8                USBOTG_IRQHandler
                0x40002bc8                DSPI5_FIFO_Error_IRQHandler
                0x40002bc8                DSPI6_Send_IRQHandler
                0x40002bc8                EMIOS1_26_27_IRQHandler
                0x40002bc8                STM2_Ch2_IRQHandler
                0x40002bc8                IVOR34_Exception_Handler
                0x40002bc8                DSPI4_Send_IRQHandler
                0x40002bc8                WKPU_23_16_IRQHandler
                0x40002bc8                STM2_Ch3_IRQHandler
                0x40002bc8                DSPI3_Send_IRQHandler
                0x40002bc8                ENET0_Tx_2_IRQHandler
                0x40002bc8                LINFLEXD0_UART_ErrIRQHandler
                0x40002bc8                LINFLEXD14_UART_RxIRQHandler
                0x40002bc8                ENET1_Rx_2_IRQHandler
                0x40002bc8                IVOR2_Exception_Handler
                0x40002bc8                PIT_Ch7_IRQHandler
                0x40002bc8                STM2_Ch1_IRQHandler
                0x40002bc8                EMIOS1_04_05_IRQHandler
                0x40002bc8                LINFLEXD11_UART_TxIRQHandler
                0x40002bc8                ENET1_Tx_IRQHandler
                0x40002bc8                SAI2_Tx_IRQHandler
                0x40002bc8                LINFLEXD5_UART_RxIRQHandler
                0x40002bc8                LINFLEXD7_UART_RxIRQHandler
                0x40002bc8                SWT2_IRQHandler
                0x40002bc8                EMIOS0_24_25_IRQHandler
                0x40002bc8                EMIOS2_00_01_IRQHandler
                0x40002bc8                LINFLEXD10_UART_TxIRQHandler
                0x40002bc8                LINFLEXD13_UART_TxIRQHandler
                0x40002bc8                IVOR33_Exception_Handler
                0x40002bc8                SAI0_Tx_IRQHandler
                0x40002bc8                LINFLEXD9_UART_ErrIRQHandler
                0x40002bc8                ENET0_Parser_IRQHandler
                0x40002bc8                EMIOS2_26_27_IRQHandler
                0x40002bc8                LINFLEXD0_UART_TxIRQHandler
                0x40002bc8                DSPI9_FIFO_Error_IRQHandler
                0x40002bc8                DSPI2_FIFO_Error_IRQHandler
                0x40002bc8                EMIOS1_30_31_IRQHandler
                0x40002bc8                LINFLEXD10_UART_RxIRQHandler
                0x40002bc8                PIT_Ch5_IRQHandler
                0x40002bc8                EMIOS0_12_13_IRQHandler
                0x40002bc8                PIT_Ch1_IRQHandler
                0x40002bc8                LINFLEXD14_UART_TxIRQHandler
                0x40002bc8                LINFLEXD9_UART_TxIRQHandler
                0x40002bc8                LINFLEXD14_UART_ErrIRQHandler
                0x40002bc8                LINFLEXD16_UART_ErrIRQHandler
                0x40002bc8                ENET0_Err_IRQHandler
                0x40002bc8                ENET1_Timer_IRQHandler
                0x40002bc8                DSPI0_Send_IRQHandler
                0x40002bc8                ENET1_Rx_IRQHandler
                0x40002bc8                EMIOS1_14_15_IRQHandler
                0x40002bc8                LINFLEXD17_UART_RxIRQHandler
                0x40002bc8                DSPI6_Receive_IRQHandler
                0x40002bc8                LINFLEXD10_UART_ErrIRQHandler
                0x40002bc8                CMP0_IRQHandler
                0x40002bc8                PIT_Ch2_IRQHandler
                0x40002bc8                DSPI0_Receive_IRQHandler
                0x40002bc8                I2C_DRV_Module2IRQHandler
                0x40002bc8                SAI1_Tx_IRQHandler
                0x40002bc8                DSPI2_Send_IRQHandler
                0x40002bc8                EMIOS0_16_17_IRQHandler
                0x40002bc8                BCTU_ListLast_IRQHandler
                0x40002bc8                ENET0_Rx_IRQHandler
                0x40002bc8                STM2_Ch0_IRQHandler
                0x40002bc8                ADC0_EOC_IRQHandler
                0x40002bc8                LINFLEXD11_UART_ErrIRQHandler
                0x40002bc8                IVOR15_Exception_Handler
                0x40002bc8                DSPI4_FIFO_Error_IRQHandler
                0x40002bc8                LINFLEXD15_UART_RxIRQHandler
                0x40002bc8                DSPI2_Receive_IRQHandler
                0x40002bc8                LINFLEXD1_UART_ErrIRQHandler
                0x40002bc8                EMIOS1_10_11_IRQHandler
                0x40002bc8                PIT_Ch4_IRQHandler
                0x40002bc8                DSPI9_Receive_IRQHandler
                0x40002bc8                ADC1_ER_IRQHandler
                0x40002bc8                LINFLEXD13_UART_RxIRQHandler
                0x40002bc8                EMIOS0_22_23_IRQHandler
                0x40002bc8                EMIOS1_28_29_IRQHandler
                0x40002bc8                SAI0_Rx_IRQHandler
                0x40002bc8                DSPI3_Receive_IRQHandler
                0x40002bc8                EMIOS2_28_29_IRQHandler
                0x40002bc8                ENET0_Tx_1_IRQHandler
                0x40002bc8                PIT_Ch11_IRQHandler
                0x40002bc8                ENET1_Tx_1_IRQHandler
                0x40002bc8                SIUL_EIRQ_00_07_IRQHandler
                0x40002bc8                LINFLEXD4_UART_TxIRQHandler
                0x40002bc8                LINFLEXD13_UART_ErrIRQHandler
                0x40002bc8                LINFLEXD12_UART_TxIRQHandler
                0x40002bc8                ADC0_ER_IRQHandler
                0x40002bc8                LINFLEXD8_UART_TxIRQHandler
                0x40002bc8                PIT_Ch12_IRQHandler
                0x40002bc8                ENET0_Rx_2_IRQHandler
                0x40002bc8                LINFLEXD11_UART_RxIRQHandler
                0x40002bc8                DSPI1_FIFO_Error_IRQHandler
                0x40002bc8                DSPI7_Receive_IRQHandler
                0x40002bc8                LINFLEXD6_UART_TxIRQHandler
                0x40002bc8                STM1_Ch2_IRQHandler
                0x40002bc8                CMP2_IRQHandler
                0x40002bc8                EMIOS2_20_21_IRQHandler
                0x40002bc8                IVOR1_Exception_Handler
                0x40002bc8                LINFLEXD7_UART_TxIRQHandler
                0x40002bc8                DSPI7_FIFO_Error_IRQHandler
                0x40002bc8                STM1_Ch0_IRQHandler
                0x40002bc8                DSPI8_Receive_IRQHandler
                0x40002bc8                LINFLEXD16_UART_TxIRQHandler
                0x40002bc8                PIT_Ch13_IRQHandler
                0x40002bc8                LINFLEXD2_UART_RxIRQHandler
                0x40002bc8                I2C_DRV_Module1IRQHandler
                0x40002bc8                ENET0_Tx_IRQHandler
                0x40002bc8                SIUL_EIRQ_24_31_IRQHandler
                0x40002bc8                EMIOS1_06_07_IRQHandler
                0x40002bc8                IVOR3_Exception_Handler
                0x40002bc8                DSPI9_Send_IRQHandler
                0x40002bc8                IVOR8_Exception_Handler
                0x40002bc8                PIT_RTI_IRQHandler
                0x40002bc8                LINFLEXD3_UART_RxIRQHandler
                0x40002bc8                LINFLEXD2_UART_ErrIRQHandler
                0x40002bc8                WKPU_31_24_IRQHandler
                0x40002bc8                LINFLEXD12_UART_RxIRQHandler
                0x40002bc8                LINFLEXD12_UART_ErrIRQHandler
                0x40002bc8                EMIOS1_12_13_IRQHandler
                0x40002bc8                STM1_Ch1_IRQHandler
                0x40002bc8                STM0_Ch0_IRQHandler
                0x40002bc8                DSPI5_Receive_IRQHandler
                0x40002bc8                USBHS_IRQHandler
                0x40002bc8                LINFLEXD17_UART_TxIRQHandler
                0x40002bc8                WKPU_15_08_IRQHandler
                0x40002bc8                EMIOS1_02_03_IRQHandler
                0x40002bc8                LINFLEXD4_UART_ErrIRQHandler
                0x40002bc8                STM0_Ch2_IRQHandler
                0x40002bc8                STM0_Ch3_IRQHandler
                0x40002bc8                EMIOS0_00_01_IRQHandler
                0x40002bc8                LINFLEXD0_UART_RxIRQHandler
                0x40002bc8                LINFLEXD15_UART_TxIRQHandler
                0x40002bc8                LINFLEXD15_UART_ErrIRQHandler
                0x40002bc8                LINFLEXD6_UART_RxIRQHandler
                0x40002bc8                DSPI8_FIFO_Error_IRQHandler
                0x40002bc8                RTC0_IRQHandler
                0x40002bc8                EMIOS0_18_19_IRQHandler
                0x40002bc8                LINFLEXD17_UART_ErrIRQHandler
                0x40002bc8                EMIOS2_02_03_IRQHandler
                0x40002bc8                EMIOS2_18_19_IRQHandler
                0x40002bc8                LINFLEXD8_UART_RxIRQHandler
                0x40002bc8                I2C_DRV_Module0IRQHandler
                0x40002bc8                LINFLEXD7_UART_ErrIRQHandler
                0x40002bc8                EMIOS0_20_21_IRQHandler
                0x40002bc8                DSPI3_FIFO_Error_IRQHandler
                0x40002bc8                I2C_DRV_Module3IRQHandler
                0x40002bc8                DSPI7_Send_IRQHandler
                0x40002bc8                STM1_Ch3_IRQHandler
                0x40002bc8                PIT_Ch6_IRQHandler
                0x40002bc8                IVOR6_Exception_Handler
                0x40002bc8                EMIOS1_24_25_IRQHandler
                0x40002bc8                EMIOS2_04_05_IRQHandler
                0x40002bc8                HSM_DRV_IRQHandler
                0x40002bc8                EMIOS1_08_09_IRQHandler
                0x40002bc8                LINFLEXD5_UART_TxIRQHandler
                0x40002bc8                EMIOS2_12_13_IRQHandler
                0x40002bc8                EMIOS2_10_11_IRQHandler
                0x40002bc8                PIT_Ch9_IRQHandler
                0x40002bc8                PIT_Ch3_IRQHandler
                0x40002bc8                EMIOS0_26_27_IRQHandler
                0x40002bc8                EMIOS1_22_23_IRQHandler
                0x40002bc8                DSPI1_Receive_IRQHandler
                0x40002bc8                EMIOS0_08_09_IRQHandler
                0x40002bc8                DSPI6_FIFO_Error_IRQHandler
                0x40002bc8                DSPI4_Receive_IRQHandler
                0x40002bc8                SIUL_EIRQ_08_15_IRQHandler
                0x40002bc8                ENET1_Rx_1_IRQHandler
                0x40002bc8                FLASH_Done_IRQHandler
                0x40002bc8                ENET1_Err_IRQHandler
                0x40002bc8                LINFLEXD1_UART_TxIRQHandler
                0x40002bc8                EMIOS2_06_07_IRQHandler
                0x40002bc8                ENET1_Parser_IRQHandler
                0x40002bc8                EMIOS0_04_05_IRQHandler
                0x40002bc8                LINFLEXD4_UART_RxIRQHandler
                0x40002bc8                EMIOS2_24_25_IRQHandler
                0x40002bc8                LINFLEXD16_UART_RxIRQHandler
                0x40002bc8                DSPI8_Send_IRQHandler
                0x40002bc8                API0_IRQHandler
                0x40002bc8                EMIOS1_16_17_IRQHandler
                0x40002bc8                SWT1_IRQHandler
                0x40002bc8                EMIOS1_18_19_IRQHandler
                0x40002bc8                EMIOS2_14_15_IRQHandler
                0x40002bc8                EMIOS0_06_07_IRQHandler
                0x40002bc8                DefaultISR
                0x40002bc8                EMIOS0_28_29_IRQHandler
                0x40002bc8                EMIOS2_08_09_IRQHandler
                0x40002bc8                CMP1_IRQHandler
                0x40002bc8                EMIOS0_02_03_IRQHandler
                0x40002bc8                PIT_Ch8_IRQHandler
                0x40002bc8                IVOR0_Exception_Handler
                0x40002bc8                IVOR35_Exception_Handler
                0x40002bc8                LINFLEXD3_UART_TxIRQHandler
                0x40002bc8                LINFLEXD9_UART_RxIRQHandler
                0x40002bc8                uSDHC_DriverIRQHandler
                0x40002bc8                EMIOS2_22_23_IRQHandler
                0x40002bc8                SAI1_Rx_IRQHandler
                0x40002bc8                EMIOS2_30_31_IRQHandler
                0x40002bc8                LINFLEXD8_UART_ErrIRQHandler
                0x40002bc8                DSPI5_Send_IRQHandler
                0x40002bc8                ADC1_EOC_IRQHandler
                0x40002bc8                ENET0_Timer_IRQHandler
                0x40002bc8                ENET1_Tx_2_IRQHandler
                0x40002bc8                STM0_Ch1_IRQHandler
                0x40002bc8                FCCU0_IRQ_Handler
                0x40002bc8                EMIOS1_20_21_IRQHandler
                0x40002bc8                EMIOS2_16_17_IRQHandler
                0x40002bc8                LINFLEXD1_UART_RxIRQHandler
                0x40002bc8                BCTU_ConvUpdate_IRQHandler
                0x40002bc8                WKPU_07_00_IRQHandler
                0x40002bc8                EMIOS0_14_15_IRQHandler
                0x40002bcc                __interrupts_end__ = .
                0x00000000                __RAM_VECTOR_TABLE_SIZE = 0x0
                0x40002000                __VECTOR_TABLE_COPY_END = (__VECTOR_TABLE + __RAM_VECTOR_TABLE_SIZE)
                0x00000000                __CUSTOM_ROM = 0x0
                0x00000000                __CUSTOM_END = 0x0

.customSectionBlock
                0x40002bcc        0x0
                0x40002bcc                . = ALIGN (0x4)
                0x40002bcc                __CUSTOM_RAM = .
                0x40002bcc                __customSectionStart = .
                0x40002bcc                __customSection_start__ = .
 *(.customSection)
                0x40002bcc                __customSection_end__ = .
                0x40002bcc                __customSectionEnd = .

.text           0x40002bd0     0x45c0
 *(.text.startup)
 *(.text)
 .text          0x40002bd0      0x16c d:/nxp/s32ds_power_v2.1/s32ds/build_tools/powerpc-eabivle-4_9/bin/../lib/gcc/powerpc-eabivle/4.9.4/e200z4/fp/crtbegin.o
 *fill*         0x40002d3c        0x4 
 .text          0x40002d40      0x2f6 ./Project_Settings/Startup_Code/core0_intc_sw_handlers.o
                0x40002d80                IVOR0_Handler
                0x40002dae                IVOR1_Handler
                0x40002dfc                IVOR2_Handler
                0x40002e36                IVOR3_Handler
                0x40002e70                IVOR4_Handler
                0x40002eb8                IVOR5_Handler
                0x40002ef2                IVOR6_Handler
                0x40002f2c                IVOR8_Handler
                0x40002f66                IVOR15_Handler
                0x40002f94                IVOR33_Handler
                0x40002fce                IVOR34_Handler
                0x40003008                IVOR35_Handler
 .text          0x40003036       0x52 d:/nxp/s32ds_power_v2.1/s32ds/build_tools/powerpc-eabivle-4_9/bin/../lib/gcc/powerpc-eabivle/4.9.4/e200z4/fp\libgcc.a(e200crtresxgpr.o)
                0x40003036                _restgpr_14_x
                0x4000303a                _restgpr_15_x
                0x4000303e                _restgpr_16_x
                0x40003042                _restgpr_17_x
                0x40003046                _restgpr_18_x
                0x4000304a                _restgpr_19_x
                0x4000304e                _restgpr_20_x
                0x40003052                _restgpr_21_x
                0x40003056                _restgpr_22_x
                0x4000305a                _restgpr_23_x
                0x4000305e                _restgpr_24_x
                0x40003062                _restgpr_25_x
                0x40003066                _restgpr_26_x
                0x4000306a                _restgpr_27_x
                0x4000306e                _restgpr_28_x
                0x40003072                _restgpr_29_x
                0x40003076                _restgpr_30_x
                0x4000307a                _restgpr_31_x
 .text          0x40003088       0x4a d:/nxp/s32ds_power_v2.1/s32ds/build_tools/powerpc-eabivle-4_9/bin/../lib/gcc/powerpc-eabivle/4.9.4/e200z4/fp\libgcc.a(eabivle.o)
                0x40003088                __eabi
 *fill*         0x400030d2        0x2 
 .text          0x400030d4       0x48 d:/nxp/s32ds_power_v2.1/s32ds/build_tools/powerpc-eabivle-4_9/bin/../lib/gcc/powerpc-eabivle/4.9.4/e200z4/fp/crtend.o
 *(.text.*)
 .text.SystemInit
                0x4000311c       0xb6 ./SDK/platform/devices/MPC5748G/startup/system_MPC5748G.o
                0x4000311c                SystemInit
 *fill*         0x400031d2        0x2 
 .text.init_data_bss
                0x400031d4       0xb8 ./SDK/platform/devices/startup.o
                0x400031d4                init_data_bss
 .text.CLOCK_SYS_GetFircFreq
                0x4000328c       0x1e ./SDK/platform/drivers/src/clock/MPC57xx/clock_MPC57xx.o
 *fill*         0x400032aa        0x2 
 .text.CLOCK_SYS_GetFxoscFreq
                0x400032ac       0x1e ./SDK/platform/drivers/src/clock/MPC57xx/clock_MPC57xx.o
 *fill*         0x400032ca        0x2 
 .text.CLOCK_SYS_CalculateFrequenciesOfClockSources
                0x400032cc      0x13e ./SDK/platform/drivers/src/clock/MPC57xx/clock_MPC57xx.o
 *fill*         0x4000340a        0x2 
 .text.CLOCK_DRV_Init
                0x4000340c      0xb30 ./SDK/platform/drivers/src/clock/MPC57xx/clock_MPC57xx.o
                0x4000340c                CLOCK_DRV_Init
 .text.CLOCK_SYS_Init
                0x40003f3c       0x18 ./SDK/platform/drivers/src/clock/MPC57xx/clock_MPC57xx.o
                0x40003f3c                CLOCK_SYS_Init
 .text.CLOCK_SYS_UpdateConfiguration
                0x40003f54      0x172 ./SDK/platform/drivers/src/clock/MPC57xx/clock_MPC57xx.o
                0x40003f54                CLOCK_SYS_UpdateConfiguration
 *fill*         0x400040c6        0x2 
 .text.EDMA_DRV_InstallCallback
                0x400040c8       0x16 ./SDK/platform/drivers/src/edma/edma_driver.o
                0x400040c8                EDMA_DRV_InstallCallback
 *fill*         0x400040de        0x2 
 .text.EDMA_DRV_IRQHandler
                0x400040e0       0x52 ./SDK/platform/drivers/src/edma/edma_driver.o
                0x400040e0                EDMA_DRV_IRQHandler
 *fill*         0x40004132        0x2 
 .text.EDMA_DRV_ErrorIRQHandler
                0x40004134       0x6c ./SDK/platform/drivers/src/edma/edma_driver.o
                0x40004134                EDMA_DRV_ErrorIRQHandler
 .text.EDMA_DRV_ConfigSingleBlockTransfer
                0x400041a0      0x15c ./SDK/platform/drivers/src/edma/edma_driver.o
                0x400041a0                EDMA_DRV_ConfigSingleBlockTransfer
 .text.EDMA_DRV_StartChannel
                0x400042fc       0x20 ./SDK/platform/drivers/src/edma/edma_driver.o
                0x400042fc                EDMA_DRV_StartChannel
 .text.EDMA_DRV_StopChannel
                0x4000431c       0x20 ./SDK/platform/drivers/src/edma/edma_driver.o
                0x4000431c                EDMA_DRV_StopChannel
 .text.EDMA_DRV_DisableRequestsOnTransferComplete
                0x4000433c       0x1e ./SDK/platform/drivers/src/edma/edma_driver.o
                0x4000433c                EDMA_DRV_DisableRequestsOnTransferComplete
 *fill*         0x4000435a        0x2 
 .text.EDMA_DRV_GetDmaRegBaseAddr
                0x4000435c        0x6 ./SDK/platform/drivers/src/edma/edma_driver.o
                0x4000435c                EDMA_DRV_GetDmaRegBaseAddr
 *fill*         0x40004362        0x2 
 .text.EDMA_GetErrorIntStatusFlag
                0x40004364        0xa ./SDK/platform/drivers/src/edma/edma_hw_access.o
                0x40004364                EDMA_GetErrorIntStatusFlag
 *fill*         0x4000436e        0x2 
 .text.EDMA_ClearErrorIntStatusFlag
                0x40004370        0x6 ./SDK/platform/drivers/src/edma/edma_hw_access.o
                0x40004370                EDMA_ClearErrorIntStatusFlag
 *fill*         0x40004376        0x2 
 .text.EDMA_SetDmaRequestCmd
                0x40004378       0x12 ./SDK/platform/drivers/src/edma/edma_hw_access.o
                0x40004378                EDMA_SetDmaRequestCmd
 *fill*         0x4000438a        0x2 
 .text.EDMA_ClearDoneStatusFlag
                0x4000438c        0x6 ./SDK/platform/drivers/src/edma/edma_hw_access.o
                0x4000438c                EDMA_ClearDoneStatusFlag
 *fill*         0x40004392        0x2 
 .text.EDMA_ClearIntStatusFlag
                0x40004394        0x6 ./SDK/platform/drivers/src/edma/edma_hw_access.o
                0x40004394                EDMA_ClearIntStatusFlag
 *fill*         0x4000439a        0x2 
 .text.EDMA_SetMinorLoopMappingCmd
                0x4000439c       0x14 ./SDK/platform/drivers/src/edma/edma_hw_access.o
                0x4000439c                EDMA_SetMinorLoopMappingCmd
 .text.EDMA_TCDClearReg
                0x400043b0       0x34 ./SDK/platform/drivers/src/edma/edma_hw_access.o
                0x400043b0                EDMA_TCDClearReg
 .text.EDMA_TCDSetSrcAddr
                0x400043e4        0xc ./SDK/platform/drivers/src/edma/edma_hw_access.o
                0x400043e4                EDMA_TCDSetSrcAddr
 .text.EDMA_TCDSetSrcOffset
                0x400043f0        0xe ./SDK/platform/drivers/src/edma/edma_hw_access.o
                0x400043f0                EDMA_TCDSetSrcOffset
 *fill*         0x400043fe        0x2 
 .text.EDMA_TCDSetAttribute
                0x40004400       0x24 ./SDK/platform/drivers/src/edma/edma_hw_access.o
                0x40004400                EDMA_TCDSetAttribute
 .text.EDMA_TCDSetNbytes
                0x40004424       0x42 ./SDK/platform/drivers/src/edma/edma_hw_access.o
                0x40004424                EDMA_TCDSetNbytes
 *fill*         0x40004466        0x2 
 .text.EDMA_TCDSetDestAddr
                0x40004468        0xa ./SDK/platform/drivers/src/edma/edma_hw_access.o
                0x40004468                EDMA_TCDSetDestAddr
 *fill*         0x40004472        0x2 
 .text.EDMA_TCDSetDestOffset
                0x40004474        0xc ./SDK/platform/drivers/src/edma/edma_hw_access.o
                0x40004474                EDMA_TCDSetDestOffset
 .text.EDMA_TCDSetDisableDmaRequestAfterTCDDoneCmd
                0x40004480       0x26 ./SDK/platform/drivers/src/edma/edma_hw_access.o
                0x40004480                EDMA_TCDSetDisableDmaRequestAfterTCDDoneCmd
 *fill*         0x400044a6        0x2 
 .text.EDMA_TCDSetMajorCompleteIntCmd
                0x400044a8       0x26 ./SDK/platform/drivers/src/edma/edma_hw_access.o
                0x400044a8                EDMA_TCDSetMajorCompleteIntCmd
 *fill*         0x400044ce        0x2 
 .text.EDMA_TCDSetMajorCount
                0x400044d0       0x5e ./SDK/platform/drivers/src/edma/edma_hw_access.o
                0x400044d0                EDMA_TCDSetMajorCount
 *fill*         0x4000452e        0x2 
 .text.DMA0_Ch0_IRQHandler
                0x40004530       0x16 ./SDK/platform/drivers/src/edma/edma_irq.o
                0x40004530                DMA0_Ch0_IRQHandler
 *fill*         0x40004546        0x2 
 .text.DMA0_Ch1_IRQHandler
                0x40004548       0x16 ./SDK/platform/drivers/src/edma/edma_irq.o
                0x40004548                DMA0_Ch1_IRQHandler
 *fill*         0x4000455e        0x2 
 .text.DMA0_Ch2_IRQHandler
                0x40004560       0x16 ./SDK/platform/drivers/src/edma/edma_irq.o
                0x40004560                DMA0_Ch2_IRQHandler
 *fill*         0x40004576        0x2 
 .text.DMA0_Ch3_IRQHandler
                0x40004578       0x16 ./SDK/platform/drivers/src/edma/edma_irq.o
                0x40004578                DMA0_Ch3_IRQHandler
 *fill*         0x4000458e        0x2 
 .text.DMA0_Ch4_IRQHandler
                0x40004590       0x16 ./SDK/platform/drivers/src/edma/edma_irq.o
                0x40004590                DMA0_Ch4_IRQHandler
 *fill*         0x400045a6        0x2 
 .text.DMA0_Ch5_IRQHandler
                0x400045a8       0x16 ./SDK/platform/drivers/src/edma/edma_irq.o
                0x400045a8                DMA0_Ch5_IRQHandler
 *fill*         0x400045be        0x2 
 .text.DMA0_Ch6_IRQHandler
                0x400045c0       0x16 ./SDK/platform/drivers/src/edma/edma_irq.o
                0x400045c0                DMA0_Ch6_IRQHandler
 *fill*         0x400045d6        0x2 
 .text.DMA0_Ch7_IRQHandler
                0x400045d8       0x16 ./SDK/platform/drivers/src/edma/edma_irq.o
                0x400045d8                DMA0_Ch7_IRQHandler
 *fill*         0x400045ee        0x2 
 .text.DMA0_Ch8_IRQHandler
                0x400045f0       0x16 ./SDK/platform/drivers/src/edma/edma_irq.o
                0x400045f0                DMA0_Ch8_IRQHandler
 *fill*         0x40004606        0x2 
 .text.DMA0_Ch9_IRQHandler
                0x40004608       0x16 ./SDK/platform/drivers/src/edma/edma_irq.o
                0x40004608                DMA0_Ch9_IRQHandler
 *fill*         0x4000461e        0x2 
 .text.DMA0_Ch10_IRQHandler
                0x40004620       0x16 ./SDK/platform/drivers/src/edma/edma_irq.o
                0x40004620                DMA0_Ch10_IRQHandler
 *fill*         0x40004636        0x2 
 .text.DMA0_Ch11_IRQHandler
                0x40004638       0x16 ./SDK/platform/drivers/src/edma/edma_irq.o
                0x40004638                DMA0_Ch11_IRQHandler
 *fill*         0x4000464e        0x2 
 .text.DMA0_Ch12_IRQHandler
                0x40004650       0x16 ./SDK/platform/drivers/src/edma/edma_irq.o
                0x40004650                DMA0_Ch12_IRQHandler
 *fill*         0x40004666        0x2 
 .text.DMA0_Ch13_IRQHandler
                0x40004668       0x16 ./SDK/platform/drivers/src/edma/edma_irq.o
                0x40004668                DMA0_Ch13_IRQHandler
 *fill*         0x4000467e        0x2 
 .text.DMA0_Ch14_IRQHandler
                0x40004680       0x16 ./SDK/platform/drivers/src/edma/edma_irq.o
                0x40004680                DMA0_Ch14_IRQHandler
 *fill*         0x40004696        0x2 
 .text.DMA0_Ch15_IRQHandler
                0x40004698       0x16 ./SDK/platform/drivers/src/edma/edma_irq.o
                0x40004698                DMA0_Ch15_IRQHandler
 *fill*         0x400046ae        0x2 
 .text.DMA0_Ch16_IRQHandler
                0x400046b0       0x16 ./SDK/platform/drivers/src/edma/edma_irq.o
                0x400046b0                DMA0_Ch16_IRQHandler
 *fill*         0x400046c6        0x2 
 .text.DMA0_Ch17_IRQHandler
                0x400046c8       0x16 ./SDK/platform/drivers/src/edma/edma_irq.o
                0x400046c8                DMA0_Ch17_IRQHandler
 *fill*         0x400046de        0x2 
 .text.DMA0_Ch18_IRQHandler
                0x400046e0       0x16 ./SDK/platform/drivers/src/edma/edma_irq.o
                0x400046e0                DMA0_Ch18_IRQHandler
 *fill*         0x400046f6        0x2 
 .text.DMA0_Ch19_IRQHandler
                0x400046f8       0x16 ./SDK/platform/drivers/src/edma/edma_irq.o
                0x400046f8                DMA0_Ch19_IRQHandler
 *fill*         0x4000470e        0x2 
 .text.DMA0_Ch20_IRQHandler
                0x40004710       0x16 ./SDK/platform/drivers/src/edma/edma_irq.o
                0x40004710                DMA0_Ch20_IRQHandler
 *fill*         0x40004726        0x2 
 .text.DMA0_Ch21_IRQHandler
                0x40004728       0x16 ./SDK/platform/drivers/src/edma/edma_irq.o
                0x40004728                DMA0_Ch21_IRQHandler
 *fill*         0x4000473e        0x2 
 .text.DMA0_Ch22_IRQHandler
                0x40004740       0x16 ./SDK/platform/drivers/src/edma/edma_irq.o
                0x40004740                DMA0_Ch22_IRQHandler
 *fill*         0x40004756        0x2 
 .text.DMA0_Ch23_IRQHandler
                0x40004758       0x16 ./SDK/platform/drivers/src/edma/edma_irq.o
                0x40004758                DMA0_Ch23_IRQHandler
 *fill*         0x4000476e        0x2 
 .text.DMA0_Ch24_IRQHandler
                0x40004770       0x16 ./SDK/platform/drivers/src/edma/edma_irq.o
                0x40004770                DMA0_Ch24_IRQHandler
 *fill*         0x40004786        0x2 
 .text.DMA0_Ch25_IRQHandler
                0x40004788       0x16 ./SDK/platform/drivers/src/edma/edma_irq.o
                0x40004788                DMA0_Ch25_IRQHandler
 *fill*         0x4000479e        0x2 
 .text.DMA0_Ch26_IRQHandler
                0x400047a0       0x16 ./SDK/platform/drivers/src/edma/edma_irq.o
                0x400047a0                DMA0_Ch26_IRQHandler
 *fill*         0x400047b6        0x2 
 .text.DMA0_Ch27_IRQHandler
                0x400047b8       0x16 ./SDK/platform/drivers/src/edma/edma_irq.o
                0x400047b8                DMA0_Ch27_IRQHandler
 *fill*         0x400047ce        0x2 
 .text.DMA0_Ch28_IRQHandler
                0x400047d0       0x16 ./SDK/platform/drivers/src/edma/edma_irq.o
                0x400047d0                DMA0_Ch28_IRQHandler
 *fill*         0x400047e6        0x2 
 .text.DMA0_Ch29_IRQHandler
                0x400047e8       0x16 ./SDK/platform/drivers/src/edma/edma_irq.o
                0x400047e8                DMA0_Ch29_IRQHandler
 *fill*         0x400047fe        0x2 
 .text.DMA0_Ch30_IRQHandler
                0x40004800       0x16 ./SDK/platform/drivers/src/edma/edma_irq.o
                0x40004800                DMA0_Ch30_IRQHandler
 *fill*         0x40004816        0x2 
 .text.DMA0_Ch31_IRQHandler
                0x40004818       0x16 ./SDK/platform/drivers/src/edma/edma_irq.o
                0x40004818                DMA0_Ch31_IRQHandler
 *fill*         0x4000482e        0x2 
 .text.DMA0_Ch0_Ch31_Error_IRQHandler
                0x40004830       0x42 ./SDK/platform/drivers/src/edma/edma_irq.o
                0x40004830                DMA0_Ch0_Ch31_Error_IRQHandler
 *fill*         0x40004872        0x2 
 .text.FLEXCAN_StartSendData
                0x40004874       0xde ./SDK/platform/drivers/src/flexcan/flexcan_driver.o
 *fill*         0x40004952        0x2 
 .text.FLEXCAN_StartRxMessageBufferData
                0x40004954       0x9c ./SDK/platform/drivers/src/flexcan/flexcan_driver.o
 .text.FLEXCAN_CompleteRxMessageFifoData
                0x400049f0       0xd2 ./SDK/platform/drivers/src/flexcan/flexcan_driver.o
 *fill*         0x40004ac2        0x2 
 .text.FLEXCAN_CompleteRxFifoDataDMA
                0x40004ac4       0x4c ./SDK/platform/drivers/src/flexcan/flexcan_driver.o
 .text.FLEXCAN_CompleteTransfer
                0x40004b10       0x56 ./SDK/platform/drivers/src/flexcan/flexcan_driver.o
 *fill*         0x40004b66        0x2 
 .text.FLEXCAN_StartRxMessageFifoData
                0x40004b68      0x12c ./SDK/platform/drivers/src/flexcan/flexcan_driver.o
 .text.FLEXCAN_DRV_Init
                0x40004c94      0x3f6 ./SDK/platform/drivers/src/flexcan/flexcan_driver.o
                0x40004c94                FLEXCAN_DRV_Init
 *fill*         0x4000508a        0x2 
 .text.FLEXCAN_DRV_ConfigTxMb
                0x4000508c       0x4a ./SDK/platform/drivers/src/flexcan/flexcan_driver.o
                0x4000508c                FLEXCAN_DRV_ConfigTxMb
 *fill*         0x400050d6        0x2 
 .text.FLEXCAN_DRV_Send
                0x400050d8       0x42 ./SDK/platform/drivers/src/flexcan/flexcan_driver.o
                0x400050d8                FLEXCAN_DRV_Send
 *fill*         0x4000511a        0x2 
 .text.FLEXCAN_DRV_ConfigRxMb
                0x4000511c       0xa4 ./SDK/platform/drivers/src/flexcan/flexcan_driver.o
                0x4000511c                FLEXCAN_DRV_ConfigRxMb
 .text.FLEXCAN_DRV_ConfigRxFifo
                0x400051c0       0x40 ./SDK/platform/drivers/src/flexcan/flexcan_driver.o
                0x400051c0                FLEXCAN_DRV_ConfigRxFifo
 .text.FLEXCAN_DRV_Receive
                0x40005200       0x16 ./SDK/platform/drivers/src/flexcan/flexcan_driver.o
                0x40005200                FLEXCAN_DRV_Receive
 *fill*         0x40005216        0x2 
 .text.FLEXCAN_DRV_RxFifo
                0x40005218       0x16 ./SDK/platform/drivers/src/flexcan/flexcan_driver.o
                0x40005218                FLEXCAN_DRV_RxFifo
 *fill*         0x4000522e        0x2 
 .text.FLEXCAN_IRQHandler
                0x40005230      0x2ec ./SDK/platform/drivers/src/flexcan/flexcan_driver.o
                0x40005230                FLEXCAN_IRQHandler
 .text.FLEXCAN_Error_IRQHandler
                0x4000551c       0x46 ./SDK/platform/drivers/src/flexcan/flexcan_driver.o
                0x4000551c                FLEXCAN_Error_IRQHandler
 *fill*         0x40005562        0x2 
 .text.FLEXCAN_WakeUpHandler
                0x40005564       0x90 ./SDK/platform/drivers/src/flexcan/flexcan_driver.o
                0x40005564                FLEXCAN_WakeUpHandler
 .text.FLEXCAN_DRV_InstallEventCallback
                0x400055f4       0x18 ./SDK/platform/drivers/src/flexcan/flexcan_driver.o
                0x400055f4                FLEXCAN_DRV_InstallEventCallback
 .text.FLEXCAN_ComputePayloadSize
                0x4000560c       0x4c ./SDK/platform/drivers/src/flexcan/flexcan_hw_access.o
 .text.FLEXCAN_GetMaxMbNum
                0x40005658       0x30 ./SDK/platform/drivers/src/flexcan/flexcan_hw_access.o
                0x40005658                FLEXCAN_GetMaxMbNum
 .text.FLEXCAN_Enable
                0x40005688       0x24 ./SDK/platform/drivers/src/flexcan/flexcan_hw_access.o
                0x40005688                FLEXCAN_Enable
 .text.FLEXCAN_Disable
                0x400056ac       0x18 ./SDK/platform/drivers/src/flexcan/flexcan_hw_access.o
                0x400056ac                FLEXCAN_Disable
 .text.FLEXCAN_Init
                0x400056c4       0xbe ./SDK/platform/drivers/src/flexcan/flexcan_hw_access.o
                0x400056c4                FLEXCAN_Init
 *fill*         0x40005782        0x2 
 .text.FLEXCAN_EnableRxFifo
                0x40005784       0x6c ./SDK/platform/drivers/src/flexcan/flexcan_hw_access.o
                0x40005784                FLEXCAN_EnableRxFifo
 .text.FLEXCAN_SetRxFifoFilter
                0x400057f0      0x21c ./SDK/platform/drivers/src/flexcan/flexcan_hw_access.o
                0x400057f0                FLEXCAN_SetRxFifoFilter
 .text.FLEXCAN_SetMsgBuffIntCmd
                0x40005a0c       0xd0 ./SDK/platform/drivers/src/flexcan/flexcan_hw_access.o
                0x40005a0c                FLEXCAN_SetMsgBuffIntCmd
 .text.FLEXCAN_ExitFreezeMode
                0x40005adc       0x16 ./SDK/platform/drivers/src/flexcan/flexcan_hw_access.o
                0x40005adc                FLEXCAN_ExitFreezeMode
 *fill*         0x40005af2        0x2 
 .text.FLEXCAN_EnterFreezeMode
                0x40005af4       0x3c ./SDK/platform/drivers/src/flexcan/flexcan_hw_access.o
                0x40005af4                FLEXCAN_EnterFreezeMode
 .text.FLEXCAN_ClearErrIntStatusFlag
                0x40005b30       0x1e ./SDK/platform/drivers/src/flexcan/flexcan_hw_access.o
                0x40005b30                FLEXCAN_ClearErrIntStatusFlag
 *fill*         0x40005b4e        0x2 
 .text.FLEXCAN_ReadRxFifo
                0x40005b50       0x70 ./SDK/platform/drivers/src/flexcan/flexcan_hw_access.o
                0x40005b50                FLEXCAN_ReadRxFifo
 .text.FLEXCAN_SetOperationMode
                0x40005bc0       0x70 ./SDK/platform/drivers/src/flexcan/flexcan_hw_access.o
                0x40005bc0                FLEXCAN_SetOperationMode
 .text.FLEXCAN_SetPayloadSize
                0x40005c30       0x2e ./SDK/platform/drivers/src/flexcan/flexcan_hw_access.o
                0x40005c30                FLEXCAN_SetPayloadSize
 *fill*         0x40005c5e        0x2 
 .text.FLEXCAN_GetPayloadSize
                0x40005c60       0x1e ./SDK/platform/drivers/src/flexcan/flexcan_hw_access.o
                0x40005c60                FLEXCAN_GetPayloadSize
 *fill*         0x40005c7e        0x2 
 .text.FLEXCAN_GetMsgBuffRegion
                0x40005c80       0x50 ./SDK/platform/drivers/src/flexcan/flexcan_hw_access.o
                0x40005c80                FLEXCAN_GetMsgBuffRegion
 .text.FLEXCAN_SetTxMsgBuff
                0x40005cd0      0x1be ./SDK/platform/drivers/src/flexcan/flexcan_hw_access.o
                0x40005cd0                FLEXCAN_SetTxMsgBuff
 *fill*         0x40005e8e        0x2 
 .text.FLEXCAN_SetRxMsgBuff
                0x40005e90       0xe4 ./SDK/platform/drivers/src/flexcan/flexcan_hw_access.o
                0x40005e90                FLEXCAN_SetRxMsgBuff
 .text.FLEXCAN_LockRxMsgBuff
                0x40005f74       0x16 ./SDK/platform/drivers/src/flexcan/flexcan_hw_access.o
                0x40005f74                FLEXCAN_LockRxMsgBuff
 *fill*         0x40005f8a        0x2 
 .text.FLEXCAN_GetMsgBuff
                0x40005f8c       0xaa ./SDK/platform/drivers/src/flexcan/flexcan_hw_access.o
                0x40005f8c                FLEXCAN_GetMsgBuff
 *fill*         0x40006036        0x2 
 .text.FLEXCAN_SetMaxMsgBuffNum
                0x40006038       0xd2 ./SDK/platform/drivers/src/flexcan/flexcan_hw_access.o
                0x40006038                FLEXCAN_SetMaxMsgBuffNum
 *fill*         0x4000610a        0x2 
 .text.CAN0_ORed_IRQHandler
                0x4000610c       0x16 ./SDK/platform/drivers/src/flexcan/flexcan_irq.o
                0x4000610c                CAN0_ORed_IRQHandler
 *fill*         0x40006122        0x2 
 .text.CAN0_Error_IRQHandler
                0x40006124       0x16 ./SDK/platform/drivers/src/flexcan/flexcan_irq.o
                0x40006124                CAN0_Error_IRQHandler
 *fill*         0x4000613a        0x2 
 .text.CAN0_Wake_Up_IRQHandler
                0x4000613c       0x16 ./SDK/platform/drivers/src/flexcan/flexcan_irq.o
                0x4000613c                CAN0_Wake_Up_IRQHandler
 *fill*         0x40006152        0x2 
 .text.CAN0_ORed_00_03_MB_IRQHandler
                0x40006154       0x16 ./SDK/platform/drivers/src/flexcan/flexcan_irq.o
                0x40006154                CAN0_ORed_00_03_MB_IRQHandler
 *fill*         0x4000616a        0x2 
 .text.CAN0_ORed_04_07_MB_IRQHandler
                0x4000616c       0x16 ./SDK/platform/drivers/src/flexcan/flexcan_irq.o
                0x4000616c                CAN0_ORed_04_07_MB_IRQHandler
 *fill*         0x40006182        0x2 
 .text.CAN0_ORed_08_11_MB_IRQHandler
                0x40006184       0x16 ./SDK/platform/drivers/src/flexcan/flexcan_irq.o
                0x40006184                CAN0_ORed_08_11_MB_IRQHandler
 *fill*         0x4000619a        0x2 
 .text.CAN0_ORed_12_15_MB_IRQHandler
                0x4000619c       0x16 ./SDK/platform/drivers/src/flexcan/flexcan_irq.o
                0x4000619c                CAN0_ORed_12_15_MB_IRQHandler
 *fill*         0x400061b2        0x2 
 .text.CAN0_ORed_16_31_MB_IRQHandler
                0x400061b4       0x16 ./SDK/platform/drivers/src/flexcan/flexcan_irq.o
                0x400061b4                CAN0_ORed_16_31_MB_IRQHandler
 *fill*         0x400061ca        0x2 
 .text.CAN0_ORed_32_63_MB_IRQHandler
                0x400061cc       0x16 ./SDK/platform/drivers/src/flexcan/flexcan_irq.o
                0x400061cc                CAN0_ORed_32_63_MB_IRQHandler
 *fill*         0x400061e2        0x2 
 .text.CAN0_ORed_64_95_MB_IRQHandler
                0x400061e4       0x16 ./SDK/platform/drivers/src/flexcan/flexcan_irq.o
                0x400061e4                CAN0_ORed_64_95_MB_IRQHandler
 *fill*         0x400061fa        0x2 
 .text.CAN1_ORed_IRQHandler
                0x400061fc       0x16 ./SDK/platform/drivers/src/flexcan/flexcan_irq.o
                0x400061fc                CAN1_ORed_IRQHandler
 *fill*         0x40006212        0x2 
 .text.CAN1_Error_IRQHandler
                0x40006214       0x16 ./SDK/platform/drivers/src/flexcan/flexcan_irq.o
                0x40006214                CAN1_Error_IRQHandler
 *fill*         0x4000622a        0x2 
 .text.CAN1_ORed_00_03_MB_IRQHandler
                0x4000622c       0x16 ./SDK/platform/drivers/src/flexcan/flexcan_irq.o
                0x4000622c                CAN1_ORed_00_03_MB_IRQHandler
 *fill*         0x40006242        0x2 
 .text.CAN1_ORed_04_07_MB_IRQHandler
                0x40006244       0x16 ./SDK/platform/drivers/src/flexcan/flexcan_irq.o
                0x40006244                CAN1_ORed_04_07_MB_IRQHandler
 *fill*         0x4000625a        0x2 
 .text.CAN1_ORed_08_11_MB_IRQHandler
                0x4000625c       0x16 ./SDK/platform/drivers/src/flexcan/flexcan_irq.o
                0x4000625c                CAN1_ORed_08_11_MB_IRQHandler
 *fill*         0x40006272        0x2 
 .text.CAN1_ORed_12_15_MB_IRQHandler
                0x40006274       0x16 ./SDK/platform/drivers/src/flexcan/flexcan_irq.o
                0x40006274                CAN1_ORed_12_15_MB_IRQHandler
 *fill*         0x4000628a        0x2 
 .text.CAN1_ORed_16_31_MB_IRQHandler
                0x4000628c       0x16 ./SDK/platform/drivers/src/flexcan/flexcan_irq.o
                0x4000628c                CAN1_ORed_16_31_MB_IRQHandler
 *fill*         0x400062a2        0x2 
 .text.CAN1_ORed_32_63_MB_IRQHandler
                0x400062a4       0x16 ./SDK/platform/drivers/src/flexcan/flexcan_irq.o
                0x400062a4                CAN1_ORed_32_63_MB_IRQHandler
 *fill*         0x400062ba        0x2 
 .text.CAN1_ORed_64_95_MB_IRQHandler
                0x400062bc       0x16 ./SDK/platform/drivers/src/flexcan/flexcan_irq.o
                0x400062bc                CAN1_ORed_64_95_MB_IRQHandler
 *fill*         0x400062d2        0x2 
 .text.CAN2_ORed_IRQHandler
                0x400062d4       0x16 ./SDK/platform/drivers/src/flexcan/flexcan_irq.o
                0x400062d4                CAN2_ORed_IRQHandler
 *fill*         0x400062ea        0x2 
 .text.CAN2_Error_IRQHandler
                0x400062ec       0x16 ./SDK/platform/drivers/src/flexcan/flexcan_irq.o
                0x400062ec                CAN2_Error_IRQHandler
 *fill*         0x40006302        0x2 
 .text.CAN2_ORed_00_03_MB_IRQHandler
                0x40006304       0x16 ./SDK/platform/drivers/src/flexcan/flexcan_irq.o
                0x40006304                CAN2_ORed_00_03_MB_IRQHandler
 *fill*         0x4000631a        0x2 
 .text.CAN2_ORed_04_07_MB_IRQHandler
                0x4000631c       0x16 ./SDK/platform/drivers/src/flexcan/flexcan_irq.o
                0x4000631c                CAN2_ORed_04_07_MB_IRQHandler
 *fill*         0x40006332        0x2 
 .text.CAN2_ORed_08_11_MB_IRQHandler
                0x40006334       0x16 ./SDK/platform/drivers/src/flexcan/flexcan_irq.o
                0x40006334                CAN2_ORed_08_11_MB_IRQHandler
 *fill*         0x4000634a        0x2 
 .text.CAN2_ORed_12_15_MB_IRQHandler
                0x4000634c       0x16 ./SDK/platform/drivers/src/flexcan/flexcan_irq.o
                0x4000634c                CAN2_ORed_12_15_MB_IRQHandler
 *fill*         0x40006362        0x2 
 .text.CAN2_ORed_16_31_MB_IRQHandler
                0x40006364       0x16 ./SDK/platform/drivers/src/flexcan/flexcan_irq.o
                0x40006364                CAN2_ORed_16_31_MB_IRQHandler
 *fill*         0x4000637a        0x2 
 .text.CAN2_ORed_32_63_MB_IRQHandler
                0x4000637c       0x16 ./SDK/platform/drivers/src/flexcan/flexcan_irq.o
                0x4000637c                CAN2_ORed_32_63_MB_IRQHandler
 *fill*         0x40006392        0x2 
 .text.CAN2_ORed_64_95_MB_IRQHandler
                0x40006394       0x16 ./SDK/platform/drivers/src/flexcan/flexcan_irq.o
                0x40006394                CAN2_ORed_64_95_MB_IRQHandler
 *fill*         0x400063aa        0x2 
 .text.CAN3_ORed_IRQHandler
                0x400063ac       0x16 ./SDK/platform/drivers/src/flexcan/flexcan_irq.o
                0x400063ac                CAN3_ORed_IRQHandler
 *fill*         0x400063c2        0x2 
 .text.CAN3_Error_IRQHandler
                0x400063c4       0x16 ./SDK/platform/drivers/src/flexcan/flexcan_irq.o
                0x400063c4                CAN3_Error_IRQHandler
 *fill*         0x400063da        0x2 
 .text.CAN3_ORed_00_03_MB_IRQHandler
                0x400063dc       0x16 ./SDK/platform/drivers/src/flexcan/flexcan_irq.o
                0x400063dc                CAN3_ORed_00_03_MB_IRQHandler
 *fill*         0x400063f2        0x2 
 .text.CAN3_ORed_04_07_MB_IRQHandler
                0x400063f4       0x16 ./SDK/platform/drivers/src/flexcan/flexcan_irq.o
                0x400063f4                CAN3_ORed_04_07_MB_IRQHandler
 *fill*         0x4000640a        0x2 
 .text.CAN3_ORed_08_11_MB_IRQHandler
                0x4000640c       0x16 ./SDK/platform/drivers/src/flexcan/flexcan_irq.o
                0x4000640c                CAN3_ORed_08_11_MB_IRQHandler
 *fill*         0x40006422        0x2 
 .text.CAN3_ORed_12_15_MB_IRQHandler
                0x40006424       0x16 ./SDK/platform/drivers/src/flexcan/flexcan_irq.o
                0x40006424                CAN3_ORed_12_15_MB_IRQHandler
 *fill*         0x4000643a        0x2 
 .text.CAN3_ORed_16_31_MB_IRQHandler
                0x4000643c       0x16 ./SDK/platform/drivers/src/flexcan/flexcan_irq.o
                0x4000643c                CAN3_ORed_16_31_MB_IRQHandler
 *fill*         0x40006452        0x2 
 .text.CAN3_ORed_32_63_MB_IRQHandler
                0x40006454       0x16 ./SDK/platform/drivers/src/flexcan/flexcan_irq.o
                0x40006454                CAN3_ORed_32_63_MB_IRQHandler
 *fill*         0x4000646a        0x2 
 .text.CAN3_ORed_64_95_MB_IRQHandler
                0x4000646c       0x16 ./SDK/platform/drivers/src/flexcan/flexcan_irq.o
                0x4000646c                CAN3_ORed_64_95_MB_IRQHandler
 *fill*         0x40006482        0x2 
 .text.CAN4_ORed_IRQHandler
                0x40006484       0x16 ./SDK/platform/drivers/src/flexcan/flexcan_irq.o
                0x40006484                CAN4_ORed_IRQHandler
 *fill*         0x4000649a        0x2 
 .text.CAN4_Error_IRQHandler
                0x4000649c       0x16 ./SDK/platform/drivers/src/flexcan/flexcan_irq.o
                0x4000649c                CAN4_Error_IRQHandler
 *fill*         0x400064b2        0x2 
 .text.CAN4_ORed_00_03_MB_IRQHandler
                0x400064b4       0x16 ./SDK/platform/drivers/src/flexcan/flexcan_irq.o
                0x400064b4                CAN4_ORed_00_03_MB_IRQHandler
 *fill*         0x400064ca        0x2 
 .text.CAN4_ORed_04_07_MB_IRQHandler
                0x400064cc       0x16 ./SDK/platform/drivers/src/flexcan/flexcan_irq.o
                0x400064cc                CAN4_ORed_04_07_MB_IRQHandler
 *fill*         0x400064e2        0x2 
 .text.CAN4_ORed_08_11_MB_IRQHandler
                0x400064e4       0x16 ./SDK/platform/drivers/src/flexcan/flexcan_irq.o
                0x400064e4                CAN4_ORed_08_11_MB_IRQHandler
 *fill*         0x400064fa        0x2 
 .text.CAN4_ORed_12_15_MB_IRQHandler
                0x400064fc       0x16 ./SDK/platform/drivers/src/flexcan/flexcan_irq.o
                0x400064fc                CAN4_ORed_12_15_MB_IRQHandler
 *fill*         0x40006512        0x2 
 .text.CAN4_ORed_16_31_MB_IRQHandler
                0x40006514       0x16 ./SDK/platform/drivers/src/flexcan/flexcan_irq.o
                0x40006514                CAN4_ORed_16_31_MB_IRQHandler
 *fill*         0x4000652a        0x2 
 .text.CAN4_ORed_32_63_MB_IRQHandler
                0x4000652c       0x16 ./SDK/platform/drivers/src/flexcan/flexcan_irq.o
                0x4000652c                CAN4_ORed_32_63_MB_IRQHandler
 *fill*         0x40006542        0x2 
 .text.CAN4_ORed_64_95_MB_IRQHandler
                0x40006544       0x16 ./SDK/platform/drivers/src/flexcan/flexcan_irq.o
                0x40006544                CAN4_ORed_64_95_MB_IRQHandler
 *fill*         0x4000655a        0x2 
 .text.CAN5_ORed_IRQHandler
                0x4000655c       0x16 ./SDK/platform/drivers/src/flexcan/flexcan_irq.o
                0x4000655c                CAN5_ORed_IRQHandler
 *fill*         0x40006572        0x2 
 .text.CAN5_Error_IRQHandler
                0x40006574       0x16 ./SDK/platform/drivers/src/flexcan/flexcan_irq.o
                0x40006574                CAN5_Error_IRQHandler
 *fill*         0x4000658a        0x2 
 .text.CAN5_ORed_00_03_MB_IRQHandler
                0x4000658c       0x16 ./SDK/platform/drivers/src/flexcan/flexcan_irq.o
                0x4000658c                CAN5_ORed_00_03_MB_IRQHandler
 *fill*         0x400065a2        0x2 
 .text.CAN5_ORed_04_07_MB_IRQHandler
                0x400065a4       0x16 ./SDK/platform/drivers/src/flexcan/flexcan_irq.o
                0x400065a4                CAN5_ORed_04_07_MB_IRQHandler
 *fill*         0x400065ba        0x2 
 .text.CAN5_ORed_08_11_MB_IRQHandler
                0x400065bc       0x16 ./SDK/platform/drivers/src/flexcan/flexcan_irq.o
                0x400065bc                CAN5_ORed_08_11_MB_IRQHandler
 *fill*         0x400065d2        0x2 
 .text.CAN5_ORed_12_15_MB_IRQHandler
                0x400065d4       0x16 ./SDK/platform/drivers/src/flexcan/flexcan_irq.o
                0x400065d4                CAN5_ORed_12_15_MB_IRQHandler
 *fill*         0x400065ea        0x2 
 .text.CAN5_ORed_16_31_MB_IRQHandler
                0x400065ec       0x16 ./SDK/platform/drivers/src/flexcan/flexcan_irq.o
                0x400065ec                CAN5_ORed_16_31_MB_IRQHandler
 *fill*         0x40006602        0x2 
 .text.CAN5_ORed_32_63_MB_IRQHandler
                0x40006604       0x16 ./SDK/platform/drivers/src/flexcan/flexcan_irq.o
                0x40006604                CAN5_ORed_32_63_MB_IRQHandler
 *fill*         0x4000661a        0x2 
 .text.CAN5_ORed_64_95_MB_IRQHandler
                0x4000661c       0x16 ./SDK/platform/drivers/src/flexcan/flexcan_irq.o
                0x4000661c                CAN5_ORed_64_95_MB_IRQHandler
 *fill*         0x40006632        0x2 
 .text.CAN6_ORed_IRQHandler
                0x40006634       0x16 ./SDK/platform/drivers/src/flexcan/flexcan_irq.o
                0x40006634                CAN6_ORed_IRQHandler
 *fill*         0x4000664a        0x2 
 .text.CAN6_Error_IRQHandler
                0x4000664c       0x16 ./SDK/platform/drivers/src/flexcan/flexcan_irq.o
                0x4000664c                CAN6_Error_IRQHandler
 *fill*         0x40006662        0x2 
 .text.CAN6_ORed_00_03_MB_IRQHandler
                0x40006664       0x16 ./SDK/platform/drivers/src/flexcan/flexcan_irq.o
                0x40006664                CAN6_ORed_00_03_MB_IRQHandler
 *fill*         0x4000667a        0x2 
 .text.CAN6_ORed_04_07_MB_IRQHandler
                0x4000667c       0x16 ./SDK/platform/drivers/src/flexcan/flexcan_irq.o
                0x4000667c                CAN6_ORed_04_07_MB_IRQHandler
 *fill*         0x40006692        0x2 
 .text.CAN6_ORed_08_11_MB_IRQHandler
                0x40006694       0x16 ./SDK/platform/drivers/src/flexcan/flexcan_irq.o
                0x40006694                CAN6_ORed_08_11_MB_IRQHandler
 *fill*         0x400066aa        0x2 
 .text.CAN6_ORed_12_15_MB_IRQHandler
                0x400066ac       0x16 ./SDK/platform/drivers/src/flexcan/flexcan_irq.o
                0x400066ac                CAN6_ORed_12_15_MB_IRQHandler
 *fill*         0x400066c2        0x2 
 .text.CAN6_ORed_16_31_MB_IRQHandler
                0x400066c4       0x16 ./SDK/platform/drivers/src/flexcan/flexcan_irq.o
                0x400066c4                CAN6_ORed_16_31_MB_IRQHandler
 *fill*         0x400066da        0x2 
 .text.CAN6_ORed_32_63_MB_IRQHandler
                0x400066dc       0x16 ./SDK/platform/drivers/src/flexcan/flexcan_irq.o
                0x400066dc                CAN6_ORed_32_63_MB_IRQHandler
 *fill*         0x400066f2        0x2 
 .text.CAN6_ORed_64_95_MB_IRQHandler
                0x400066f4       0x16 ./SDK/platform/drivers/src/flexcan/flexcan_irq.o
                0x400066f4                CAN6_ORed_64_95_MB_IRQHandler
 *fill*         0x4000670a        0x2 
 .text.CAN7_ORed_IRQHandler
                0x4000670c       0x16 ./SDK/platform/drivers/src/flexcan/flexcan_irq.o
                0x4000670c                CAN7_ORed_IRQHandler
 *fill*         0x40006722        0x2 
 .text.CAN7_Error_IRQHandler
                0x40006724       0x16 ./SDK/platform/drivers/src/flexcan/flexcan_irq.o
                0x40006724                CAN7_Error_IRQHandler
 *fill*         0x4000673a        0x2 
 .text.CAN7_ORed_00_03_MB_IRQHandler
                0x4000673c       0x16 ./SDK/platform/drivers/src/flexcan/flexcan_irq.o
                0x4000673c                CAN7_ORed_00_03_MB_IRQHandler
 *fill*         0x40006752        0x2 
 .text.CAN7_ORed_04_07_MB_IRQHandler
                0x40006754       0x16 ./SDK/platform/drivers/src/flexcan/flexcan_irq.o
                0x40006754                CAN7_ORed_04_07_MB_IRQHandler
 *fill*         0x4000676a        0x2 
 .text.CAN7_ORed_08_11_MB_IRQHandler
                0x4000676c       0x16 ./SDK/platform/drivers/src/flexcan/flexcan_irq.o
                0x4000676c                CAN7_ORed_08_11_MB_IRQHandler
 *fill*         0x40006782        0x2 
 .text.CAN7_ORed_12_15_MB_IRQHandler
                0x40006784       0x16 ./SDK/platform/drivers/src/flexcan/flexcan_irq.o
                0x40006784                CAN7_ORed_12_15_MB_IRQHandler
 *fill*         0x4000679a        0x2 
 .text.CAN7_ORed_16_31_MB_IRQHandler
                0x4000679c       0x16 ./SDK/platform/drivers/src/flexcan/flexcan_irq.o
                0x4000679c                CAN7_ORed_16_31_MB_IRQHandler
 *fill*         0x400067b2        0x2 
 .text.CAN7_ORed_32_63_MB_IRQHandler
                0x400067b4       0x16 ./SDK/platform/drivers/src/flexcan/flexcan_irq.o
                0x400067b4                CAN7_ORed_32_63_MB_IRQHandler
 *fill*         0x400067ca        0x2 
 .text.CAN7_ORed_64_95_MB_IRQHandler
                0x400067cc       0x16 ./SDK/platform/drivers/src/flexcan/flexcan_irq.o
                0x400067cc                CAN7_ORed_64_95_MB_IRQHandler
 *fill*         0x400067e2        0x2 
 .text.INT_SYS_EnableIRQ
                0x400067e4       0x2e ./SDK/platform/drivers/src/interrupt/interrupt_manager_MPC57xx.o
                0x400067e4                INT_SYS_EnableIRQ
 *fill*         0x40006812        0x2 
 .text.INT_SYS_EnableIRQGlobal
                0x40006814       0x26 ./SDK/platform/drivers/src/interrupt/interrupt_manager_MPC57xx.o
                0x40006814                INT_SYS_EnableIRQGlobal
 *fill*         0x4000683a        0x2 
 .text.INT_SYS_DisableIRQGlobal
                0x4000683c       0x10 ./SDK/platform/drivers/src/interrupt/interrupt_manager_MPC57xx.o
                0x4000683c                INT_SYS_DisableIRQGlobal
 .text.PINS_DRV_Init
                0x4000684c       0x38 ./SDK/platform/drivers/src/pins/siul2/pins_siul2_driver.o
                0x4000684c                PINS_DRV_Init
 .text.PINS_Init
                0x40006884      0x144 ./SDK/platform/drivers/src/pins/siul2/siul2_hw_access.o
                0x40006884                PINS_Init
 .text.CAN_FindFlexCANState
                0x400069c8        0x4 ./SDK/platform/pal/src/can/can_pal.o
 .text.CAN_FlexInternalCallback
                0x400069cc       0xa2 ./SDK/platform/pal/src/can/can_pal.o
 *fill*         0x40006a6e        0x2 
 .text.CAN_Init
                0x40006a70      0x114 ./SDK/platform/pal/src/can/can_pal.o
                0x40006a70                CAN_Init
 .text.CAN_ConfigTxBuff
                0x40006b84       0xa4 ./SDK/platform/pal/src/can/can_pal.o
                0x40006b84                CAN_ConfigTxBuff
 .text.CAN_ConfigRxBuff
                0x40006c28       0xb0 ./SDK/platform/pal/src/can/can_pal.o
                0x40006c28                CAN_ConfigRxBuff
 .text.CAN_Send
                0x40006cd8       0xac ./SDK/platform/pal/src/can/can_pal.o
                0x40006cd8                CAN_Send
 .text.CAN_Receive
                0x40006d84       0x7a ./SDK/platform/pal/src/can/can_pal.o
                0x40006d84                CAN_Receive
 *fill*         0x40006dfe        0x2 
 .text.CAN_InstallEventCallback
                0x40006e00       0x62 ./SDK/platform/pal/src/can/can_pal.o
                0x40006e00                CAN_InstallEventCallback
 *fill*         0x40006e62        0x2 
 .text.OSIF_SemaPost
                0x40006e64       0x3a ./SDK/rtos/osif/osif_baremetal.o
                0x40006e64                OSIF_SemaPost
 *fill*         0x40006e9e        0x2 
 .text.OSIF_SemaCreate
                0x40006ea0       0x28 ./SDK/rtos/osif/osif_baremetal.o
                0x40006ea0                OSIF_SemaCreate
 .text.OSIF_SemaDestroy
                0x40006ec8        0x4 ./SDK/rtos/osif/osif_baremetal.o
                0x40006ec8                OSIF_SemaDestroy
 .text.canRxCallback
                0x40006ecc       0xd2 ./Sources/main.o
                0x40006ecc                canRxCallback
 *fill*         0x40006f9e        0x2 
 .text.main     0x40006fa0       0xf8 ./Sources/main.o
                0x40006fa0                main
 .text.memset   0x40007098       0x1a D:/NXP/S32DS_Power_v2.1/S32DS/build_tools/e200_ewl2/lib/e200z4/fp\libc99.a(memset.o)
                0x40007098                memset
 .text.__fill_mem
                0x400070b2       0xa0 D:/NXP/S32DS_Power_v2.1/S32DS/build_tools/e200_ewl2/lib/e200z4/fp\libc99.a(__filll_mem.o)
                0x400070b2                __fill_mem
 *(.init)
 *fill*         0x40007152        0x2 
 .init          0x40007154        0xc d:/nxp/s32ds_power_v2.1/s32ds/build_tools/powerpc-eabivle-4_9/bin/../lib/gcc/powerpc-eabivle/4.9.4/e200z4/fp/ecrti.o
                0x40007154                __init
 .init          0x40007160        0x4 d:/nxp/s32ds_power_v2.1/s32ds/build_tools/powerpc-eabivle-4_9/bin/../lib/gcc/powerpc-eabivle/4.9.4/e200z4/fp/crtbegin.o
 .init          0x40007164        0x4 d:/nxp/s32ds_power_v2.1/s32ds/build_tools/powerpc-eabivle-4_9/bin/../lib/gcc/powerpc-eabivle/4.9.4/e200z4/fp/crtend.o
 .init          0x40007168        0xa d:/nxp/s32ds_power_v2.1/s32ds/build_tools/powerpc-eabivle-4_9/bin/../lib/gcc/powerpc-eabivle/4.9.4/e200z4/fp/ecrtn.o
 *(.fini)
 *fill*         0x40007172        0x2 
 .fini          0x40007174        0xc d:/nxp/s32ds_power_v2.1/s32ds/build_tools/powerpc-eabivle-4_9/bin/../lib/gcc/powerpc-eabivle/4.9.4/e200z4/fp/ecrti.o
                0x40007174                __fini
 .fini          0x40007180        0x4 d:/nxp/s32ds_power_v2.1/s32ds/build_tools/powerpc-eabivle-4_9/bin/../lib/gcc/powerpc-eabivle/4.9.4/e200z4/fp/crtbegin.o
 .fini          0x40007184        0xa d:/nxp/s32ds_power_v2.1/s32ds/build_tools/powerpc-eabivle-4_9/bin/../lib/gcc/powerpc-eabivle/4.9.4/e200z4/fp/ecrtn.o
 *(.rchw)
 *(.cpu0_reset_vector)
 *(.cpu1_reset_vector)
 *(.cpu2_reset_vector)
                0x40007190                . = ALIGN (0x10)
 *fill*         0x4000718e        0x2 

.glink          0x40007190        0x0
 .glink         0x40007190        0x0 d:/nxp/s32ds_power_v2.1/s32ds/build_tools/powerpc-eabivle-4_9/bin/../lib/gcc/powerpc-eabivle/4.9.4/e200z4/fp/crtbegin.o

.sdata2         0x40007190        0x8
                0x40007190                . = ALIGN (0x4)
                0x40007190                __sdata2_start__ = .
 *(.sdata2)
 .sdata2        0x40007190        0x0 d:/nxp/s32ds_power_v2.1/s32ds/build_tools/powerpc-eabivle-4_9/bin/../lib/gcc/powerpc-eabivle/4.9.4/e200z4/fp/ecrti.o
                0x40007190                __SDATA2_START__
 .sdata2        0x40007190        0x0 d:/nxp/s32ds_power_v2.1/s32ds/build_tools/powerpc-eabivle-4_9/bin/../lib/gcc/powerpc-eabivle/4.9.4/e200z4/fp/crtbegin.o
                0x4000f190                _SDA2_BASE_
 *(.sdata2.*)
 .sdata2.can_pal1_instance
                0x40007190        0x8 ./Generated_Code/can_pal1.o
                0x40007190                can_pal1_instance
                0x40007198                . = ALIGN (0x4)
                0x40007198                __sdata2_end__ = .

.preinit_array  0x40007198        0x0
                [!provide]                PROVIDE (__preinit_array_start, .)
 *(.preinit_array)
                [!provide]                PROVIDE (__preinit_array_end, .)

.init_array     0x40007198        0x0
                [!provide]                PROVIDE (__init_array_start, .)
 *(SORT(.init_array.*))
 *(.init_array)
                [!provide]                PROVIDE (__init_array_end, .)

.fini_array     0x40007198        0x0
                [!provide]                PROVIDE (__fini_array_start, .)
 *(SORT(.fini_array.*))
 *(.fini_array)
                [!provide]                PROVIDE (__fini_array_end, .)

.dtors          0x40007198        0x8
 *crtbegin.o(.dtors)
 .dtors         0x40007198        0x4 d:/nxp/s32ds_power_v2.1/s32ds/build_tools/powerpc-eabivle-4_9/bin/../lib/gcc/powerpc-eabivle/4.9.4/e200z4/fp/crtbegin.o
 *crtbegin?.o(.dtors)
 *(EXCLUDE_FILE(*crtend?.o *crtend.o) .dtors)
 .dtors         0x4000719c        0x0 d:/nxp/s32ds_power_v2.1/s32ds/build_tools/powerpc-eabivle-4_9/bin/../lib/gcc/powerpc-eabivle/4.9.4/e200z4/fp/ecrti.o
                0x4000719c                __DTOR_LIST__
 .dtors         0x4000719c        0x0 d:/nxp/s32ds_power_v2.1/s32ds/build_tools/powerpc-eabivle-4_9/bin/../lib/gcc/powerpc-eabivle/4.9.4/e200z4/fp/ecrtn.o
 *(SORT(.dtors.*))
 *(.dtors)
 .dtors         0x4000719c        0x4 d:/nxp/s32ds_power_v2.1/s32ds/build_tools/powerpc-eabivle-4_9/bin/../lib/gcc/powerpc-eabivle/4.9.4/e200z4/fp/crtend.o
                0x4000719c                __DTOR_END__

.ctors          0x400071a0        0x8
 *crtbegin.o(.ctors)
 .ctors         0x400071a0        0x4 d:/nxp/s32ds_power_v2.1/s32ds/build_tools/powerpc-eabivle-4_9/bin/../lib/gcc/powerpc-eabivle/4.9.4/e200z4/fp/crtbegin.o
 *crtbegin?.o(.ctors)
 *(EXCLUDE_FILE(*crtend?.o *crtend.o) .ctors)
 .ctors         0x400071a4        0x0 d:/nxp/s32ds_power_v2.1/s32ds/build_tools/powerpc-eabivle-4_9/bin/../lib/gcc/powerpc-eabivle/4.9.4/e200z4/fp/ecrti.o
                0x400071a4                __CTOR_LIST__
 .ctors         0x400071a4        0x0 d:/nxp/s32ds_power_v2.1/s32ds/build_tools/powerpc-eabivle-4_9/bin/../lib/gcc/powerpc-eabivle/4.9.4/e200z4/fp/ecrtn.o
                0x400071a4                __CTOR_END__
 *(SORT(.ctors.*))
 *(.ctors)
 .ctors         0x400071a4        0x4 d:/nxp/s32ds_power_v2.1/s32ds/build_tools/powerpc-eabivle-4_9/bin/../lib/gcc/powerpc-eabivle/4.9.4/e200z4/fp/crtend.o
                0x00000000                __CODE_ROM = 0x0
                0x00000000                __CODE_END = 0x0

.code_ram       0x400071a8        0x0
                0x400071a8                . = ALIGN (0x4)
                0x400071a8                __CODE_RAM = .
                0x400071a8                __code_ram_start__ = .
 *(.code_ram)
                0x400071a8                __code_ram_end__ = .
                0x400071a8                . = ALIGN (0x4)

.rodata         0x400071a8      0x485
 *(.rodata)
 .rodata        0x400071a8       0x10 ./SDK/platform/drivers/src/flexcan/flexcan_driver.o
 *(.rodata.*)
 .rodata.can_pal1_Config0
                0x400071b8       0x44 ./Generated_Code/can_pal1.o
                0x400071b8                can_pal1_Config0
 .rodata.s_vectors
                0x400071fc        0xc ./SDK/platform/devices/startup.o
 .rodata.CLOCK_DRV_Init
                0x40007208       0xe8 ./SDK/platform/drivers/src/clock/MPC57xx/clock_MPC57xx.o
 .rodata.clockNameMappings
                0x400072f0      0x10a ./SDK/platform/drivers/src/clock/MPC57xx/clock_MPC57xx.o
                0x400072f0                clockNameMappings
 *fill*         0x400073fa        0x2 
 .rodata.EDMA_DRV_ConfigSingleBlockTransfer
                0x400073fc       0x10 ./SDK/platform/drivers/src/edma/edma_driver.o
 .rodata.g_flexcanBusOffIrqId
                0x4000740c       0x20 ./SDK/platform/drivers/src/flexcan/flexcan_driver.o
 .rodata.g_flexcanErrorIrqId
                0x4000742c       0x20 ./SDK/platform/drivers/src/flexcan/flexcan_driver.o
 .rodata.g_flexcanOredMessageBufferIrqId
                0x4000744c       0xe0 ./SDK/platform/drivers/src/flexcan/flexcan_driver.o
 .rodata.g_flexcanBase
                0x4000752c       0x20 ./SDK/platform/drivers/src/flexcan/flexcan_driver.o
 .rodata.g_flexcanWakeUpIrqId
                0x4000754c       0x20 ./SDK/platform/drivers/src/flexcan/flexcan_driver.o
 .rodata.FLEXCAN_ComputePayloadSize
                0x4000756c       0x1c ./SDK/platform/drivers/src/flexcan/flexcan_hw_access.o
 .rodata.FLEXCAN_SetRxFifoFilter
                0x40007588       0x10 ./SDK/platform/drivers/src/flexcan/flexcan_hw_access.o
 .rodata.FLEXCAN_SetOperationMode
                0x40007598       0x14 ./SDK/platform/drivers/src/flexcan/flexcan_hw_access.o
 .rodata.flexcanBase.5511
                0x400075ac       0x20 ./SDK/platform/drivers/src/flexcan/flexcan_hw_access.o
 .rodata.maxMbNum.5512
                0x400075cc       0x20 ./SDK/platform/drivers/src/flexcan/flexcan_hw_access.o
 .rodata.payload_code.5492
                0x400075ec       0x41 ./SDK/platform/drivers/src/flexcan/flexcan_hw_access.o

.sbss2          0x4000762d        0x0
 .sbss2         0x4000762d        0x0 d:/nxp/s32ds_power_v2.1/s32ds/build_tools/powerpc-eabivle-4_9/bin/../lib/gcc/powerpc-eabivle/4.9.4/e200z4/fp/ecrtn.o

.eh_frame_hdr   0x40007630       0x14
 *(.eh_frame_hdr)
 .eh_frame_hdr  0x40007630       0x14 d:/nxp/s32ds_power_v2.1/s32ds/build_tools/powerpc-eabivle-4_9/bin/../lib/gcc/powerpc-eabivle/4.9.4/e200z4/fp\libgcc.a(e200crtresxgpr.o)
                0x40007630                __GNU_EH_FRAME_HDR

.eh_frame       0x40007644       0x84
 *(.eh_frame)
 .eh_frame      0x40007644        0x0 d:/nxp/s32ds_power_v2.1/s32ds/build_tools/powerpc-eabivle-4_9/bin/../lib/gcc/powerpc-eabivle/4.9.4/e200z4/fp/ecrti.o
                0x40007644                __EH_FRAME_BEGIN__
 .eh_frame      0x40007644        0x0 d:/nxp/s32ds_power_v2.1/s32ds/build_tools/powerpc-eabivle-4_9/bin/../lib/gcc/powerpc-eabivle/4.9.4/e200z4/fp/crtbegin.o
 .eh_frame      0x40007644        0x0 d:/nxp/s32ds_power_v2.1/s32ds/build_tools/powerpc-eabivle-4_9/bin/../lib/gcc/powerpc-eabivle/4.9.4/e200z4/fp/crtbegin.o
 .eh_frame      0x40007644       0x7c d:/nxp/s32ds_power_v2.1/s32ds/build_tools/powerpc-eabivle-4_9/bin/../lib/gcc/powerpc-eabivle/4.9.4/e200z4/fp\libgcc.a(e200crtresxgpr.o)
 .eh_frame      0x400076c0        0x4 d:/nxp/s32ds_power_v2.1/s32ds/build_tools/powerpc-eabivle-4_9/bin/../lib/gcc/powerpc-eabivle/4.9.4/e200z4/fp/crtend.o
 .eh_frame      0x400076c4        0x4 d:/nxp/s32ds_power_v2.1/s32ds/build_tools/powerpc-eabivle-4_9/bin/../lib/gcc/powerpc-eabivle/4.9.4/e200z4/fp/ecrtn.o
                0x400076c4                __EH_FRAME_END__

.init_table     0x400076c8       0x40
                0x400076c8                . = ALIGN (0x4)
                0x400076c8                __COPY_TABLE = .
 *(.init_table)
 .init_table    0x400076c8       0x40 ./Project_Settings/Startup_Code/startup_MPC5748G.o

.zero_table     0x40007708       0x14
                0x40007708                . = ALIGN (0x4)
                0x40007708                __ZERO_TABLE = .
 *(.zero_table)
 .zero_table    0x40007708       0x14 ./Project_Settings/Startup_Code/startup_MPC5748G.o
                0x4000771c                __TEXT_END = .
                0x00000000                __DATA_ROM = 0x0
                0x00000000                __DATA_END = 0x0

.rela.dyn       0x4000771c        0x0
 .rela.iplt     0x4000771c        0x0 d:/nxp/s32ds_power_v2.1/s32ds/build_tools/powerpc-eabivle-4_9/bin/../lib/gcc/powerpc-eabivle/4.9.4/e200z4/fp/crtbegin.o
 .rela.text     0x4000771c        0x0 d:/nxp/s32ds_power_v2.1/s32ds/build_tools/powerpc-eabivle-4_9/bin/../lib/gcc/powerpc-eabivle/4.9.4/e200z4/fp/crtbegin.o
 .rela.init_table
                0x4000771c        0x0 d:/nxp/s32ds_power_v2.1/s32ds/build_tools/powerpc-eabivle-4_9/bin/../lib/gcc/powerpc-eabivle/4.9.4/e200z4/fp/crtbegin.o
 .rela.zero_table
                0x4000771c        0x0 d:/nxp/s32ds_power_v2.1/s32ds/build_tools/powerpc-eabivle-4_9/bin/../lib/gcc/powerpc-eabivle/4.9.4/e200z4/fp/crtbegin.o
 .rela.cpu0_reset_vector
                0x4000771c        0x0 d:/nxp/s32ds_power_v2.1/s32ds/build_tools/powerpc-eabivle-4_9/bin/../lib/gcc/powerpc-eabivle/4.9.4/e200z4/fp/crtbegin.o
 .rela.intc_vector_table
                0x4000771c        0x0 d:/nxp/s32ds_power_v2.1/s32ds/build_tools/powerpc-eabivle-4_9/bin/../lib/gcc/powerpc-eabivle/4.9.4/e200z4/fp/crtbegin.o
 .rela.text.init_data_bss
                0x4000771c        0x0 d:/nxp/s32ds_power_v2.1/s32ds/build_tools/powerpc-eabivle-4_9/bin/../lib/gcc/powerpc-eabivle/4.9.4/e200z4/fp/crtbegin.o
 .rela.text.INT_SYS_InstallHandler
                0x4000771c        0x0 d:/nxp/s32ds_power_v2.1/s32ds/build_tools/powerpc-eabivle-4_9/bin/../lib/gcc/powerpc-eabivle/4.9.4/e200z4/fp/crtbegin.o
 .rela.got2     0x4000771c        0x0 d:/nxp/s32ds_power_v2.1/s32ds/build_tools/powerpc-eabivle-4_9/bin/../lib/gcc/powerpc-eabivle/4.9.4/e200z4/fp/crtbegin.o

.data           0x4000771c      0x420
                0x4000771c                . = ALIGN (0x4)
                0x4000771c                __DATA_RAM = .
                0x4000771c                __data_start__ = .
 *(.data)
 .data          0x4000771c        0x4 d:/nxp/s32ds_power_v2.1/s32ds/build_tools/powerpc-eabivle-4_9/bin/../lib/gcc/powerpc-eabivle/4.9.4/e200z4/fp\libgcc.a(eabivle.o)
 *(.data.*)
 .data.peripheralClockMcMeConfig0
                0x40007720       0xc0 ./Generated_Code/clockMan1.o
                0x40007720                peripheralClockMcMeConfig0
 .data.clockMan1_InitConfig0
                0x400077e0      0x248 ./Generated_Code/clockMan1.o
                0x400077e0                clockMan1_InitConfig0
 .data.g_pin_mux_InitConfigArr
                0x40007a28      0x108 ./Generated_Code/pin_mux.o
                0x40007a28                g_pin_mux_InitConfigArr
 .data.extBuffCfg
                0x40007b30        0xc ./Sources/main.o
                0x40007b30                extBuffCfg
                0x40007b3c                . = ALIGN (0x4)
                0x40007b3c                __data_end__ = .
                0x00000000                __SDATA_ROM = 0x0
                0x00000000                __SDATA_END = 0x0

.jcr            0x40007b3c        0x0
 .jcr           0x40007b3c        0x0 d:/nxp/s32ds_power_v2.1/s32ds/build_tools/powerpc-eabivle-4_9/bin/../lib/gcc/powerpc-eabivle/4.9.4/e200z4/fp/crtbegin.o

.tm_clone_table
                0x40007b3c        0x0
 .tm_clone_table
                0x40007b3c        0x0 d:/nxp/s32ds_power_v2.1/s32ds/build_tools/powerpc-eabivle-4_9/bin/../lib/gcc/powerpc-eabivle/4.9.4/e200z4/fp/crtbegin.o
 .tm_clone_table
                0x40007b3c        0x0 d:/nxp/s32ds_power_v2.1/s32ds/build_tools/powerpc-eabivle-4_9/bin/../lib/gcc/powerpc-eabivle/4.9.4/e200z4/fp/crtend.o

.got2           0x40007b3c       0x1c
 .got2          0x40007b3c       0x1c d:/nxp/s32ds_power_v2.1/s32ds/build_tools/powerpc-eabivle-4_9/bin/../lib/gcc/powerpc-eabivle/4.9.4/e200z4/fp\libgcc.a(eabivle.o)

.sdata          0x40007b58        0xc
                0x40007b58                . = ALIGN (0x4)
                0x40007b58                __SDATA_RAM = .
                0x40007b58                __sdata_start__ = .
 *(.sdata)
 .sdata         0x40007b58        0x0 d:/nxp/s32ds_power_v2.1/s32ds/build_tools/powerpc-eabivle-4_9/bin/../lib/gcc/powerpc-eabivle/4.9.4/e200z4/fp/ecrti.o
                0x40007b58                __SDATA_START__
 .sdata         0x40007b58        0x0 d:/nxp/s32ds_power_v2.1/s32ds/build_tools/powerpc-eabivle-4_9/bin/../lib/gcc/powerpc-eabivle/4.9.4/e200z4/fp/crtbegin.o
                0x4000fb58                _SDA_BASE_
 *(.sdata.*)
 .sdata.g_clockManConfigsArr
                0x40007b58        0x4 ./Generated_Code/clockMan1.o
                0x40007b58                g_clockManConfigsArr
 .sdata.g_xtal0ClkFreq
                0x40007b5c        0x4 ./SDK/platform/drivers/src/clock/MPC57xx/clock_MPC57xx.o
                0x40007b5c                g_xtal0ClkFreq
 .sdata.g_xtal1ClkFreq
                0x40007b60        0x4 ./SDK/platform/drivers/src/clock/MPC57xx/clock_MPC57xx.o
                0x40007b60                g_xtal1ClkFreq
                0x40007b64                . = ALIGN (0x4)
                0x40007b64                __sdata_end__ = .

.sbss           0x40007b64       0x50
                0x40007b64                . = ALIGN (0x4)
                0x40007b64                __SBSS_START = .
                0x40007b64                __sbss_start__ = .
 *(.sbss)
 .sbss          0x40007b64        0x0 d:/nxp/s32ds_power_v2.1/s32ds/build_tools/powerpc-eabivle-4_9/bin/../lib/gcc/powerpc-eabivle/4.9.4/e200z4/fp/ecrtn.o
                0x40007b64                __SBSS_END__
 *(.sbss.*)
 .sbss.g_clockManCallbacksArr
                0x40007b64        0x4 ./Generated_Code/clockMan1.o
                0x40007b64                g_clockManCallbacksArr
 .sbss.g_pllPhi1ClkFreq
                0x40007b68        0x4 ./SDK/platform/drivers/src/clock/MPC57xx/clock_MPC57xx.o
 .sbss.g_enetRmiiClkFreq
                0x40007b6c        0x4 ./SDK/platform/drivers/src/clock/MPC57xx/clock_MPC57xx.o
 .sbss.g_fircClkUndividedFreq
                0x40007b70        0x4 ./SDK/platform/drivers/src/clock/MPC57xx/clock_MPC57xx.o
 .sbss.g_sircClkUndividedFreq
                0x40007b74        0x4 ./SDK/platform/drivers/src/clock/MPC57xx/clock_MPC57xx.o
 .sbss.g_fircClkFreq
                0x40007b78        0x4 ./SDK/platform/drivers/src/clock/MPC57xx/clock_MPC57xx.o
 .sbss.g_sxoscClkFreq
                0x40007b7c        0x4 ./SDK/platform/drivers/src/clock/MPC57xx/clock_MPC57xx.o
 .sbss.g_pllPhi0ClkFreq
                0x40007b80        0x4 ./SDK/platform/drivers/src/clock/MPC57xx/clock_MPC57xx.o
 .sbss.g_sircClkFreq
                0x40007b84        0x4 ./SDK/platform/drivers/src/clock/MPC57xx/clock_MPC57xx.o
 .sbss.clockSourceFrequenciesAreCalculatedAndCached.6268
                0x40007b88        0x1 ./SDK/platform/drivers/src/clock/MPC57xx/clock_MPC57xx.o
 *fill*         0x40007b89        0x3 
 .sbss.g_sxoscClkUndividedFreq
                0x40007b8c        0x4 ./SDK/platform/drivers/src/clock/MPC57xx/clock_MPC57xx.o
 .sbss.g_fxoscClkUndividedFreq
                0x40007b90        0x4 ./SDK/platform/drivers/src/clock/MPC57xx/clock_MPC57xx.o
 .sbss.g_fxoscClkFreq
                0x40007b94        0x4 ./SDK/platform/drivers/src/clock/MPC57xx/clock_MPC57xx.o
 .sbss.s_virtEdmaState
                0x40007b98        0x4 ./SDK/platform/drivers/src/edma/edma_driver.o
 .sbss.g_interruptDisableCount
                0x40007b9c        0x4 ./SDK/platform/drivers/src/interrupt/interrupt_manager_MPC57xx.o
 .sbss.s_flexcanRxFifoState
                0x40007ba0        0x8 ./SDK/platform/pal/src/can/can_pal.o
 .sbss.s_flexcanStateInstanceMapping
                0x40007ba8        0x4 ./SDK/platform/pal/src/can/can_pal.o
 .sbss.s_flexcanStateIsAllocated
                0x40007bac        0x1 ./SDK/platform/pal/src/can/can_pal.o
 *fill*         0x40007bad        0x3 
 .sbss.userFlexCallbacks
                0x40007bb0        0x4 ./SDK/platform/pal/src/can/can_pal.o
                0x40007bb4                . = ALIGN (0x4)
                0x40007bb4                __sbss_end__ = .
                0x40007bb4                __SBSS_END = .

.bss            0x40007bb4      0x840
                0x40007bb4                . = ALIGN (0x4)
                0x40007bb4                __BSS_START = .
                0x40007bb4                __bss_start__ = .
 *(.bss)
 .bss           0x40007bb4       0x20 d:/nxp/s32ds_power_v2.1/s32ds/build_tools/powerpc-eabivle-4_9/bin/../lib/gcc/powerpc-eabivle/4.9.4/e200z4/fp/crtbegin.o
 *(.bss.*)
 .bss.g_clockState
                0x40007bd4       0x10 ./SDK/platform/drivers/src/clock/MPC57xx/clock_MPC57xx.o
 .bss.g_flexcanStatePtr
                0x40007be4       0x20 ./SDK/platform/drivers/src/flexcan/flexcan_driver.o
 .bss.s_flexcanState
                0x40007c04      0x618 ./SDK/platform/pal/src/can/can_pal.o
 .bss.s_hwObjConfigs
                0x4000821c      0x180 ./SDK/platform/pal/src/can/can_pal.o
 .bss.recvMsg   0x4000839c       0x4c ./Sources/main.o
                0x4000839c                recvMsg
 .bss.stdBuffCfg
                0x400083e8        0xc ./Sources/main.o
                0x400083e8                stdBuffCfg
 *(COMMON)
                0x400083f4                . = ALIGN (0x4)
                0x400083f4                __bss_end__ = .
                0x400083f4                __BSS_END = .

.iplt           0x40008400        0x0
 .iplt          0x40008400        0x0 d:/nxp/s32ds_power_v2.1/s32ds/build_tools/powerpc-eabivle-4_9/bin/../lib/gcc/powerpc-eabivle/4.9.4/e200z4/fp/crtbegin.o

.stack          0x40008400     0x1000
                0x40008400                __HEAP = .
                [!provide]                PROVIDE (_end, .)
                [!provide]                PROVIDE (end, .)
                0x40008400                . = (. + __HEAP_SIZE)
                0x40008400                __HEAP_END = .
                0x40008400                _stack_end = .
                0x40009400                . = (. + __STACK_SIZE)
 *fill*         0x40008400     0x1000 
                0x40009400                . = ALIGN (0x4)
                0x40009400                _stack_addr = .
                0x40009400                __SP_INIT = .
                0x0003849c                __SRAM_SIZE = (SRAM_SIZE - (__sdata_end__ - SRAM_BASE_ADDR))
                0x40007b64                __SRAM_BASE_ADDR = __sdata_end__
                0x00000840                __BSS_SIZE = (__BSS_END - __BSS_START)
OUTPUT(testCAN_Z4_0.elf elf32-powerpc)

.comment        0x00000000       0x9c
 .comment       0x00000000        0xd d:/nxp/s32ds_power_v2.1/s32ds/build_tools/powerpc-eabivle-4_9/bin/../lib/gcc/powerpc-eabivle/4.9.4/e200z4/fp/ecrti.o
                                  0xe (size before relaxing)
 .comment       0x0000000d       0x82 d:/nxp/s32ds_power_v2.1/s32ds/build_tools/powerpc-eabivle-4_9/bin/../lib/gcc/powerpc-eabivle/4.9.4/e200z4/fp/crtbegin.o
                                 0x83 (size before relaxing)
 .comment       0x0000008f       0x83 ./Generated_Code/can_pal1.o
 .comment       0x0000008f       0x83 ./Generated_Code/clockMan1.o
 .comment       0x0000008f       0x83 ./Generated_Code/pin_mux.o
 .comment       0x0000008f       0x83 ./SDK/platform/devices/MPC5748G/startup/system_MPC5748G.o
 .comment       0x0000008f       0x83 ./SDK/platform/devices/startup.o
 .comment       0x0000008f       0x83 ./SDK/platform/drivers/src/clock/MPC57xx/clock_MPC57xx.o
 .comment       0x0000008f       0x83 ./SDK/platform/drivers/src/edma/edma_driver.o
 .comment       0x0000008f       0x83 ./SDK/platform/drivers/src/edma/edma_hw_access.o
 .comment       0x0000008f       0x83 ./SDK/platform/drivers/src/edma/edma_irq.o
 .comment       0x0000008f       0x83 ./SDK/platform/drivers/src/flexcan/flexcan_driver.o
 .comment       0x0000008f       0x83 ./SDK/platform/drivers/src/flexcan/flexcan_hw_access.o
 .comment       0x0000008f       0x83 ./SDK/platform/drivers/src/flexcan/flexcan_irq.o
 .comment       0x0000008f       0x83 ./SDK/platform/drivers/src/interrupt/interrupt_manager_MPC57xx.o
 .comment       0x0000008f       0x83 ./SDK/platform/drivers/src/pins/siul2/pins_siul2_driver.o
 .comment       0x0000008f       0x83 ./SDK/platform/drivers/src/pins/siul2/siul2_hw_access.o
 .comment       0x0000008f       0x83 ./SDK/platform/pal/src/can/can_pal.o
 .comment       0x0000008f       0x83 ./SDK/rtos/osif/osif_baremetal.o
 .comment       0x0000008f       0x83 ./Sources/main.o
 .comment       0x0000008f       0x83 D:/NXP/S32DS_Power_v2.1/S32DS/build_tools/e200_ewl2/lib/e200z4/fp\libc99.a(memset.o)
 .comment       0x0000008f       0x83 D:/NXP/S32DS_Power_v2.1/S32DS/build_tools/e200_ewl2/lib/e200z4/fp\libc99.a(__filll_mem.o)
 .comment       0x0000008f       0x83 d:/nxp/s32ds_power_v2.1/s32ds/build_tools/powerpc-eabivle-4_9/bin/../lib/gcc/powerpc-eabivle/4.9.4/e200z4/fp/crtend.o
 .comment       0x0000008f        0xd d:/nxp/s32ds_power_v2.1/s32ds/build_tools/powerpc-eabivle-4_9/bin/../lib/gcc/powerpc-eabivle/4.9.4/e200z4/fp/ecrtn.o
                                  0xe (size before relaxing)

.PPC.EMB.apuinfo
                0x00000000       0x1c
 .PPC.EMB.apuinfo
                0x00000000       0x18 d:/nxp/s32ds_power_v2.1/s32ds/build_tools/powerpc-eabivle-4_9/bin/../lib/gcc/powerpc-eabivle/4.9.4/e200z4/fp/ecrti.o
 .PPC.EMB.apuinfo
                0x00000018       0x18 d:/nxp/s32ds_power_v2.1/s32ds/build_tools/powerpc-eabivle-4_9/bin/../lib/gcc/powerpc-eabivle/4.9.4/e200z4/fp/crtbegin.o
 .PPC.EMB.apuinfo
                0x00000030       0x1c ./Project_Settings/Startup_Code/core0_intc_sw_handlers.o
 .PPC.EMB.apuinfo
                0x0000004c       0x18 ./Project_Settings/Startup_Code/interrupt_vectors.o
 .PPC.EMB.apuinfo
                0x00000064       0x18 ./Project_Settings/Startup_Code/startup_MPC5748G.o
 .PPC.EMB.apuinfo
                0x0000007c       0x18 ./SDK/platform/devices/MPC5748G/startup/system_MPC5748G.o
 .PPC.EMB.apuinfo
                0x00000094       0x18 ./SDK/platform/devices/startup.o
 .PPC.EMB.apuinfo
                0x000000ac       0x18 ./SDK/platform/drivers/src/clock/MPC57xx/clock_MPC57xx.o
 .PPC.EMB.apuinfo
                0x000000c4       0x18 ./SDK/platform/drivers/src/edma/edma_driver.o
 .PPC.EMB.apuinfo
                0x000000dc       0x18 ./SDK/platform/drivers/src/edma/edma_hw_access.o
 .PPC.EMB.apuinfo
                0x000000f4       0x18 ./SDK/platform/drivers/src/edma/edma_irq.o
 .PPC.EMB.apuinfo
                0x0000010c       0x18 ./SDK/platform/drivers/src/flexcan/flexcan_driver.o
 .PPC.EMB.apuinfo
                0x00000124       0x18 ./SDK/platform/drivers/src/flexcan/flexcan_hw_access.o
 .PPC.EMB.apuinfo
                0x0000013c       0x18 ./SDK/platform/drivers/src/flexcan/flexcan_irq.o
 .PPC.EMB.apuinfo
                0x00000154       0x18 ./SDK/platform/drivers/src/interrupt/interrupt_manager_MPC57xx.o
 .PPC.EMB.apuinfo
                0x0000016c       0x18 ./SDK/platform/drivers/src/pins/siul2/pins_siul2_driver.o
 .PPC.EMB.apuinfo
                0x00000184       0x18 ./SDK/platform/drivers/src/pins/siul2/siul2_hw_access.o
 .PPC.EMB.apuinfo
                0x0000019c       0x18 ./SDK/platform/pal/src/can/can_pal.o
 .PPC.EMB.apuinfo
                0x000001b4       0x18 ./SDK/rtos/osif/osif_baremetal.o
 .PPC.EMB.apuinfo
                0x000001cc       0x18 ./Sources/main.o
 .PPC.EMB.apuinfo
                0x000001e4       0x18 D:/NXP/S32DS_Power_v2.1/S32DS/build_tools/e200_ewl2/lib/e200z4/fp\libc99.a(memset.o)
 .PPC.EMB.apuinfo
                0x000001fc       0x18 D:/NXP/S32DS_Power_v2.1/S32DS/build_tools/e200_ewl2/lib/e200z4/fp\libc99.a(__filll_mem.o)
 .PPC.EMB.apuinfo
                0x00000214       0x18 d:/nxp/s32ds_power_v2.1/s32ds/build_tools/powerpc-eabivle-4_9/bin/../lib/gcc/powerpc-eabivle/4.9.4/e200z4/fp\libgcc.a(e200crtresxgpr.o)
 .PPC.EMB.apuinfo
                0x0000022c       0x18 d:/nxp/s32ds_power_v2.1/s32ds/build_tools/powerpc-eabivle-4_9/bin/../lib/gcc/powerpc-eabivle/4.9.4/e200z4/fp\libgcc.a(eabivle.o)
 .PPC.EMB.apuinfo
                0x00000244       0x18 d:/nxp/s32ds_power_v2.1/s32ds/build_tools/powerpc-eabivle-4_9/bin/../lib/gcc/powerpc-eabivle/4.9.4/e200z4/fp/crtend.o
 .PPC.EMB.apuinfo
                0x0000025c       0x18 d:/nxp/s32ds_power_v2.1/s32ds/build_tools/powerpc-eabivle-4_9/bin/../lib/gcc/powerpc-eabivle/4.9.4/e200z4/fp/ecrtn.o

.debug_info     0x00000000    0x24601
 .debug_info    0x00000000      0xefc ./Generated_Code/can_pal1.o
 .debug_info    0x00000efc     0x2849 ./Generated_Code/clockMan1.o
 .debug_info    0x00003745      0x781 ./Generated_Code/pin_mux.o
 .debug_info    0x00003ec6       0x9b ./Project_Settings/Startup_Code/core0_intc_sw_handlers.o
 .debug_info    0x00003f61       0x96 ./Project_Settings/Startup_Code/interrupt_vectors.o
 .debug_info    0x00003ff7       0x91 ./Project_Settings/Startup_Code/startup_MPC5748G.o
 .debug_info    0x00004088     0x16b3 ./SDK/platform/devices/MPC5748G/startup/system_MPC5748G.o
 .debug_info    0x0000573b      0x397 ./SDK/platform/devices/startup.o
 .debug_info    0x00005ad2     0x6686 ./SDK/platform/drivers/src/clock/MPC57xx/clock_MPC57xx.o
 .debug_info    0x0000c158     0x3c74 ./SDK/platform/drivers/src/edma/edma_driver.o
 .debug_info    0x0000fdcc     0x1369 ./SDK/platform/drivers/src/edma/edma_hw_access.o
 .debug_info    0x00011135      0x94f ./SDK/platform/drivers/src/edma/edma_irq.o
 .debug_info    0x00011a84     0x5f23 ./SDK/platform/drivers/src/flexcan/flexcan_driver.o
 .debug_info    0x000179a7     0x1d37 ./SDK/platform/drivers/src/flexcan/flexcan_hw_access.o
 .debug_info    0x000196de      0xb79 ./SDK/platform/drivers/src/flexcan/flexcan_irq.o
 .debug_info    0x0001a257     0x159a ./SDK/platform/drivers/src/interrupt/interrupt_manager_MPC57xx.o
 .debug_info    0x0001b7f1     0x148b ./SDK/platform/drivers/src/pins/siul2/pins_siul2_driver.o
 .debug_info    0x0001cc7c      0x8b2 ./SDK/platform/drivers/src/pins/siul2/siul2_hw_access.o
 .debug_info    0x0001d52e     0x1d46 ./SDK/platform/pal/src/can/can_pal.o
 .debug_info    0x0001f274     0x1af1 ./SDK/rtos/osif/osif_baremetal.o
 .debug_info    0x00020d65     0x363c ./Sources/main.o
 .debug_info    0x000243a1      0x125 D:/NXP/S32DS_Power_v2.1/S32DS/build_tools/e200_ewl2/lib/e200z4/fp\libc99.a(memset.o)
 .debug_info    0x000244c6      0x13b D:/NXP/S32DS_Power_v2.1/S32DS/build_tools/e200_ewl2/lib/e200z4/fp\libc99.a(__filll_mem.o)

.debug_abbrev   0x00000000     0x2943
 .debug_abbrev  0x00000000       0x87 ./Generated_Code/can_pal1.o
 .debug_abbrev  0x00000087      0x126 ./Generated_Code/clockMan1.o
 .debug_abbrev  0x000001ad      0x10c ./Generated_Code/pin_mux.o
 .debug_abbrev  0x000002b9       0x14 ./Project_Settings/Startup_Code/core0_intc_sw_handlers.o
 .debug_abbrev  0x000002cd       0x14 ./Project_Settings/Startup_Code/interrupt_vectors.o
 .debug_abbrev  0x000002e1       0x12 ./Project_Settings/Startup_Code/startup_MPC5748G.o
 .debug_abbrev  0x000002f3      0x155 ./SDK/platform/devices/MPC5748G/startup/system_MPC5748G.o
 .debug_abbrev  0x00000448      0x133 ./SDK/platform/devices/startup.o
 .debug_abbrev  0x0000057b      0x3b4 ./SDK/platform/drivers/src/clock/MPC57xx/clock_MPC57xx.o
 .debug_abbrev  0x0000092f      0x3a1 ./SDK/platform/drivers/src/edma/edma_driver.o
 .debug_abbrev  0x00000cd0      0x264 ./SDK/platform/drivers/src/edma/edma_hw_access.o
 .debug_abbrev  0x00000f34      0x1a1 ./SDK/platform/drivers/src/edma/edma_irq.o
 .debug_abbrev  0x000010d5      0x44b ./SDK/platform/drivers/src/flexcan/flexcan_driver.o
 .debug_abbrev  0x00001520      0x379 ./SDK/platform/drivers/src/flexcan/flexcan_hw_access.o
 .debug_abbrev  0x00001899       0xb0 ./SDK/platform/drivers/src/flexcan/flexcan_irq.o
 .debug_abbrev  0x00001949      0x250 ./SDK/platform/drivers/src/interrupt/interrupt_manager_MPC57xx.o
 .debug_abbrev  0x00001b99      0x2eb ./SDK/platform/drivers/src/pins/siul2/pins_siul2_driver.o
 .debug_abbrev  0x00001e84      0x1c2 ./SDK/platform/drivers/src/pins/siul2/siul2_hw_access.o
 .debug_abbrev  0x00002046      0x2c2 ./SDK/platform/pal/src/can/can_pal.o
 .debug_abbrev  0x00002308      0x2e9 ./SDK/rtos/osif/osif_baremetal.o
 .debug_abbrev  0x000025f1      0x23b ./Sources/main.o
 .debug_abbrev  0x0000282c       0x98 D:/NXP/S32DS_Power_v2.1/S32DS/build_tools/e200_ewl2/lib/e200z4/fp\libc99.a(memset.o)
 .debug_abbrev  0x000028c4       0x7f D:/NXP/S32DS_Power_v2.1/S32DS/build_tools/e200_ewl2/lib/e200z4/fp\libc99.a(__filll_mem.o)

.debug_aranges  0x00000000      0xcc8
 .debug_aranges
                0x00000000       0x18 ./Generated_Code/can_pal1.o
 .debug_aranges
                0x00000018       0x18 ./Generated_Code/clockMan1.o
 .debug_aranges
                0x00000030       0x18 ./Generated_Code/pin_mux.o
 .debug_aranges
                0x00000048       0x20 ./Project_Settings/Startup_Code/core0_intc_sw_handlers.o
 .debug_aranges
                0x00000068       0x20 ./Project_Settings/Startup_Code/interrupt_vectors.o
 .debug_aranges
                0x00000088       0x28 ./Project_Settings/Startup_Code/startup_MPC5748G.o
 .debug_aranges